 AlgoLib

 Timestamp is 5f715e51 (Sun Sep 27 20:53:53 2020)

 Preferred load address is 10000000

 Start         Length     Name                   Class
 0001:00000000 00010000H .textbss                DATA
 0002:00000000 0000b100H .text$mn                CODE
 0002:0000b100 00001c55H .text$x                 CODE
 0003:00000000 00000104H .CRT$XCA                DATA
 0003:00000104 00000104H .CRT$XCZ                DATA
 0003:00000208 00000104H .CRT$XIA                DATA
 0003:0000030c 00000104H .CRT$XIZ                DATA
 0003:00000410 00000104H .CRT$XPA                DATA
 0003:00000514 00000104H .CRT$XPZ                DATA
 0003:00000618 00000104H .CRT$XTA                DATA
 0003:0000071c 00000104H .CRT$XTZ                DATA
 0003:00000820 00001880H .rdata                  DATA
 0003:000020a0 00000274H .rdata$r                DATA
 0003:00002314 00000160H .rdata$zzzdbg           DATA
 0003:00002474 00000104H .rtc$IAA                DATA
 0003:00002578 00000114H .rtc$IMZ                DATA
 0003:0000268c 00000104H .rtc$IZZ                DATA
 0003:00002790 00000104H .rtc$TAA                DATA
 0003:00002894 00000114H .rtc$TMZ                DATA
 0003:000029a8 00000108H .rtc$TZZ                DATA
 0003:00002ab0 00000d70H .xdata$x                DATA
 0003:00003820 000002e9H .edata                  DATA
 0004:00000000 00000138H .data                   DATA
 0004:00000138 00000198H .data$r                 DATA
 0004:000002d0 00000460H .bss                    DATA
 0005:00000000 000001d4H .idata$5                DATA
 0005:000001d4 00000050H .idata$2                DATA
 0005:00000224 00000014H .idata$3                DATA
 0005:00000238 000001d4H .idata$4                DATA
 0005:0000040c 000006c6H .idata$6                DATA
 0006:00000000 0000013dH .msvcjmc                DATA
 0007:00000000 00000109H .00cfg                  DATA
 0008:00000000 00000170H .rsrc$01                DATA
 0008:00000170 000001b6H .rsrc$02                DATA

  Address         Publics by Value              Rva+Base       Lib:Object

 0000:00000000       ___x64_code_ranges_to_entry_points 00000000     <absolute>
 0000:00000000       ___guard_fids_table        00000000     <absolute>
 0000:00000000       ___hybrid_code_map         00000000     <absolute>
 0000:00000000       ___safe_se_handler_count   00000000     <absolute>
 0000:00000000       ___arm64x_native_entrypoint 00000000     <absolute>
 0000:00000000       ___volatile_metadata       00000000     <absolute>
 0000:00000000       ___guard_iat_table         00000000     <absolute>
 0000:00000000       ___x64_code_ranges_to_entry_points_count 00000000     <absolute>
 0000:00000000       ___hybrid_code_map_count   00000000     <absolute>
 0000:00000000       ___guard_longjmp_table     00000000     <absolute>
 0000:00000000       ___guard_fids_count        00000000     <absolute>
 0000:00000000       ___AbsoluteZero            00000000     <absolute>
 0000:00000000       ___enclave_config          00000000     <absolute>
 0000:00000000       ___guard_eh_cont_count     00000000     <absolute>
 0000:00000000       ___arm64x_redirection_metadata 00000000     <absolute>
 0000:00000000       ___arm64x_redirection_metadata_count 00000000     <absolute>
 0000:00000000       ___arm64x_extra_rfe_table_size 00000000     <absolute>
 0000:00000000       ___hybrid_auxiliary_iat    00000000     <absolute>
 0000:00000000       ___arm64x_extra_rfe_table  00000000     <absolute>
 0000:00000000       ___guard_eh_cont_table     00000000     <absolute>
 0000:00000000       ___guard_longjmp_count     00000000     <absolute>
 0000:00000000       ___guard_iat_count         00000000     <absolute>
 0000:00000000       ___dynamic_value_reloc_table 00000000     <absolute>
 0000:00000000       ___safe_se_handler_table   00000000     <absolute>
 0000:00000100       ___guard_flags             00000100     <absolute>
 0000:00000000       ___ImageBase               10000000     <linker-defined>
 0001:00000000       __enc$textbss$begin        10001000     <linker-defined>
 0001:00010000       __enc$textbss$end          10011000     <linker-defined>
 0002:00000b90       ??4BinarySearch@@QAEAAV0@$$QAV0@@Z 10011b90 f i BinarySearch.obj
 0002:00000bd0       ??4BinarySearch@@QAEAAV0@ABV0@@Z 10011bd0 f i BinarySearch.obj
 0002:00000c10       ?DoSearch@@YAHQAHHHH@Z     10011c10 f   BinarySearch.obj
 0002:00000cf0       ?Search@BinarySearch@@QAEHHPAHH@Z 10011cf0 f   BinarySearch.obj
 0002:00000d80       __JustMyCode_Default       10011d80 f i BinarySearch.obj
 0002:00000d90       _DllMain@12                10011d90 f   dllmain.obj
 0002:00000df0       ??$?0$$V@?$_Compressed_pair@V?$allocator@H@std@@V?$_Vector_val@U?$_Simple_types@H@std@@@2@$00@std@@QAE@U_Zero_then_variadic_args_t@1@@Z 10011df0 f i SelectionSort.obj
 0002:00000ea0       ??$?0H@?$allocator@U_Container_proxy@std@@@std@@QAE@ABV?$allocator@H@1@@Z 10011ea0 f i SelectionSort.obj
 0002:00000f40       ??$?0V?$allocator@H@std@@$$V@?$_Compressed_pair@V?$allocator@H@std@@V?$_Vector_val@U?$_Simple_types@H@std@@@2@$00@std@@QAE@U_One_then_variadic_args_t@1@$$QAV?$allocator@H@1@@Z 10011f40 f i SelectionSort.obj
 0002:00000ff0       ??$_Alloc_proxy@V?$allocator@U_Container_proxy@std@@@std@@@_Container_base12@std@@QAEX$$QAV?$allocator@U_Container_proxy@std@@@1@@Z 10011ff0 f i SelectionSort.obj
 0002:000010a0       ??$_Allocate@$07U_Default_allocate_traits@std@@$0A@@std@@YAPAXI@Z 100120a0 f i SelectionSort.obj
 0002:00001130       ??$_Allocate_manually_vector_aligned@U_Default_allocate_traits@std@@@std@@YAPAXI@Z 10012130 f i SelectionSort.obj
 0002:00001270       ??$_Construct_in_place@U_Container_proxy@std@@PAU_Container_base12@2@@std@@YAXAAU_Container_proxy@0@$$QAPAU_Container_base12@0@@Z 10012270 f i SelectionSort.obj
 0002:00001340       ??$_Copy_memmove@PAHPAH@std@@YAPAHPAH00@Z 10012340 f i SelectionSort.obj
 0002:000013d0       ??$_Deallocate@$07$0A@@std@@YAXPAXI@Z 100123d0 f i SelectionSort.obj
 0002:00001490       ??$_Deallocate_plain@V?$allocator@U_Container_proxy@std@@@std@@@std@@YAXAAV?$allocator@U_Container_proxy@std@@@0@QAU_Container_proxy@0@@Z 10012490 f i SelectionSort.obj
 0002:00001530       ??$_Delete_plain_internal@V?$allocator@U_Container_proxy@std@@@std@@@std@@YAXAAV?$allocator@U_Container_proxy@std@@@0@QAU_Container_proxy@0@@Z 10012530 f i SelectionSort.obj
 0002:000015d0       ??$_Destroy_range@V?$allocator@H@std@@@std@@YAXPAHQAHAAV?$allocator@H@0@@Z 100125d0 f i SelectionSort.obj
 0002:00001660       ??$_Emplace_back_with_unused_capacity@ABH@?$vector@HV?$allocator@H@std@@@std@@AAE@ABH@Z 10012660 f i SelectionSort.obj
 0002:00001740       ??$_Emplace_reallocate@ABH@?$vector@HV?$allocator@H@std@@@std@@QAEPAHQAHABH@Z 10012740 f i SelectionSort.obj
 0002:00001980       ??0?$allocator@H@std@@QAE@XZ 10012980 f i SelectionSort.obj
 0002:00001a00       ??$_Get_size_of_n@$03@std@@YAII@Z 10012a00 f i SelectionSort.obj
 0002:00001a80       ??$_Get_size_of_n@$07@std@@YAII@Z 10012a80 f i SelectionSort.obj
 0002:00001b00       ??$_Get_unwrapped@ABQAH@std@@YA@ABQAH@Z 10012b00 f i SelectionSort.obj
 0002:00001b60       ??$_Move_unchecked@PAHPAH@std@@YAPAHPAH00@Z 10012b60 f i SelectionSort.obj
 0002:00001c10       ??$_Unfancy@H@std@@YAPAHPAH@Z 10012c10 f i SelectionSort.obj
 0002:00001ca0       ??$_Unfancy@U_Container_proxy@std@@@std@@YAPAU_Container_proxy@0@PAU10@@Z 10012ca0 f i SelectionSort.obj
 0002:00001d30       ??$_Uninitialized_move@PAHV?$allocator@H@std@@@std@@YAPAHQAH0PAHAAV?$allocator@H@0@@Z 10012d30 f i SelectionSort.obj
 0002:00001de0       ??$addressof@U_Container_proxy@std@@@std@@YAPAU_Container_proxy@0@AAU10@@Z 10012de0 f i SelectionSort.obj
 0002:00001e70       ??$addressof@V?$_Vector_val@U?$_Simple_types@H@std@@@std@@@std@@YAPAV?$_Vector_val@U?$_Simple_types@H@std@@@0@AAV10@@Z 10012e70 f i SelectionSort.obj
 0002:00001f00       ??$begin@V?$vector@HV?$allocator@H@std@@@std@@@std@@YA?AV?$_Vector_iterator@V?$_Vector_val@U?$_Simple_types@H@std@@@std@@@0@AAV?$vector@HV?$allocator@H@std@@@0@@Z 10012f00 f i SelectionSort.obj
 0002:00001f80       ??$construct@HABH@?$_Default_allocator_traits@V?$allocator@H@std@@@std@@SAXAAV?$allocator@H@1@QAHABH@Z 10012f80 f i SelectionSort.obj
 0002:00002000       ??$destroy@H@?$_Default_allocator_traits@V?$allocator@H@std@@@std@@SAXAAV?$allocator@H@1@QAH@Z 10013000 f i SelectionSort.obj
 0002:00002050       ??$emplace_back@ABH@?$vector@HV?$allocator@H@std@@@std@@QAE@ABH@Z 10013050 f i SelectionSort.obj
 0002:00002110       ??$end@V?$vector@HV?$allocator@H@std@@@std@@@std@@YA?AV?$_Vector_iterator@V?$_Vector_val@U?$_Simple_types@H@std@@@std@@@0@AAV?$vector@HV?$allocator@H@std@@@0@@Z 10013110 f i SelectionSort.obj
 0002:00002190       ??$exchange@PAU_Container_proxy@std@@$$T@std@@YAPAU_Container_proxy@0@AAPAU10@$$QA$$T@Z 10013190 f i SelectionSort.obj
 0002:00002230       ??$forward@ABH@std@@YAABHABH@Z 10013230 f i SelectionSort.obj
 0002:000022c0       ??$forward@PAU_Container_base12@std@@@std@@YA$$QAPAU_Container_base12@0@AAPAU10@@Z 100132c0 f i SelectionSort.obj
 0002:00002350       ??$forward@V?$allocator@H@std@@@std@@YA$$QAV?$allocator@H@0@AAV10@@Z 10013350 f i SelectionSort.obj
 0002:000023e0       ??$min@I@std@@YAABIABI0@Z  100133e0 f i SelectionSort.obj
 0002:000024b0       ??$move@AAH@std@@YA$$QAHAAH@Z 100134b0 f i SelectionSort.obj
 0002:00002540       ??$move@AAV?$allocator@H@std@@@std@@YA$$QAV?$allocator@H@0@AAV10@@Z 10013540 f i SelectionSort.obj
 0002:000025d0       ??0?$_Vector_const_iterator@V?$_Vector_val@U?$_Simple_types@H@std@@@std@@@std@@QAE@ABV01@@Z 100135d0 f i SelectionSort.obj
 0002:00002640       ??0?$_Vector_const_iterator@V?$_Vector_val@U?$_Simple_types@H@std@@@std@@@std@@QAE@PAHPBU_Container_base12@1@@Z 10013640 f i SelectionSort.obj
 0002:00002700       ??0?$_Vector_iterator@V?$_Vector_val@U?$_Simple_types@H@std@@@std@@@std@@QAE@PAHPBU_Container_base12@1@@Z 10013700 f i SelectionSort.obj
 0002:00002750       ??0?$_Vector_val@U?$_Simple_types@H@std@@@std@@QAE@XZ 10013750 f i SelectionSort.obj
 0002:000027f0       ??0?$vector@HV?$allocator@H@std@@@std@@QAE@$$QAV01@@Z 100137f0 f i SelectionSort.obj
 0002:000028c0       ??0?$vector@HV?$allocator@H@std@@@std@@QAE@XZ 100138c0 f i SelectionSort.obj
 0002:000029c0       ??0_Container_base12@std@@QAE@XZ 100139c0 f i SelectionSort.obj
 0002:00002a40       ??0bad_array_new_length@std@@QAE@XZ 10013a40 f i SelectionSort.obj
 0002:00002ad0       ??0_Container_proxy@std@@QAE@PAU_Container_base12@1@@Z 10013ad0 f i SelectionSort.obj
 0002:00002ba0       ??0_Iterator_base12@std@@QAE@ABU01@@Z 10013ba0 f i SelectionSort.obj
 0002:00002c40       ??0_Iterator_base12@std@@QAE@XZ 10013c40 f i SelectionSort.obj
 0002:00002cf0       ??0bad_alloc@std@@AAE@QBD@Z 10013cf0 f i SelectionSort.obj
 0002:00002db0       ??0bad_alloc@std@@QAE@ABV01@@Z 10013db0 f i SelectionSort.obj
 0002:00002e60       ??0bad_array_new_length@std@@QAE@ABV01@@Z 10013e60 f i SelectionSort.obj
 0002:00002ec0       ??0exception@std@@QAE@ABV01@@Z 10013ec0 f i SelectionSort.obj
 0002:00002f70       ??2@YAPAXIPAX@Z            10013f70 f i SelectionSort.obj
 0002:00002ff0       ??0exception@std@@QAE@QBDH@Z 10013ff0 f i SelectionSort.obj
 0002:000030a0       ??1?$_Vector_const_iterator@V?$_Vector_val@U?$_Simple_types@H@std@@@std@@@std@@QAE@XZ 100140a0 f i SelectionSort.obj
 0002:000030e0       ??1exception@std@@UAE@XZ   100140e0 f i SelectionSort.obj
 0002:00003170       ??1?$_Vector_iterator@V?$_Vector_val@U?$_Simple_types@H@std@@@std@@@std@@QAE@XZ 10014170 f i SelectionSort.obj
 0002:000031b0       ??1_Iterator_base12@std@@QAE@XZ 100141b0 f i SelectionSort.obj
 0002:000032d0       ??1bad_alloc@std@@UAE@XZ   100142d0 f i SelectionSort.obj
 0002:00003310       ??8?$_Vector_const_iterator@V?$_Vector_val@U?$_Simple_types@H@std@@@std@@@std@@QBE_NABV01@@Z 10014310 f i SelectionSort.obj
 0002:00003400       ??1bad_array_new_length@std@@UAE@XZ 10014400 f i SelectionSort.obj
 0002:00003440       ??4_Iterator_base12@std@@QAEAAU01@ABU01@@Z 10014440 f i SelectionSort.obj
 0002:000035b0       ??4?$_Vector_const_iterator@V?$_Vector_val@U?$_Simple_types@H@std@@@std@@@std@@QAEAAV01@ABV01@@Z 100145b0 f i SelectionSort.obj
 0002:00003660       ??4?$_Vector_iterator@V?$_Vector_val@U?$_Simple_types@H@std@@@std@@@std@@QAEAAV01@ABV01@@Z 10014660 f i SelectionSort.obj
 0002:000036b0       ?_Change_array@?$vector@HV?$allocator@H@std@@@std@@AAEXQAHII@Z 100146b0 f i SelectionSort.obj
 0002:000037c0       ??9?$_Vector_const_iterator@V?$_Vector_val@U?$_Simple_types@H@std@@@std@@@std@@QBE_NABV01@@Z 100147c0 f i SelectionSort.obj
 0002:00003840       ??D?$_Vector_const_iterator@V?$_Vector_val@U?$_Simple_types@H@std@@@std@@@std@@QBEABHXZ 10014840 f i SelectionSort.obj
 0002:000039b0       ??D?$_Vector_iterator@V?$_Vector_val@U?$_Simple_types@H@std@@@std@@@std@@QBEAAHXZ 100149b0 f i SelectionSort.obj
 0002:00003a40       ??E?$_Vector_const_iterator@V?$_Vector_val@U?$_Simple_types@H@std@@@std@@@std@@QAEAAV01@XZ 10014a40 f i SelectionSort.obj
 0002:00003bc0       ??E?$_Vector_iterator@V?$_Vector_val@U?$_Simple_types@H@std@@@std@@@std@@QAEAAV01@XZ 10014bc0 f i SelectionSort.obj
 0002:00003c20       ??_Ebad_alloc@std@@UAEPAXI@Z 10014c20 f i SelectionSort.obj
 0002:00003c20       ??_Gbad_alloc@std@@UAEPAXI@Z 10014c20 f i SelectionSort.obj
 0002:00003c80       ?_Compat@?$_Vector_const_iterator@V?$_Vector_val@U?$_Simple_types@H@std@@@std@@@std@@QBEXABV12@@Z 10014c80 f i SelectionSort.obj
 0002:00003da0       ??_Ebad_array_new_length@std@@UAEPAXI@Z 10014da0 f i SelectionSort.obj
 0002:00003da0       ??_Gbad_array_new_length@std@@UAEPAXI@Z 10014da0 f i SelectionSort.obj
 0002:00003e00       ??_Eexception@std@@UAEPAXI@Z 10014e00 f i SelectionSort.obj
 0002:00003e00       ??_Gexception@std@@UAEPAXI@Z 10014e00 f i SelectionSort.obj
 0002:00003e60       ?begin@?$vector@HV?$allocator@H@std@@@std@@QAE?AV?$_Vector_iterator@V?$_Vector_val@U?$_Simple_types@H@std@@@std@@@2@XZ 10014e60 f i SelectionSort.obj
 0002:00003f50       ?_Adopt@_Iterator_base12@std@@QAEXPBU_Container_base12@2@@Z 10014f50 f i SelectionSort.obj
 0002:000040b0       ?_Orphan_all@_Container_base12@std@@QAEXXZ 100150b0 f i SelectionSort.obj
 0002:000041d0       ?capacity@?$vector@HV?$allocator@H@std@@@std@@QBEIXZ 100151d0 f i SelectionSort.obj
 0002:00004260       ?_Allocate@_Default_allocate_traits@std@@SAPAXI@Z 10015260 f i SelectionSort.obj
 0002:000042b0       ?_Orphan_me@_Iterator_base12@std@@QAEXXZ 100152b0 f i SelectionSort.obj
 0002:00004430       ?_Calculate_growth@?$vector@HV?$allocator@H@std@@@std@@ABEII@Z 10015430 f i SelectionSort.obj
 0002:000044c0       ?_Tidy@?$vector@HV?$allocator@H@std@@@std@@AAEXXZ 100154c0 f i SelectionSort.obj
 0002:000045c0       ?end@?$vector@HV?$allocator@H@std@@@std@@QAE?AV?$_Vector_iterator@V?$_Vector_val@U?$_Simple_types@H@std@@@std@@@2@XZ 100155c0 f i SelectionSort.obj
 0002:000046f0       ?_Destroy@?$vector@HV?$allocator@H@std@@@std@@AAEXPAH0@Z 100156f0 f i SelectionSort.obj
 0002:00004750       ?max_size@?$vector@HV?$allocator@H@std@@@std@@QBEIXZ 10015750 f i SelectionSort.obj
 0002:00004800       ?_Get_first@?$_Compressed_pair@V?$allocator@H@std@@V?$_Vector_val@U?$_Simple_types@H@std@@@2@$00@std@@QAEAAV?$allocator@H@2@XZ 10015800 f i SelectionSort.obj
 0002:000048f0       ?_Get_first@?$_Compressed_pair@V?$allocator@H@std@@V?$_Vector_val@U?$_Simple_types@H@std@@@2@$00@std@@QBEABV?$allocator@H@2@XZ 100158f0 f i SelectionSort.obj
 0002:00004970       ?_Getal@?$vector@HV?$allocator@H@std@@@std@@AAEAAV?$allocator@H@2@XZ 10015970 f i SelectionSort.obj
 0002:00004a00       ?_Getal@?$vector@HV?$allocator@H@std@@@std@@ABEABV?$allocator@H@2@XZ 10015a00 f i SelectionSort.obj
 0002:00004a90       ?_Getcont@_Iterator_base12@std@@QBEPBU_Container_base12@2@XZ 10015a90 f i SelectionSort.obj
 0002:00004b30       ?_Move_construct@?$vector@HV?$allocator@H@std@@@std@@AAEXAAV12@U?$integral_constant@_N$00@2@@Z 10015b30 f i SelectionSort.obj
 0002:00004d30       ?_Orphan_range@?$vector@HV?$allocator@H@std@@@std@@ABEXPAH0@Z 10015d30 f i SelectionSort.obj
 0002:00004e90       ?_Swap_proxy_and_iterators@_Container_base12@std@@QAEXAAU12@@Z 10015e90 f i SelectionSort.obj
 0002:00005000       ?_Take_contents@?$_Vector_val@U?$_Simple_types@H@std@@@std@@QAEXAAV12@@Z 10016000 f i SelectionSort.obj
 0002:00005140       ?_Throw_bad_array_new_length@std@@YAXXZ 10016140 f i SelectionSort.obj
 0002:000051a0       ?erase@?$vector@HV?$allocator@H@std@@@std@@QAE?AV?$_Vector_iterator@V?$_Vector_val@U?$_Simple_types@H@std@@@std@@@2@V?$_Vector_const_iterator@V?$_Vector_val@U?$_Simple_types@H@std@@@std@@@2@@Z 100161a0 f i SelectionSort.obj
 0002:00005390       ?_Umove@?$vector@HV?$allocator@H@std@@@std@@AAEPAHPAH00@Z 10016390 f i SelectionSort.obj
 0002:00005400       ?_Umove_if_noexcept1@?$vector@HV?$allocator@H@std@@@std@@AAEXPAH00U?$integral_constant@_N$00@2@@Z 10016400 f i SelectionSort.obj
 0002:00005530       ?_Umove_if_noexcept@?$vector@HV?$allocator@H@std@@@std@@AAEXPAH00@Z 10016530 f i SelectionSort.obj
 0002:000055b0       ?_Xlength@?$vector@HV?$allocator@H@std@@@std@@CAXXZ 100165b0 f i SelectionSort.obj
 0002:00005630       ?__autoclassinit2@?$_Vector_iterator@V?$_Vector_val@U?$_Simple_types@H@std@@@std@@@std@@QAEXI@Z 10016630 f i SelectionSort.obj
 0002:000056b0       ?__autoclassinit2@?$vector@HV?$allocator@H@std@@@std@@QAEXI@Z 100166b0 f i SelectionSort.obj
 0002:00005710       ?allocate@?$allocator@H@std@@QAEPAHI@Z 10016710 f i SelectionSort.obj
 0002:00005770       ?allocate@?$allocator@U_Container_proxy@std@@@std@@QAEPAU_Container_proxy@2@I@Z 10016770 f i SelectionSort.obj
 0002:000058b0       ?deallocate@?$_Default_allocator_traits@V?$allocator@U_Container_proxy@std@@@std@@@std@@SAXAAV?$allocator@U_Container_proxy@std@@@2@QAU_Container_proxy@2@I@Z 100168b0 f i SelectionSort.obj
 0002:00005970       ?deallocate@?$allocator@H@std@@QAEXQAHI@Z 10016970 f i SelectionSort.obj
 0002:00005b00       ?max@?$numeric_limits@H@std@@SAHXZ 10016b00 f i SelectionSort.obj
 0002:00005bc0       ?max_size@?$_Default_allocator_traits@V?$allocator@H@std@@@std@@SAIABV?$allocator@H@2@@Z 10016bc0 f i SelectionSort.obj
 0002:00005e60       ?push_back@?$vector@HV?$allocator@H@std@@@std@@QAEXABH@Z 10016e60 f i SelectionSort.obj
 0002:00005ef0       ?size@?$vector@HV?$allocator@H@std@@@std@@QBEIXZ 10016ef0 f i SelectionSort.obj
 0002:00005fd0       ?what@exception@std@@UBEPBDXZ 10016fd0 f i SelectionSort.obj
 0002:00006180       ??4SequentialSearch@@QAEAAV0@$$QAV0@@Z 10017180 f i SequentialSearch.obj
 0002:000061c0       ??4SequentialSearch@@QAEAAV0@ABV0@@Z 100171c0 f i SequentialSearch.obj
 0002:00006200       ?Search@SequentialSearch@@QAEHHPAHH@Z 10017200 f   SequentialSearch.obj
 0002:000062a0       @__CheckForDebuggerJustMyCode@4 100172a0 f   MSVCRTD:debugger_jmc.obj
 0002:000062f0       @_RTC_AllocaHelper@12      100172f0 f   MSVCRTD:stack.obj
 0002:00006330       @_RTC_CheckStackVars2@12   10017330 f   MSVCRTD:stack.obj
 0002:00006440       @_RTC_CheckStackVars@8     10017440 f   MSVCRTD:stack.obj
 0002:000064b0       __RTC_CheckEsp             100174b0 f   MSVCRTD:stack.obj
 0002:000064f0       __CRT_RTC_INIT             100174f0 f   MSVCRTD:init.obj
 0002:00006500       __CRT_RTC_INITW            10017500 f   MSVCRTD:init.obj
 0002:00006510       __RTC_InitBase             10017510 f   MSVCRTD:init.obj
 0002:00006550       __RTC_Shutdown             10017550 f   MSVCRTD:init.obj
 0002:00006570       ??2@YAPAXI@Z               10017570 f   MSVCRTD:new_scalar.obj
 0002:000065d0       ??3@YAXPAXI@Z              100175d0 f   MSVCRTD:delete_scalar_size.obj
 0002:000065f0       @__security_check_cookie@4 100175f0 f   MSVCRTD:secchk.obj
 0002:00006610       ??1type_info@@UAE@XZ       10017610 f   MSVCRTD:std_type_info_static.obj
 0002:00006630       ??_Gtype_info@@UAEPAXI@Z   10017630 f i MSVCRTD:std_type_info_static.obj
 0002:00006630       ??_Etype_info@@UAEPAXI@Z   10017630 f i MSVCRTD:std_type_info_static.obj
 0002:00006c70       __CRT_INIT@12              10017c70 f   MSVCRTD:dll_dllmain.obj
 0002:00006c90       __DllMainCRTStartup@12     10017c90 f   MSVCRTD:dll_dllmain.obj
 0002:00006d70       ?_RTC_AllocaFailure@@YAXPAXPAU_RTC_ALLOCA_NODE@@H@Z 10017d70 f   MSVCRTD:error.obj
 0002:00006e90       ?_RTC_Failure@@YAXPAXH@Z   10017e90 f   MSVCRTD:error.obj
 0002:00006f00       ?_RTC_StackFailure@@YAXPAXPBD@Z 10017f00 f   MSVCRTD:error.obj
 0002:000073b0       __RTC_UninitUse            100183b0 f   MSVCRTD:error.obj
 0002:00007490       ___local_stdio_printf_options 10018490 f i MSVCRTD:error.obj
 0002:000074a0       __vsprintf_s_l             100184a0 f i MSVCRTD:error.obj
 0002:000074e0       _sprintf_s                 100184e0 f i MSVCRTD:error.obj
 0002:00007510       ?_RTC_GetErrorFunc@@YAP6AHHPBDH00ZZPBX@Z 10018510 f   MSVCRTD:userapi.obj
 0002:00007520       ?_RTC_GetErrorFuncW@@YAP6AHHPB_WH00ZZPBX@Z 10018520 f   MSVCRTD:userapi.obj
 0002:00007530       __RTC_GetErrDesc           10018530 f   MSVCRTD:userapi.obj
 0002:00007550       __RTC_NumErrors            10018550 f   MSVCRTD:userapi.obj
 0002:00007560       __RTC_SetErrorFunc         10018560 f   MSVCRTD:userapi.obj
 0002:00007590       __RTC_SetErrorFuncW        10018590 f   MSVCRTD:userapi.obj
 0002:000075c0       __RTC_SetErrorType         100185c0 f   MSVCRTD:userapi.obj
 0002:000075f0       ??0bad_alloc@std@@QAE@XZ   100185f0 f i MSVCRTD:throw_bad_alloc.obj
 0002:00007620       ?__scrt_throw_std_bad_alloc@@YAXXZ 10018620 f   MSVCRTD:throw_bad_alloc.obj
 0002:00007650       ?__scrt_throw_std_bad_array_new_length@@YAXXZ 10018650 f   MSVCRTD:throw_bad_alloc.obj
 0002:00007680       ??3@YAXPAX@Z               10018680 f   MSVCRTD:delete_scalar.obj
 0002:000076a0       ___raise_securityfailure   100186a0 f   MSVCRTD:gs_report.obj
 0002:000076e0       ___report_gsfailure        100186e0 f   MSVCRTD:gs_report.obj
 0002:00007830       ___report_rangecheckfailure 10018830 f   MSVCRTD:gs_report.obj
 0002:00007840       ___report_securityfailure  10018840 f   MSVCRTD:gs_report.obj
 0002:00007950       ___report_securityfailureEx 10018950 f   MSVCRTD:gs_report.obj
 0002:00007b50       ___security_init_cookie    10018b50 f   MSVCRTD:gs_support.obj
 0002:00007bf0       ?__scrt_initialize_type_info@@YAXXZ 10018bf0 f   MSVCRTD:tncleanup.obj
 0002:00007c10       ?__scrt_uninitialize_type_info@@YAXXZ 10018c10 f   MSVCRTD:tncleanup.obj
 0002:00007c30       ___local_stdio_scanf_options 10018c30 f i MSVCRTD:default_local_stdio_options.obj
 0002:00007c40       ___scrt_initialize_default_local_stdio_options 10018c40 f   MSVCRTD:default_local_stdio_options.obj
 0002:00007c90       ?configure_argv@__scrt_narrow_argv_policy@@SAHXZ 10018c90 f i MSVCRTD:utility.obj
 0002:00007d60       ?initialize_environment@__scrt_narrow_environment_policy@@SAHXZ 10018d60 f i MSVCRTD:utility.obj
 0002:00007e00       _NtCurrentTeb              10018e00 f i MSVCRTD:utility.obj
 0002:00007e10       ___scrt_acquire_startup_lock 10018e10 f   MSVCRTD:utility.obj
 0002:00007e70       ___scrt_dllmain_after_initialize_c 10018e70 f   MSVCRTD:utility.obj
 0002:00007eb0       ___scrt_dllmain_before_initialize_c 10018eb0 f   MSVCRTD:utility.obj
 0002:00007ee0       ___scrt_dllmain_crt_thread_attach 10018ee0 f   MSVCRTD:utility.obj
 0002:00007f20       ___scrt_dllmain_crt_thread_detach 10018f20 f   MSVCRTD:utility.obj
 0002:00007f40       ___scrt_dllmain_exception_filter 10018f40 f   MSVCRTD:utility.obj
 0002:00007fa0       ___scrt_dllmain_uninitialize_c 10018fa0 f   MSVCRTD:utility.obj
 0002:00007fe0       ___scrt_dllmain_uninitialize_critical 10018fe0 f   MSVCRTD:utility.obj
 0002:00008000       ___scrt_initialize_crt     10019000 f   MSVCRTD:utility.obj
 0002:00008060       ___scrt_initialize_onexit_tables 10019060 f   MSVCRTD:utility.obj
 0002:00008170       ___scrt_is_nonwritable_in_current_image 10019170 f   MSVCRTD:utility.obj
 0002:000082f0       ___scrt_release_startup_lock 100192f0 f   MSVCRTD:utility.obj
 0002:00008320       ___scrt_uninitialize_crt   10019320 f   MSVCRTD:utility.obj
 0002:00008370       __onexit                   10019370 f   MSVCRTD:utility.obj
 0002:000083f0       _at_quick_exit             100193f0 f   MSVCRTD:utility.obj
 0002:00008440       _atexit                    10019440 f   MSVCRTD:utility.obj
 0002:00008480       ___scrt_get_dyn_tls_init_callback 10019480 f   MSVCRTD:dyn_tls_init.obj
 0002:00008490       ___scrt_fastfail           10019490 f   MSVCRTD:utility_desktop.obj
 0002:00008620       ___scrt_get_show_window_mode 10019620 f   MSVCRTD:utility_desktop.obj
 0002:00008670       ___scrt_initialize_mta     10019670 f   MSVCRTD:utility_desktop.obj
 0002:00008680       ___scrt_initialize_winrt   10019680 f   MSVCRTD:utility_desktop.obj
 0002:00008690       ___scrt_is_managed_app     10019690 f   MSVCRTD:utility_desktop.obj
 0002:00008740       ___scrt_set_unhandled_exception_filter 10019740 f   MSVCRTD:utility_desktop.obj
 0002:00008760       ___scrt_exe_initialize_mta 10019760 f   MSVCRTD:utility_desktop.obj
 0002:00008760       ___scrt_stub_for_initialize_mta 10019760 f   MSVCRTD:utility_desktop.obj
 0002:00008770       ___scrt_unhandled_exception_filter@4 10019770 f   MSVCRTD:utility_desktop.obj
 0002:00008810       __crt_debugger_hook        10019810 f   MSVCRTD:utility_desktop.obj
 0002:00008830       __RTC_Initialize           10019830 f   MSVCRTD:initsect.obj
 0002:00008870       __RTC_Terminate            10019870 f   MSVCRTD:initsect.obj
 0002:000088b0       __except_handler4          100198b0 f   MSVCRTD:chandler4gs.obj
 0002:00008900       @_guard_check_icall_nop@4  10019900 f i MSVCRTD:guard_support.obj
 0002:00008910       _ReadNoFence               10019910 f i MSVCRTD:guard_support.obj
 0002:00008930       _ReadPointerNoFence        10019930 f i MSVCRTD:guard_support.obj
 0002:00008950       __guard_icall_checks_enforced 10019950 f i MSVCRTD:guard_support.obj
 0002:00008f20       ?_RTC_GetSrcLine@@YAHPAEPA_WKPAH1K@Z 10019f20 f   MSVCRTD:pdblkup.obj
 0002:00009380       __except_handler4_noexcept 1001a380 f   MSVCRTD:chandler4_noexcept.obj
 0002:00009400       ___isa_available_init      1001a400 f   MSVCRTD:cpu_disp.obj
 0002:00009800       __get_startup_argv_mode    1001a800 f   MSVCRTD:argv_mode.obj
 0002:00009810       ___scrt_is_ucrt_dll_in_use 1001a810 f   MSVCRTD:ucrt_detection.obj
 0002:0000983d       ??0_Lockit@std@@QAE@H@Z    1001a83d f   msvcprtd:MSVCP140D.dll
 0002:00009843       ??1_Lockit@std@@QAE@XZ     1001a843 f   msvcprtd:MSVCP140D.dll
 0002:00009849       ?_Xlength_error@std@@YAXPBD@Z 1001a849 f   msvcprtd:MSVCP140D.dll
 0002:0000984f       _memmove                   1001a84f f   vcruntimed:VCRUNTIME140D.dll
 0002:00009855       ___std_exception_copy      1001a855 f   vcruntimed:VCRUNTIME140D.dll
 0002:0000985b       ___std_exception_destroy   1001a85b f   vcruntimed:VCRUNTIME140D.dll
 0002:00009861       __CxxThrowException@8      1001a861 f   vcruntimed:VCRUNTIME140D.dll
 0002:00009867       ___CxxFrameHandler3        1001a867 f   vcruntimed:VCRUNTIME140D.dll
 0002:0000986d       _memset                    1001a86d f   vcruntimed:VCRUNTIME140D.dll
 0002:00009873       ___std_type_info_destroy_list 1001a873 f   vcruntimed:VCRUNTIME140D.dll
 0002:00009879       ___current_exception       1001a879 f   vcruntimed:VCRUNTIME140D.dll
 0002:0000987f       ___current_exception_context 1001a87f f   vcruntimed:VCRUNTIME140D.dll
 0002:00009885       __except_handler4_common   1001a885 f   vcruntimed:VCRUNTIME140D.dll
 0002:0000988b       ___vcrt_GetModuleFileNameW 1001a88b f   vcruntimed:VCRUNTIME140D.dll
 0002:00009891       ___vcrt_GetModuleHandleW   1001a891 f   vcruntimed:VCRUNTIME140D.dll
 0002:00009897       ___vcrt_LoadLibraryExW     1001a897 f   vcruntimed:VCRUNTIME140D.dll
 0002:0000989d       __invalid_parameter        1001a89d f   ucrtd:ucrtbased.dll
 0002:000098a3       __CrtDbgReport             1001a8a3 f   ucrtd:ucrtbased.dll
 0002:000098a9       __CrtDbgReportW            1001a8a9 f   ucrtd:ucrtbased.dll
 0002:000098af       __callnewh                 1001a8af f   ucrtd:ucrtbased.dll
 0002:000098b5       _malloc                    1001a8b5 f   ucrtd:ucrtbased.dll
 0002:000098bb       __initterm                 1001a8bb f   ucrtd:ucrtbased.dll
 0002:000098c1       __initterm_e               1001a8c1 f   ucrtd:ucrtbased.dll
 0002:000098c7       _strcpy_s                  1001a8c7 f   ucrtd:ucrtbased.dll
 0002:000098cd       _strcat_s                  1001a8cd f   ucrtd:ucrtbased.dll
 0002:000098d3       ___stdio_common_vsprintf_s 1001a8d3 f   ucrtd:ucrtbased.dll
 0002:000098d9       __free_dbg                 1001a8d9 f   ucrtd:ucrtbased.dll
 0002:000098df       __seh_filter_dll           1001a8df f   ucrtd:ucrtbased.dll
 0002:000098e5       __configure_narrow_argv    1001a8e5 f   ucrtd:ucrtbased.dll
 0002:000098eb       __initialize_narrow_environment 1001a8eb f   ucrtd:ucrtbased.dll
 0002:000098f1       __initialize_onexit_table  1001a8f1 f   ucrtd:ucrtbased.dll
 0002:000098f7       __register_onexit_function 1001a8f7 f   ucrtd:ucrtbased.dll
 0002:000098fd       __execute_onexit_table     1001a8fd f   ucrtd:ucrtbased.dll
 0002:00009903       __crt_atexit               1001a903 f   ucrtd:ucrtbased.dll
 0002:00009909       __crt_at_quick_exit        1001a909 f   ucrtd:ucrtbased.dll
 0002:0000990f       __cexit                    1001a90f f   ucrtd:ucrtbased.dll
 0002:00009915       _terminate                 1001a915 f   ucrtd:ucrtbased.dll
 0002:0000991b       __wmakepath_s              1001a91b f   ucrtd:ucrtbased.dll
 0002:00009921       __wsplitpath_s             1001a921 f   ucrtd:ucrtbased.dll
 0002:00009927       _wcscpy_s                  1001a927 f   ucrtd:ucrtbased.dll
 0002:0000992d       _GetCurrentThreadId@0      1001a92d f   kernel32:KERNEL32.dll
 0002:00009933       _IsDebuggerPresent@0       1001a933 f   kernel32:KERNEL32.dll
 0002:00009939       _RaiseException@16         1001a939 f   kernel32:KERNEL32.dll
 0002:0000993f       _MultiByteToWideChar@24    1001a93f f   kernel32:KERNEL32.dll
 0002:00009945       _WideCharToMultiByte@32    1001a945 f   kernel32:KERNEL32.dll
 0002:0000994b       _UnhandledExceptionFilter@4 1001a94b f   kernel32:KERNEL32.dll
 0002:00009951       _SetUnhandledExceptionFilter@4 1001a951 f   kernel32:KERNEL32.dll
 0002:00009957       _GetCurrentProcess@0       1001a957 f   kernel32:KERNEL32.dll
 0002:0000995d       _TerminateProcess@8        1001a95d f   kernel32:KERNEL32.dll
 0002:00009963       _IsProcessorFeaturePresent@4 1001a963 f   kernel32:KERNEL32.dll
 0002:00009969       _QueryPerformanceCounter@4 1001a969 f   kernel32:KERNEL32.dll
 0002:0000996f       _GetCurrentProcessId@0     1001a96f f   kernel32:KERNEL32.dll
 0002:00009975       _GetSystemTimeAsFileTime@4 1001a975 f   kernel32:KERNEL32.dll
 0002:0000997b       _InitializeSListHead@4     1001a97b f   kernel32:KERNEL32.dll
 0002:00009981       _GetStartupInfoW@4         1001a981 f   kernel32:KERNEL32.dll
 0002:00009987       _GetModuleHandleW@4        1001a987 f   kernel32:KERNEL32.dll
 0002:0000998d       _GetLastError@0            1001a98d f   kernel32:KERNEL32.dll
 0002:00009993       _HeapAlloc@12              1001a993 f   kernel32:KERNEL32.dll
 0002:00009999       _HeapFree@12               1001a999 f   kernel32:KERNEL32.dll
 0002:0000999f       _GetProcessHeap@0          1001a99f f   kernel32:KERNEL32.dll
 0002:000099a5       _VirtualQuery@12           1001a9a5 f   kernel32:KERNEL32.dll
 0002:000099ab       _FreeLibrary@4             1001a9ab f   kernel32:KERNEL32.dll
 0002:000099b1       _GetProcAddress@8          1001a9b1 f   kernel32:KERNEL32.dll
 0002:000099c0       ___acrt_initialize         1001a9c0 f   MSVCRTD:ucrt_stubs.obj
 0002:000099c0       ___scrt_stub_for_acrt_initialize 1001a9c0 f   MSVCRTD:ucrt_stubs.obj
 0002:000099c0       ___vcrt_initialize         1001a9c0 f   MSVCRTD:ucrt_stubs.obj
 0002:000099d0       ___acrt_thread_attach      1001a9d0 f   MSVCRTD:ucrt_stubs.obj
 0002:000099d0       ___vcrt_thread_attach      1001a9d0 f   MSVCRTD:ucrt_stubs.obj
 0002:000099d0       ___scrt_stub_for_acrt_thread_attach 1001a9d0 f   MSVCRTD:ucrt_stubs.obj
 0002:000099e0       ___acrt_thread_detach      1001a9e0 f   MSVCRTD:ucrt_stubs.obj
 0002:000099e0       ___vcrt_thread_detach      1001a9e0 f   MSVCRTD:ucrt_stubs.obj
 0002:000099e0       ___scrt_stub_for_acrt_thread_detach 1001a9e0 f   MSVCRTD:ucrt_stubs.obj
 0002:000099f0       ___scrt_stub_for_acrt_uninitialize 1001a9f0 f   MSVCRTD:ucrt_stubs.obj
 0002:000099f0       ___vcrt_uninitialize       1001a9f0 f   MSVCRTD:ucrt_stubs.obj
 0002:000099f0       ___acrt_uninitialize       1001a9f0 f   MSVCRTD:ucrt_stubs.obj
 0002:00009a00       ___acrt_uninitialize_critical 1001aa00 f   MSVCRTD:ucrt_stubs.obj
 0002:00009a00       ___scrt_stub_for_acrt_uninitialize_critical 1001aa00 f   MSVCRTD:ucrt_stubs.obj
 0002:00009a00       ___vcrt_uninitialize_critical 1001aa00 f   MSVCRTD:ucrt_stubs.obj
 0002:00009a10       __is_c_termination_complete 1001aa10 f   MSVCRTD:ucrt_stubs.obj
 0002:00009a10       ___scrt_stub_for_is_c_termination_complete 1001aa10 f   MSVCRTD:ucrt_stubs.obj
 0002:00009a20       __filter_x86_sse2_floating_point_exception_default 1001aa20 f   MSVCRTD:x86_exception_filter.obj
 0002:00009a20       __filter_x86_sse2_floating_point_exception 1001aa20 f   MSVCRTD:x86_exception_filter.obj
 0002:00009b60       ??1?$vector@HV?$allocator@H@std@@@std@@QAE@XZ 1001ab60 f i SelectionSort.obj
 0002:00009c60       ?Sort@SelectionSort@@QAE?AV?$vector@HV?$allocator@H@std@@@std@@V23@@Z 1001ac60 f   SelectionSort.obj
 0002:00009ed0       ?_Adjust_manually_vector_aligned@std@@YAXAAPAXAAI@Z 1001aed0 f i SelectionSort.obj
 0003:00000000       ___xc_a                    1001e000     MSVCRTD:initializers.obj
 0003:00000104       ___xc_z                    1001e104     MSVCRTD:initializers.obj
 0003:00000208       ___xi_a                    1001e208     MSVCRTD:initializers.obj
 0003:0000030c       ___xi_z                    1001e30c     MSVCRTD:initializers.obj
 0003:00000410       ___xp_a                    1001e410     MSVCRTD:initializers.obj
 0003:00000514       ___xp_z                    1001e514     MSVCRTD:initializers.obj
 0003:00000618       ___xt_a                    1001e618     MSVCRTD:initializers.obj
 0003:0000071c       ___xt_z                    1001e71c     MSVCRTD:initializers.obj
 0003:00000824       ??_7exception@std@@6B@     1001e824     SelectionSort.obj
 0003:00000830       ??_C@_0BC@EOODALEL@Unknown?5exception@ 1001e830     SelectionSort.obj
 0003:0000084c       ??_7bad_alloc@std@@6B@     1001e84c     SelectionSort.obj
 0003:0000085c       ??_7bad_array_new_length@std@@6B@ 1001e85c     SelectionSort.obj
 0003:00000868       ??_C@_0BF@KINCDENJ@bad?5array?5new?5length@ 1001e868     SelectionSort.obj
 0003:00000884       ??_C@_0BB@FCMFBGOM@invalid?5argument@ 1001e884     SelectionSort.obj
 0003:00000898       ??_C@_02DKCKIIND@?$CFs@    1001e898     SelectionSort.obj
 0003:000008a0       ??_C@_0GI@JMEOMKJO@C?3?2Program?5Files?5?$CIx86?$CJ?2Microsof@ 1001e8a0     SelectionSort.obj
 0003:00000920       ??_C@_1NA@FEEOBALC@?$AAC?$AA?3?$AA?2?$AAP?$AAr?$AAo?$AAg?$AAr?$AAa?$AAm?$AA?5?$AAF?$AAi?$AAl?$AAe@ 1001e920     SelectionSort.obj
 0003:00000a20       ??_C@_1EK@NIFDJFDG@?$AAs?$AAt?$AAd?$AA?3?$AA?3?$AA_?$AAA?$AAd?$AAj?$AAu?$AAs?$AAt?$AA_?$AAm?$AAa@ 1001ea20     SelectionSort.obj
 0003:00000a78       ??_C@_1CG@JNLFBNGN@?$AA?$CC?$AAi?$AAn?$AAv?$AAa?$AAl?$AAi?$AAd?$AA?5?$AAa?$AAr?$AAg?$AAu?$AAm?$AAe@ 1001ea78     SelectionSort.obj
 0003:00000aa8       ??_C@_0BJ@LFDBABJJ@ITERATOR?5LIST?5CORRUPTED?$CB@ 1001eaa8     SelectionSort.obj
 0003:00000ac8       ??_C@_1EE@KLDMFDFL@?$AAs?$AAt?$AAd?$AA?3?$AA?3?$AA_?$AAI?$AAt?$AAe?$AAr?$AAa?$AAt?$AAo?$AAr?$AA_@ 1001eac8     SelectionSort.obj
 0003:00000b1c       ??_C@_1DG@PLBPCAEM@?$AA?$CC?$AAI?$AAT?$AAE?$AAR?$AAA?$AAT?$AAO?$AAR?$AA?5?$AAL?$AAI?$AAS?$AAT?$AA?5@ 1001eb1c     SelectionSort.obj
 0003:00000b5c       ??_C@_0CE@EAMOGAIE@vector?5erase?5iterator?5outside?5r@ 1001eb5c     SelectionSort.obj
 0003:00000b88       ??_C@_0GH@HACIOKNJ@C?3?2Program?5Files?5?$CIx86?$CJ?2Microsof@ 1001eb88     SelectionSort.obj
 0003:00000c08       ??_C@_1MO@KFAGNMIJ@?$AAC?$AA?3?$AA?2?$AAP?$AAr?$AAo?$AAg?$AAr?$AAa?$AAm?$AA?5?$AAF?$AAi?$AAl?$AAe@ 1001ec08     SelectionSort.obj
 0003:00000d00       ??_C@_1GG@CBMBAGEI@?$AAs?$AAt?$AAd?$AA?3?$AA?3?$AAv?$AAe?$AAc?$AAt?$AAo?$AAr?$AA?$DM?$AAi?$AAn?$AAt@ 1001ed00     SelectionSort.obj
 0003:00000d80       ??_C@_1EM@BEMPOGMM@?$AA?$CC?$AAv?$AAe?$AAc?$AAt?$AAo?$AAr?$AA?5?$AAe?$AAr?$AAa?$AAs?$AAe?$AA?5?$AAi@ 1001ed80     SelectionSort.obj
 0003:00000ddc       ??_C@_0DC@KEKNBAEB@can?8t?5increment?5value?9initializ@ 1001eddc     SelectionSort.obj
 0003:00000e18       ??_C@_1MG@OPNGNDCB@?$AAs?$AAt?$AAd?$AA?3?$AA?3?$AA_?$AAV?$AAe?$AAc?$AAt?$AAo?$AAr?$AA_?$AAc?$AAo@ 1001ee18     SelectionSort.obj
 0003:00000f08       ??_C@_1GI@EDCILPL@?$AA?$CC?$AAc?$AAa?$AAn?$AA?8?$AAt?$AA?5?$AAi?$AAn?$AAc?$AAr?$AAe?$AAm?$AAe?$AAn@ 1001ef08     SelectionSort.obj
 0003:00000f84       ??_C@_0CJ@OAAAAGPM@can?8t?5increment?5vector?5iterator@ 1001ef84     SelectionSort.obj
 0003:00000fb8       ??_C@_1FG@LDPPKMGP@?$AA?$CC?$AAc?$AAa?$AAn?$AA?8?$AAt?$AA?5?$AAi?$AAn?$AAc?$AAr?$AAe?$AAm?$AAe?$AAn@ 1001efb8     SelectionSort.obj
 0003:00001020       ??_C@_0DE@CHADHGFF@can?8t?5dereference?5value?9initial@ 1001f020     SelectionSort.obj
 0003:00001060       ??_C@_1ME@LLCFNFIO@?$AAs?$AAt?$AAd?$AA?3?$AA?3?$AA_?$AAV?$AAe?$AAc?$AAt?$AAo?$AAr?$AA_?$AAc?$AAo@ 1001f060     SelectionSort.obj
 0003:00001150       ??_C@_1GM@FNBFNBEL@?$AA?$CC?$AAc?$AAa?$AAn?$AA?8?$AAt?$AA?5?$AAd?$AAe?$AAr?$AAe?$AAf?$AAe?$AAr?$AAe@ 1001f150     SelectionSort.obj
 0003:000011d4       ??_C@_0CP@MDHADBHN@can?8t?5dereference?5out?5of?5range?5@ 1001f1d4     SelectionSort.obj
 0003:00001210       ??_C@_1GC@JDCKOLAC@?$AA?$CC?$AAc?$AAa?$AAn?$AA?8?$AAt?$AA?5?$AAd?$AAe?$AAr?$AAe?$AAf?$AAe?$AAr?$AAe@ 1001f210     SelectionSort.obj
 0003:00001288       ??_C@_0BO@CAOBBIOC@vector?5iterators?5incompatible@ 1001f288     SelectionSort.obj
 0003:000012b0       ??_C@_1LO@MGELDLOO@?$AAs?$AAt?$AAd?$AA?3?$AA?3?$AA_?$AAV?$AAe?$AAc?$AAt?$AAo?$AAr?$AA_?$AAc?$AAo@ 1001f2b0     SelectionSort.obj
 0003:00001398       ??_C@_1EA@DJDGNIII@?$AA?$CC?$AAv?$AAe?$AAc?$AAt?$AAo?$AAr?$AA?5?$AAi?$AAt?$AAe?$AAr?$AAa?$AAt?$AAo@ 1001f398     SelectionSort.obj
 0003:000013e4       ??_C@_0BA@FOIKENOD@vector?5too?5long@ 1001f3e4     SelectionSort.obj
 0003:000013f8       ??_C@_1EO@GFNCMDLA@?$AAs?$AAt?$AAd?$AA?3?$AA?3?$AA_?$AAA?$AAl?$AAl?$AAo?$AAc?$AAa?$AAt?$AAe?$AA_@ 1001f3f8     SelectionSort.obj
 0003:0000145c       ??_7type_info@@6B@         1001f45c     MSVCRTD:std_type_info_static.obj
 0003:00001464       __pDefaultRawDllMain       1001f464     MSVCRTD:dll_dllmain.obj
 0003:00001464       __pRawDllMain              1001f464     MSVCRTD:dll_dllmain.obj
 0003:00001528       ??_C@_0NN@JMPELKLB@The?5value?5of?5ESP?5was?5not?5proper@ 1001f528     MSVCRTD:error.obj
 0003:00001638       ??_C@_0BBN@ELNNILBE@A?5cast?5to?5a?5smaller?5data?5type?5h@ 1001f638     MSVCRTD:error.obj
 0003:00001790       ??_C@_0BN@BPOGFMJL@Stack?5memory?5was?5corrupted?$AN?6@ 1001f790     MSVCRTD:error.obj
 0003:000017b4       ??_C@_0DG@DAJCDLPN@A?5local?5variable?5was?5used?5befor@ 1001f7b4     MSVCRTD:error.obj
 0003:000017f4       ??_C@_0CM@JMIDGKLA@Stack?5memory?5around?5_alloca?5was@ 1001f7f4     MSVCRTD:error.obj
 0003:00001828       ??_C@_0BO@CHIONIOI@Unknown?5Runtime?5Check?5Error?$AN?6@ 1001f828     MSVCRTD:error.obj
 0003:00001850       ??_C@_1GM@CNOOJIHC@?$AAR?$AAu?$AAn?$AAt?$AAi?$AAm?$AAe?$AA?5?$AAC?$AAh?$AAe?$AAc?$AAk?$AA?5?$AAE@ 1001f850     MSVCRTD:error.obj
 0003:000018d8       ??_C@_1EA@NFKNIFJP@?$AAR?$AAu?$AAn?$AA?9?$AAT?$AAi?$AAm?$AAe?$AA?5?$AAC?$AAh?$AAe?$AAc?$AAk?$AA?5@ 1001f8d8     MSVCRTD:error.obj
 0003:00001924       ??_C@_0BB@PFFGGCJP@Unknown?5Filename@ 1001f924     MSVCRTD:error.obj
 0003:00001938       ??_C@_0BE@GNBOBNCK@Unknown?5Module?5Name@ 1001f938     MSVCRTD:error.obj
 0003:00001950       ??_C@_0CA@IODNCDPG@Run?9Time?5Check?5Failure?5?$CD?$CFd?5?9?5?$CFs@ 1001f950     MSVCRTD:error.obj
 0003:00001978       ??_C@_0CG@IAFNJNEE@Stack?5corrupted?5near?5unknown?5va@ 1001f978     MSVCRTD:error.obj
 0003:000019a8       ??_C@_05MKKEDADM@?$CF?42X?5@ 1001f9a8     MSVCRTD:error.obj
 0003:000019b0       ??_C@_0EJ@LJKNEOLN@Stack?5area?5around?5_alloca?5memor@ 1001f9b0     MSVCRTD:error.obj
 0003:00001a08       ??_C@_01EEMJAFIK@?6@       1001fa08     MSVCRTD:error.obj
 0003:00001a0c       ??_C@_02LLMPMKNF@?$DO?5@   1001fa0c     MSVCRTD:error.obj
 0003:00001a10       ??_C@_08OMAHNMHJ@?6Data?3?5?$DM@ 1001fa10     MSVCRTD:error.obj
 0003:00001a1c       ??_C@_0CK@DKGBICFE@?6Allocation?5number?5within?5this?5@ 1001fa1c     MSVCRTD:error.obj
 0003:00001a50       ??_C@_07DFDJCKFN@?6Size?3?5@ 1001fa50     MSVCRTD:error.obj
 0003:00001a5c       ??_C@_0N@MHFFIMFG@?6Address?3?50x@ 1001fa5c     MSVCRTD:error.obj
 0003:00001a70       ??_C@_0EI@CLEPFNGI@Stack?5area?5around?5_alloca?5memor@ 1001fa70     MSVCRTD:error.obj
 0003:00001ac8       ??_C@_0BK@ODNDAGKB@?$CFs?$CFs?$CFp?$CFs?$CFzd?$CFs?$CFd?$CFs?$CFs?$CFs?$CFs?$CFs@ 1001fac8     MSVCRTD:error.obj
 0003:00001ae8       ??_C@_0DE@OHJBPMBP@A?5variable?5is?5being?5used?5withou@ 1001fae8     MSVCRTD:error.obj
 0003:00001b40       ??_C@_0BJ@HEGAHDFO@Stack?5pointer?5corruption@ 1001fb40     MSVCRTD:userapi.obj
 0003:00001b60       ??_C@_0CK@FEGOIOPB@Cast?5to?5smaller?5type?5causing?5lo@ 1001fb60     MSVCRTD:userapi.obj
 0003:00001b94       ??_C@_0BI@CIGMDCBH@Stack?5memory?5corruption@ 1001fb94     MSVCRTD:userapi.obj
 0003:00001bb0       ??_C@_0CK@CNLNOEPB@Local?5variable?5used?5before?5init@ 1001fbb0     MSVCRTD:userapi.obj
 0003:00001be4       ??_C@_0BP@OGBCLIBO@Stack?5around?5_alloca?5corrupted@ 1001fbe4     MSVCRTD:userapi.obj
 0003:00001c0c       ??_C@_0P@GHFPNOJB@bad?5allocation@ 1001fc0c     MSVCRTD:throw_bad_alloc.obj
 0003:00001c88       ??_C@_1EI@MLPKHBGE@?$AAa?$AAp?$AAi?$AA?9?$AAm?$AAs?$AA?9?$AAw?$AAi?$AAn?$AA?9?$AAc?$AAo?$AAr?$AAe@ 1001fc88     MSVCRTD:pdblkup.obj
 0003:00001ce0       ??_C@_1BK@JHLNAEJL@?$AAa?$AAd?$AAv?$AAa?$AAp?$AAi?$AA3?$AA2?$AA?4?$AAd?$AAl?$AAl@ 1001fce0     MSVCRTD:pdblkup.obj
 0003:00001d00       ??_C@_0O@COHOBMLB@RegOpenKeyExW@ 1001fd00     MSVCRTD:pdblkup.obj
 0003:00001d10       ??_C@_0BB@GLNAEDBD@RegQueryValueExW@ 1001fd10     MSVCRTD:pdblkup.obj
 0003:00001d24       ??_C@_0M@HLOHPNFA@RegCloseKey@ 1001fd24     MSVCRTD:pdblkup.obj
 0003:00001d38       ??_C@_1HE@EBEAGLFB@?$AAS?$AAO?$AAF?$AAT?$AAW?$AAA?$AAR?$AAE?$AA?2?$AAW?$AAo?$AAw?$AA6?$AA4?$AA3@ 1001fd38     MSVCRTD:pdblkup.obj
 0003:00001dc4       ??_C@_1BG@EABPBLLF@?$AAP?$AAr?$AAo?$AAd?$AAu?$AAc?$AAt?$AAD?$AAi?$AAr@ 1001fdc4     MSVCRTD:pdblkup.obj
 0003:00001e04       ??_C@_1BC@JINFINNJ@?$AAM?$AAS?$AAP?$AAD?$AAB?$AA1?$AA4?$AA0@ 1001fe04     MSVCRTD:pdblkup.obj
 0003:00001e1c       ??_C@_0BB@KCIACLNC@PDBOpenValidate5@ 1001fe1c     MSVCRTD:pdblkup.obj
 0003:00001e30       ??_C@_01KDCPPGHE@r@        1001fe30     MSVCRTD:pdblkup.obj
 0003:00001e70       __load_config_used         1001fe70     MSVCRTD:loadcfg.obj
 0003:000020a0       ??_R4exception@std@@6B@    100200a0     SelectionSort.obj
 0003:000020b8       ??_R3exception@std@@8      100200b8     SelectionSort.obj
 0003:000020cc       ??_R2exception@std@@8      100200cc     SelectionSort.obj
 0003:000020d4       ??_R1A@?0A@EA@exception@std@@8 100200d4     SelectionSort.obj
 0003:000020f8       ??_R4bad_alloc@std@@6B@    100200f8     SelectionSort.obj
 0003:00002110       ??_R3bad_alloc@std@@8      10020110     SelectionSort.obj
 0003:00002124       ??_R2bad_alloc@std@@8      10020124     SelectionSort.obj
 0003:00002130       ??_R1A@?0A@EA@bad_alloc@std@@8 10020130     SelectionSort.obj
 0003:00002154       ??_R4bad_array_new_length@std@@6B@ 10020154     SelectionSort.obj
 0003:0000216c       ??_R3bad_array_new_length@std@@8 1002016c     SelectionSort.obj
 0003:00002180       ??_R2bad_array_new_length@std@@8 10020180     SelectionSort.obj
 0003:00002190       ??_R1A@?0A@EA@bad_array_new_length@std@@8 10020190     SelectionSort.obj
 0003:000021b4       ??_R4type_info@@6B@        100201b4     MSVCRTD:std_type_info_static.obj
 0003:000021cc       ??_R3type_info@@8          100201cc     MSVCRTD:std_type_info_static.obj
 0003:000021e0       ??_R2type_info@@8          100201e0     MSVCRTD:std_type_info_static.obj
 0003:000021e8       ??_R1A@?0A@EA@type_info@@8 100201e8     MSVCRTD:std_type_info_static.obj
 0003:00002474       ___rtc_iaa                 10020474     MSVCRTD:initsect.obj
 0003:0000268c       ___rtc_izz                 1002068c     MSVCRTD:initsect.obj
 0003:00002790       ___rtc_taa                 10020790     MSVCRTD:initsect.obj
 0003:000029a8       ___rtc_tzz                 100209a8     MSVCRTD:initsect.obj
 0003:00003190       __CT??_R0?AVbad_array_new_length@std@@@8??0bad_array_new_length@std@@QAE@ABV01@@Z12 10021190     SelectionSort.obj
 0003:0000344c       __TI3?AVbad_array_new_length@std@@ 1002144c     SelectionSort.obj
 0003:00003474       __CTA3?AVbad_array_new_length@std@@ 10021474     SelectionSort.obj
 0003:0000349c       __CT??_R0?AVbad_alloc@std@@@8??0bad_alloc@std@@QAE@ABV01@@Z12 1002149c     SelectionSort.obj
 0003:000034bc       __CT??_R0?AVexception@std@@@8??0exception@std@@QAE@ABV01@@Z12 100214bc     SelectionSort.obj
 0003:00003590       __TI2?AVbad_alloc@std@@    10021590     MSVCRTD:throw_bad_alloc.obj
 0003:000035a4       __CTA2?AVbad_alloc@std@@   100215a4     MSVCRTD:throw_bad_alloc.obj
 0004:00000000       ?__LINE__Var@?0??_Adjust_manually_vector_aligned@std@@YAXAAPAXAAI@Z@4JA 10022000     SelectionSort.obj
 0004:00000004       ___security_cookie_complement 10022004     MSVCRTD:gs_cookie.obj
 0004:00000008       ___security_cookie         10022008     MSVCRTD:gs_cookie.obj
 0004:00000010       ?_RTC_ErrorLevels@@3PAHA   10022010     MSVCRTD:error.obj
 0004:00000028       ___scrt_native_dllmain_reason 10022028     MSVCRTD:utility.obj
 0004:0000002c       ___isa_enabled             1002202c     MSVCRTD:cpu_disp.obj
 0004:00000030       ___scrt_ucrt_dll_is_in_use 10022030     MSVCRTD:ucrt_stubs.obj
 0004:00000138       ??_R0?AVbad_array_new_length@std@@@8 10022138     SelectionSort.obj
 0004:00000168       ??_R0?AVbad_alloc@std@@@8  10022168     SelectionSort.obj
 0004:0000018c       ??_R0?AVexception@std@@@8  1002218c     SelectionSort.obj
 0004:000001b0       ??_R0?AVtype_info@@@8      100221b0     MSVCRTD:std_type_info_static.obj
 0004:000002d0       ___@@_PchSym_@00@UdlipUzotlozyUzotloryUwvyftUkxsOlyq@4B2008FD98C1DD4 100222d0     pch.obj
 0004:000002e0       ?_OptionsStorage@?1??__local_stdio_printf_options@@9@4_KA 100222e0     MSVCRTD:error.obj
 0004:000006b8       ?__type_info_root_node@@3U__type_info_node@@A 100226b8     MSVCRTD:tncleanup.obj
 0004:000006c8       ?_OptionsStorage@?1??__local_stdio_scanf_options@@9@4_KA 100226c8     MSVCRTD:default_local_stdio_options.obj
 0004:000006d4       ___scrt_current_native_startup_state 100226d4     MSVCRTD:utility.obj
 0004:000006d8       ___scrt_native_startup_lock 100226d8     MSVCRTD:utility.obj
 0004:00000700       ___scrt_debugger_hook_flag 10022700     MSVCRTD:utility_desktop.obj
 0004:0000070c       ___isa_available           1002270c     MSVCRTD:cpu_disp.obj
 0004:00000710       ___favor                   10022710     MSVCRTD:cpu_disp.obj
 0004:00000718       ___dyn_tls_init_callback   10022718     <common>
 0004:00000724       ___DebuggerCurrentSteppingThreadId 10022724     <common>
 0005:00000000       __imp__GetSystemTimeAsFileTime@4 10023000     kernel32:KERNEL32.dll
 0005:00000004       __imp__IsDebuggerPresent@0 10023004     kernel32:KERNEL32.dll
 0005:00000008       __imp__RaiseException@16   10023008     kernel32:KERNEL32.dll
 0005:0000000c       __imp__GetProcAddress@8    1002300c     kernel32:KERNEL32.dll
 0005:00000010       __imp__FreeLibrary@4       10023010     kernel32:KERNEL32.dll
 0005:00000014       __imp__VirtualQuery@12     10023014     kernel32:KERNEL32.dll
 0005:00000018       __imp__GetProcessHeap@0    10023018     kernel32:KERNEL32.dll
 0005:0000001c       __imp__HeapFree@12         1002301c     kernel32:KERNEL32.dll
 0005:00000020       __imp__HeapAlloc@12        10023020     kernel32:KERNEL32.dll
 0005:00000024       __imp__GetLastError@0      10023024     kernel32:KERNEL32.dll
 0005:00000028       __imp__GetModuleHandleW@4  10023028     kernel32:KERNEL32.dll
 0005:0000002c       __imp__GetStartupInfoW@4   1002302c     kernel32:KERNEL32.dll
 0005:00000030       __imp__InitializeSListHead@4 10023030     kernel32:KERNEL32.dll
 0005:00000034       __imp__GetCurrentThreadId@0 10023034     kernel32:KERNEL32.dll
 0005:00000038       __imp__GetCurrentProcessId@0 10023038     kernel32:KERNEL32.dll
 0005:0000003c       __imp__QueryPerformanceCounter@4 1002303c     kernel32:KERNEL32.dll
 0005:00000040       __imp__IsProcessorFeaturePresent@4 10023040     kernel32:KERNEL32.dll
 0005:00000044       __imp__TerminateProcess@8  10023044     kernel32:KERNEL32.dll
 0005:00000048       __imp__GetCurrentProcess@0 10023048     kernel32:KERNEL32.dll
 0005:0000004c       __imp__SetUnhandledExceptionFilter@4 1002304c     kernel32:KERNEL32.dll
 0005:00000050       __imp__UnhandledExceptionFilter@4 10023050     kernel32:KERNEL32.dll
 0005:00000054       __imp__WideCharToMultiByte@32 10023054     kernel32:KERNEL32.dll
 0005:00000058       __imp__MultiByteToWideChar@24 10023058     kernel32:KERNEL32.dll
 0005:0000005c       \177KERNEL32_NULL_THUNK_DATA 1002305c     kernel32:KERNEL32.dll
 0005:00000098       __imp_??1_Lockit@std@@QAE@XZ 10023098     msvcprtd:MSVCP140D.dll
 0005:0000009c       __imp_?_Xlength_error@std@@YAXPBD@Z 1002309c     msvcprtd:MSVCP140D.dll
 0005:000000a0       __imp_??0_Lockit@std@@QAE@H@Z 100230a0     msvcprtd:MSVCP140D.dll
 0005:000000a4       \177MSVCP140D_NULL_THUNK_DATA 100230a4     msvcprtd:MSVCP140D.dll
 0005:000000d0       __imp____std_exception_destroy 100230d0     vcruntimed:VCRUNTIME140D.dll
 0005:000000d4       __imp___CxxThrowException@8 100230d4     vcruntimed:VCRUNTIME140D.dll
 0005:000000d8       __imp____CxxFrameHandler3  100230d8     vcruntimed:VCRUNTIME140D.dll
 0005:000000dc       __imp__memset              100230dc     vcruntimed:VCRUNTIME140D.dll
 0005:000000e0       __imp____std_type_info_destroy_list 100230e0     vcruntimed:VCRUNTIME140D.dll
 0005:000000e4       __imp____current_exception 100230e4     vcruntimed:VCRUNTIME140D.dll
 0005:000000e8       __imp____current_exception_context 100230e8     vcruntimed:VCRUNTIME140D.dll
 0005:000000ec       __imp___except_handler4_common 100230ec     vcruntimed:VCRUNTIME140D.dll
 0005:000000f0       __imp____vcrt_GetModuleFileNameW 100230f0     vcruntimed:VCRUNTIME140D.dll
 0005:000000f4       __imp____vcrt_GetModuleHandleW 100230f4     vcruntimed:VCRUNTIME140D.dll
 0005:000000f8       __imp____vcrt_LoadLibraryExW 100230f8     vcruntimed:VCRUNTIME140D.dll
 0005:000000fc       __imp____std_exception_copy 100230fc     vcruntimed:VCRUNTIME140D.dll
 0005:00000100       __imp__memmove             10023100     vcruntimed:VCRUNTIME140D.dll
 0005:00000104       \177VCRUNTIME140D_NULL_THUNK_DATA 10023104     vcruntimed:VCRUNTIME140D.dll
 0005:00000138       __imp___wsplitpath_s       10023138     ucrtd:ucrtbased.dll
 0005:0000013c       __imp__strcpy_s            1002313c     ucrtd:ucrtbased.dll
 0005:00000140       __imp___initterm_e         10023140     ucrtd:ucrtbased.dll
 0005:00000144       __imp___wmakepath_s        10023144     ucrtd:ucrtbased.dll
 0005:00000148       __imp__malloc              10023148     ucrtd:ucrtbased.dll
 0005:0000014c       __imp___callnewh           1002314c     ucrtd:ucrtbased.dll
 0005:00000150       __imp___CrtDbgReportW      10023150     ucrtd:ucrtbased.dll
 0005:00000154       __imp___CrtDbgReport       10023154     ucrtd:ucrtbased.dll
 0005:00000158       __imp___invalid_parameter  10023158     ucrtd:ucrtbased.dll
 0005:0000015c       __imp__wcscpy_s            1002315c     ucrtd:ucrtbased.dll
 0005:00000160       __imp__terminate           10023160     ucrtd:ucrtbased.dll
 0005:00000164       __imp___cexit              10023164     ucrtd:ucrtbased.dll
 0005:00000168       __imp___crt_at_quick_exit  10023168     ucrtd:ucrtbased.dll
 0005:0000016c       __imp___crt_atexit         1002316c     ucrtd:ucrtbased.dll
 0005:00000170       __imp___execute_onexit_table 10023170     ucrtd:ucrtbased.dll
 0005:00000174       __imp__strcat_s            10023174     ucrtd:ucrtbased.dll
 0005:00000178       __imp___initialize_onexit_table 10023178     ucrtd:ucrtbased.dll
 0005:0000017c       __imp___initialize_narrow_environment 1002317c     ucrtd:ucrtbased.dll
 0005:00000180       __imp___configure_narrow_argv 10023180     ucrtd:ucrtbased.dll
 0005:00000184       __imp___seh_filter_dll     10023184     ucrtd:ucrtbased.dll
 0005:00000188       __imp___free_dbg           10023188     ucrtd:ucrtbased.dll
 0005:0000018c       __imp___initterm           1002318c     ucrtd:ucrtbased.dll
 0005:00000190       __imp____stdio_common_vsprintf_s 10023190     ucrtd:ucrtbased.dll
 0005:00000194       __imp___register_onexit_function 10023194     ucrtd:ucrtbased.dll
 0005:00000198       \177ucrtbased_NULL_THUNK_DATA 10023198     ucrtd:ucrtbased.dll
 0005:000001d4       __IMPORT_DESCRIPTOR_MSVCP140D 100231d4     msvcprtd:MSVCP140D.dll
 0005:000001e8       __IMPORT_DESCRIPTOR_VCRUNTIME140D 100231e8     vcruntimed:VCRUNTIME140D.dll
 0005:000001fc       __IMPORT_DESCRIPTOR_ucrtbased 100231fc     ucrtd:ucrtbased.dll
 0005:00000210       __IMPORT_DESCRIPTOR_KERNEL32 10023210     kernel32:KERNEL32.dll
 0005:00000224       __NULL_IMPORT_DESCRIPTOR   10023224     msvcprtd:MSVCP140D.dll
 0007:00000000       ___guard_check_icall_fptr  10025000     MSVCRTD:guard_support.obj
 0007:00000004       ___guard_xfg_check_icall_fptr 10025004     MSVCRTD:guard_support.obj

 entry point at        0002:00000339

 Static symbols

 0000:fffd8000       .debug$S                   10000000     AlgoLib.exp
 0000:fffdc000       __guard_fids___except_handler4 10000000     MSVCRTD:chandler4gs.obj
 0000:fffdc000       __guard_fids_?dllmain_dispatch@@YAHQAUHINSTANCE__@@KQAX@Z 10000000     MSVCRTD:dll_dllmain.obj
 0000:fffdc000       __guard_fids__             10000000     MSVCRTD:guard_support.obj
 0000:fffdc000       __guard_fids__             10000000     MSVCRTD:guard_support.obj
 0000:fffdc000       __guard_fids___guard_icall_checks_enforced 10000000     MSVCRTD:guard_support.obj
 0000:fffdc000       __guard_fids___CRT_RTC_INIT 10000000     MSVCRTD:init.obj
 0000:fffdc000       __guard_fids___CRT_RTC_INITW 10000000     MSVCRTD:init.obj
 0000:fffdc000       __guard_fids__             10000000     MSVCRTD:std_type_info_static.obj
 0000:fffdc000       __guard_fids__             10000000     MSVCRTD:throw_bad_alloc.obj
 0000:fffdc000       __guard_fids__             10000000     MSVCRTD:throw_bad_alloc.obj
 0000:fffdc000       __guard_fids__             10000000     MSVCRTD:throw_bad_alloc.obj
 0000:fffdc000       __guard_fids__             10000000     MSVCRTD:throw_bad_alloc.obj
 0000:fffdc000       __guard_fids__             10000000     MSVCRTD:throw_bad_alloc.obj
 0000:fffdc000       __guard_fids__             10000000     MSVCRTD:throw_bad_alloc.obj
 0000:fffdc000       __guard_fids__             10000000     MSVCRTD:throw_bad_alloc.obj
 0000:fffdc000       __guard_fids__             10000000     MSVCRTD:throw_bad_alloc.obj
 0000:fffdc000       __guard_fids____scrt_set_unhandled_exception_filter 10000000     MSVCRTD:utility_desktop.obj
 0000:fffd8000       .debug$S                   10000000     msvcprtd:MSVCP140D.dll
 0000:fffd8000       .debug$S                   10000000     msvcprtd:MSVCP140D.dll
 0000:fffd8000       .debug$S                   10000000     msvcprtd:MSVCP140D.dll
 0000:fffd8000       .debug$S                   10000000     vcruntimed:VCRUNTIME140D.dll
 0000:fffd8000       .debug$S                   10000000     vcruntimed:VCRUNTIME140D.dll
 0000:fffd8000       .debug$S                   10000000     vcruntimed:VCRUNTIME140D.dll
 0000:fffd8000       .debug$S                   10000000     vcruntimed:VCRUNTIME140D.dll
 0000:fffd8000       .debug$S                   10000000     vcruntimed:VCRUNTIME140D.dll
 0000:fffd8000       .debug$S                   10000000     vcruntimed:VCRUNTIME140D.dll
 0000:fffd8000       .debug$S                   10000000     vcruntimed:VCRUNTIME140D.dll
 0000:fffd8000       .debug$S                   10000000     vcruntimed:VCRUNTIME140D.dll
 0000:fffd8000       .debug$S                   10000000     vcruntimed:VCRUNTIME140D.dll
 0000:fffd8000       .debug$S                   10000000     vcruntimed:VCRUNTIME140D.dll
 0000:fffd8000       .debug$S                   10000000     vcruntimed:VCRUNTIME140D.dll
 0000:fffd8000       .debug$S                   10000000     vcruntimed:VCRUNTIME140D.dll
 0000:fffd8000       .debug$S                   10000000     vcruntimed:VCRUNTIME140D.dll
 0000:fffd8000       .debug$S                   10000000     ucrtd:ucrtbased.dll
 0000:fffd8000       .debug$S                   10000000     ucrtd:ucrtbased.dll
 0000:fffd8000       .debug$S                   10000000     ucrtd:ucrtbased.dll
 0000:fffd8000       .debug$S                   10000000     ucrtd:ucrtbased.dll
 0000:fffd8000       .debug$S                   10000000     ucrtd:ucrtbased.dll
 0000:fffd8000       .debug$S                   10000000     ucrtd:ucrtbased.dll
 0000:fffd8000       .debug$S                   10000000     ucrtd:ucrtbased.dll
 0000:fffd8000       .debug$S                   10000000     ucrtd:ucrtbased.dll
 0000:fffd8000       .debug$S                   10000000     ucrtd:ucrtbased.dll
 0000:fffd8000       .debug$S                   10000000     ucrtd:ucrtbased.dll
 0000:fffd8000       .debug$S                   10000000     ucrtd:ucrtbased.dll
 0000:fffd8000       .debug$S                   10000000     ucrtd:ucrtbased.dll
 0000:fffd8000       .debug$S                   10000000     ucrtd:ucrtbased.dll
 0000:fffd8000       .debug$S                   10000000     ucrtd:ucrtbased.dll
 0000:fffd8000       .debug$S                   10000000     ucrtd:ucrtbased.dll
 0000:fffd8000       .debug$S                   10000000     ucrtd:ucrtbased.dll
 0000:fffd8000       .debug$S                   10000000     ucrtd:ucrtbased.dll
 0000:fffd8000       .debug$S                   10000000     ucrtd:ucrtbased.dll
 0000:fffd8000       .debug$S                   10000000     ucrtd:ucrtbased.dll
 0000:fffd8000       .debug$S                   10000000     ucrtd:ucrtbased.dll
 0000:fffd8000       .debug$S                   10000000     ucrtd:ucrtbased.dll
 0000:fffd8000       .debug$S                   10000000     ucrtd:ucrtbased.dll
 0000:fffd8000       .debug$S                   10000000     ucrtd:ucrtbased.dll
 0000:fffd8000       .debug$S                   10000000     ucrtd:ucrtbased.dll
 0000:fffd8000       .debug$S                   10000000     kernel32:KERNEL32.dll
 0000:fffd8000       .debug$S                   10000000     kernel32:KERNEL32.dll
 0000:fffd8000       .debug$S                   10000000     kernel32:KERNEL32.dll
 0000:fffd8000       .debug$S                   10000000     kernel32:KERNEL32.dll
 0000:fffd8000       .debug$S                   10000000     kernel32:KERNEL32.dll
 0000:fffd8000       .debug$S                   10000000     kernel32:KERNEL32.dll
 0000:fffd8000       .debug$S                   10000000     kernel32:KERNEL32.dll
 0000:fffd8000       .debug$S                   10000000     kernel32:KERNEL32.dll
 0000:fffd8000       .debug$S                   10000000     kernel32:KERNEL32.dll
 0000:fffd8000       .debug$S                   10000000     kernel32:KERNEL32.dll
 0000:fffd8000       .debug$S                   10000000     kernel32:KERNEL32.dll
 0000:fffd8000       .debug$S                   10000000     kernel32:KERNEL32.dll
 0000:fffd8000       .debug$S                   10000000     kernel32:KERNEL32.dll
 0000:fffd8000       .debug$S                   10000000     kernel32:KERNEL32.dll
 0000:fffd8000       .debug$S                   10000000     kernel32:KERNEL32.dll
 0000:fffd8000       .debug$S                   10000000     kernel32:KERNEL32.dll
 0000:fffd8000       .debug$S                   10000000     kernel32:KERNEL32.dll
 0000:fffd8000       .debug$S                   10000000     kernel32:KERNEL32.dll
 0000:fffd8000       .debug$S                   10000000     kernel32:KERNEL32.dll
 0000:fffd8000       .debug$S                   10000000     kernel32:KERNEL32.dll
 0000:fffd8000       .debug$S                   10000000     kernel32:KERNEL32.dll
 0000:fffd8000       .debug$S                   10000000     kernel32:KERNEL32.dll
 0000:fffd8000       .debug$S                   10000000     kernel32:KERNEL32.dll
 0002:000018e2       __catch$??$_Emplace_reallocate@ABH@?$vector@HV?$allocator@H@std@@@std@@QAEPAHQAHABH@Z$0 100128e2 f i SelectionSort.obj
 0002:00003268       $LN6                       10014268     SelectionSort.obj
 0002:00003270       $LN5                       10014270     SelectionSort.obj
 0002:0000327c       $LN3                       1001427c     SelectionSort.obj
 0002:00003524       $LN9                       10014524     SelectionSort.obj
 0002:0000352c       $LN8                       1001452c     SelectionSort.obj
 0002:00003538       $LN6                       10014538     SelectionSort.obj
 0002:00004070       $LN10                      10015070     SelectionSort.obj
 0002:00004078       $LN9                       10015078     SelectionSort.obj
 0002:00004090       $LN7                       10015090     SelectionSort.obj
 0002:00004096       $LN6                       10015096     SelectionSort.obj
 0002:000041a4       $LN10                      100151a4     SelectionSort.obj
 0002:000041ac       $LN9                       100151ac     SelectionSort.obj
 0002:000041b8       $LN7                       100151b8     SelectionSort.obj
 0002:00004e14       $LN11                      10015e14     SelectionSort.obj
 0002:00004e1c       $LN10                      10015e1c     SelectionSort.obj
 0002:00004e28       $LN9                       10015e28     SelectionSort.obj
 0002:00004f80       $LN8                       10015f80     SelectionSort.obj
 0002:00004f88       $LN7                       10015f88     SelectionSort.obj
 0002:00004f94       $LN5                       10015f94     SelectionSort.obj
 0002:00006670       ?dllmain_crt_dispatch@@YGHQAUHINSTANCE__@@KQAX@Z 10017670 f   MSVCRTD:dll_dllmain.obj
 0002:000066dc       $LN11                      100176dc     MSVCRTD:dll_dllmain.obj
 0002:00006710       ?dllmain_crt_process_attach@@YAHQAUHINSTANCE__@@QAX@Z 10017710 f   MSVCRTD:dll_dllmain.obj
 0002:000068e0       ?dllmain_crt_process_detach@@YAH_N@Z 100178e0 f   MSVCRTD:dll_dllmain.obj
 0002:00006a20       ?dllmain_dispatch@@YAHQAUHINSTANCE__@@KQAX@Z 10017a20 f   MSVCRTD:dll_dllmain.obj
 0002:00006c10       ?dllmain_raw@@YGHQAUHINSTANCE__@@KQAX@Z 10017c10 f   MSVCRTD:dll_dllmain.obj
 0002:00006cc0       ?DebuggerProbe@@YA_NK@Z    10017cc0 f   MSVCRTD:error.obj
 0002:00006d10       ?DebuggerRuntime@@YA_NKHPAXPB_W@Z 10017d10 f   MSVCRTD:error.obj
 0002:00006fe0       ?_getMemBlockDataString@@YAXPAD0PBDI@Z 10017fe0 f   MSVCRTD:error.obj
 0002:00007070       ?_strlen_priv@@YAIPBD@Z    10018070 f   MSVCRTD:error.obj
 0002:00007090       ?failwithmessage@@YAXPAXHHPBD@Z 10018090 f   MSVCRTD:error.obj
 0002:00007310       ?notify_debugger@@YAXABUtagEXCEPTION_VISUALCPP_DEBUG_INFO@@@Z 10018310 f   MSVCRTD:error.obj
 0002:00007ac0       ___get_entropy             10018ac0 f   MSVCRTD:gs_support.obj
 0002:00007cb0       ?find_pe_section@@YAPAU_IMAGE_SECTION_HEADER@@QAEI@Z 10018cb0 f   MSVCRTD:utility.obj
 0002:00007d70       ?is_potentially_valid_image_base@@YA_NQAX@Z 10018d70 f   MSVCRTD:utility.obj
 0002:00008990       ?GetPdbDll@@YAPAUHINSTANCE__@@XZ 10019990 f   MSVCRTD:pdblkup.obj
 0002:00008b20       ?GetPdbDllFromInstallPath@@YAPAUHINSTANCE__@@XZ 10019b20 f   MSVCRTD:pdblkup.obj
 0002:00008e10       ?GetPdbDllPathFromFilePath@@YAHPB_WPA_WI@Z 10019e10 f   MSVCRTD:pdblkup.obj
 0002:00009c34       $LN6                       1001ac34     SelectionSort.obj
 0002:00009c3c       $LN5                       1001ac3c     SelectionSort.obj
 0002:00009c48       $LN3                       1001ac48     SelectionSort.obj
 0002:00009e84       $LN23                      1001ae84     SelectionSort.obj
 0002:00009e8c       $LN22                      1001ae8c     SelectionSort.obj
 0002:00009eb0       $LN20                      1001aeb0     SelectionSort.obj
 0002:00009eb3       $LN19                      1001aeb3     SelectionSort.obj
 0002:00009ebc       $LN18                      1001aebc     SelectionSort.obj
 0002:0000b100       __ehhandler$??$?0$$V@?$_Compressed_pair@V?$allocator@H@std@@V?$_Vector_val@U?$_Simple_types@H@std@@@2@$00@std@@QAE@U_Zero_then_variadic_args_t@1@@Z 1001c100 f   SelectionSort.obj
 0002:0000b130       __ehhandler$??$?0H@?$allocator@U_Container_proxy@std@@@std@@QAE@ABV?$allocator@H@1@@Z 1001c130 f   SelectionSort.obj
 0002:0000b160       __ehhandler$??$?0V?$allocator@H@std@@$$V@?$_Compressed_pair@V?$allocator@H@std@@V?$_Vector_val@U?$_Simple_types@H@std@@@2@$00@std@@QAE@U_One_then_variadic_args_t@1@$$QAV?$allocator@H@1@@Z 1001c160 f   SelectionSort.obj
 0002:0000b190       __ehhandler$??$_Construct_in_place@U_Container_proxy@std@@PAU_Container_base12@2@@std@@YAXAAU_Container_proxy@0@$$QAPAU_Container_base12@0@@Z 1001c190 f   SelectionSort.obj
 0002:0000b1c0       __ehhandler$??$_Deallocate@$07$0A@@std@@YAXPAXI@Z 1001c1c0 f   SelectionSort.obj
 0002:0000b1f0       __ehhandler$??$_Deallocate_plain@V?$allocator@U_Container_proxy@std@@@std@@@std@@YAXAAV?$allocator@U_Container_proxy@std@@@0@QAU_Container_proxy@0@@Z 1001c1f0 f   SelectionSort.obj
 0002:0000b220       __ehhandler$??$_Delete_plain_internal@V?$allocator@U_Container_proxy@std@@@std@@@std@@YAXAAV?$allocator@U_Container_proxy@std@@@0@QAU_Container_proxy@0@@Z 1001c220 f   SelectionSort.obj
 0002:0000b250       __ehhandler$??$_Destroy_range@V?$allocator@H@std@@@std@@YAXPAHQAHAAV?$allocator@H@0@@Z 1001c250 f   SelectionSort.obj
 0002:0000b280       __ehhandler$??$_Emplace_reallocate@ABH@?$vector@HV?$allocator@H@std@@@std@@QAEPAHQAHABH@Z 1001c280 f   SelectionSort.obj
 0002:0000b2b0       __ehhandler$??$_Unfancy@H@std@@YAPAHPAH@Z 1001c2b0 f   SelectionSort.obj
 0002:0000b2e0       __ehhandler$??$_Unfancy@U_Container_proxy@std@@@std@@YAPAU_Container_proxy@0@PAU10@@Z 1001c2e0 f   SelectionSort.obj
 0002:0000b310       __ehhandler$??$addressof@U_Container_proxy@std@@@std@@YAPAU_Container_proxy@0@AAU10@@Z 1001c310 f   SelectionSort.obj
 0002:0000b340       __ehhandler$??$addressof@V?$_Vector_val@U?$_Simple_types@H@std@@@std@@@std@@YAPAV?$_Vector_val@U?$_Simple_types@H@std@@@0@AAV10@@Z 1001c340 f   SelectionSort.obj
 0002:0000b370       __ehhandler$??$exchange@PAU_Container_proxy@std@@$$T@std@@YAPAU_Container_proxy@0@AAPAU10@$$QA$$T@Z 1001c370 f   SelectionSort.obj
 0002:0000b3a0       __ehhandler$??$forward@ABH@std@@YAABHABH@Z 1001c3a0 f   SelectionSort.obj
 0002:0000b3d0       __ehhandler$??$forward@PAU_Container_base12@std@@@std@@YA$$QAPAU_Container_base12@0@AAPAU10@@Z 1001c3d0 f   SelectionSort.obj
 0002:0000b400       __ehhandler$??$forward@V?$allocator@H@std@@@std@@YA$$QAV?$allocator@H@0@AAV10@@Z 1001c400 f   SelectionSort.obj
 0002:0000b430       __ehhandler$??$min@I@std@@YAABIABI0@Z 1001c430 f   SelectionSort.obj
 0002:0000b460       __ehhandler$??$move@AAH@std@@YA$$QAHAAH@Z 1001c460 f   SelectionSort.obj
 0002:0000b490       __ehhandler$??$move@AAV?$allocator@H@std@@@std@@YA$$QAV?$allocator@H@0@AAV10@@Z 1001c490 f   SelectionSort.obj
 0002:0000b4c0       __ehhandler$??0?$_Vector_const_iterator@V?$_Vector_val@U?$_Simple_types@H@std@@@std@@@std@@QAE@PAHPBU_Container_base12@1@@Z 1001c4c0 f   SelectionSort.obj
 0002:0000b4f0       __ehhandler$??0?$_Vector_val@U?$_Simple_types@H@std@@@std@@QAE@XZ 1001c4f0 f   SelectionSort.obj
 0002:0000b520       __ehhandler$??0?$allocator@H@std@@QAE@XZ 1001c520 f   SelectionSort.obj
 0002:0000b550       __ehhandler$??0?$vector@HV?$allocator@H@std@@@std@@QAE@$$QAV01@@Z 1001c550 f   SelectionSort.obj
 0002:0000b580       __ehhandler$??0?$vector@HV?$allocator@H@std@@@std@@QAE@XZ 1001c580 f   SelectionSort.obj
 0002:0000b5b0       __ehhandler$??0_Container_base12@std@@QAE@XZ 1001c5b0 f   SelectionSort.obj
 0002:0000b5e0       __ehhandler$??0_Container_proxy@std@@QAE@PAU_Container_base12@1@@Z 1001c5e0 f   SelectionSort.obj
 0002:0000b610       __ehhandler$??0_Iterator_base12@std@@QAE@ABU01@@Z 1001c610 f   SelectionSort.obj
 0002:0000b640       __ehhandler$??0_Iterator_base12@std@@QAE@XZ 1001c640 f   SelectionSort.obj
 0002:0000b670       __ehhandler$??0bad_alloc@std@@AAE@QBD@Z 1001c670 f   SelectionSort.obj
 0002:0000b6a0       __ehhandler$??0bad_array_new_length@std@@QAE@XZ 1001c6a0 f   SelectionSort.obj
 0002:0000b6d0       __ehhandler$??0exception@std@@QAE@ABV01@@Z 1001c6d0 f   SelectionSort.obj
 0002:0000b700       __ehhandler$??0exception@std@@QAE@QBDH@Z 1001c700 f   SelectionSort.obj
 0002:0000b730       __ehhandler$??1?$vector@HV?$allocator@H@std@@@std@@QAE@XZ 1001c730 f   SelectionSort.obj
 0002:0000b760       __ehhandler$??1_Iterator_base12@std@@QAE@XZ 1001c760 f   SelectionSort.obj
 0002:0000b7a0       __ehhandler$??1exception@std@@UAE@XZ 1001c7a0 f   SelectionSort.obj
 0002:0000b7e0       __ehhandler$??2@YAPAXIPAX@Z 1001c7e0 f   SelectionSort.obj
 0002:0000b810       __ehhandler$??4_Iterator_base12@std@@QAEAAU01@ABU01@@Z 1001c810 f   SelectionSort.obj
 0002:0000b880       __ehhandler$?_Adopt@_Iterator_base12@std@@QAEXPBU_Container_base12@2@@Z 1001c880 f   SelectionSort.obj
 0002:0000b8f0       __ehhandler$?_Get_first@?$_Compressed_pair@V?$allocator@H@std@@V?$_Vector_val@U?$_Simple_types@H@std@@@2@$00@std@@QAEAAV?$allocator@H@2@XZ 1001c8f0 f   SelectionSort.obj
 0002:0000b930       __ehhandler$?_Get_first@?$_Compressed_pair@V?$allocator@H@std@@V?$_Vector_val@U?$_Simple_types@H@std@@@2@$00@std@@QBEABV?$allocator@H@2@XZ 1001c930 f   SelectionSort.obj
 0002:0000b960       __ehhandler$?_Getal@?$vector@HV?$allocator@H@std@@@std@@AAEAAV?$allocator@H@2@XZ 1001c960 f   SelectionSort.obj
 0002:0000b990       __ehhandler$?_Getal@?$vector@HV?$allocator@H@std@@@std@@ABEABV?$allocator@H@2@XZ 1001c990 f   SelectionSort.obj
 0002:0000b9c0       __ehhandler$?_Getcont@_Iterator_base12@std@@QBEPBU_Container_base12@2@XZ 1001c9c0 f   SelectionSort.obj
 0002:0000b9f0       __ehhandler$?_Move_construct@?$vector@HV?$allocator@H@std@@@std@@AAEXAAV12@U?$integral_constant@_N$00@2@@Z 1001c9f0 f   SelectionSort.obj
 0002:0000ba20       __ehhandler$?_Orphan_all@_Container_base12@std@@QAEXXZ 1001ca20 f   SelectionSort.obj
 0002:0000ba50       __ehhandler$?_Orphan_me@_Iterator_base12@std@@QAEXXZ 1001ca50 f   SelectionSort.obj
 0002:0000ba90       __ehhandler$?_Swap_proxy_and_iterators@_Container_base12@std@@QAEXAAU12@@Z 1001ca90 f   SelectionSort.obj
 0002:0000bac0       __ehhandler$?_Take_contents@?$_Vector_val@U?$_Simple_types@H@std@@@std@@QAEXAAV12@@Z 1001cac0 f   SelectionSort.obj
 0002:0000bb00       __ehhandler$?_Tidy@?$vector@HV?$allocator@H@std@@@std@@AAEXXZ 1001cb00 f   SelectionSort.obj
 0002:0000bb30       __ehhandler$?begin@?$vector@HV?$allocator@H@std@@@std@@QAE?AV?$_Vector_iterator@V?$_Vector_val@U?$_Simple_types@H@std@@@std@@@2@XZ 1001cb30 f   SelectionSort.obj
 0002:0000bb60       __ehhandler$?capacity@?$vector@HV?$allocator@H@std@@@std@@QBEIXZ 1001cb60 f   SelectionSort.obj
 0002:0000bb90       __ehhandler$?end@?$vector@HV?$allocator@H@std@@@std@@QAE?AV?$_Vector_iterator@V?$_Vector_val@U?$_Simple_types@H@std@@@std@@@2@XZ 1001cb90 f   SelectionSort.obj
 0002:0000bbc0       __ehhandler$?erase@?$vector@HV?$allocator@H@std@@@std@@QAE?AV?$_Vector_iterator@V?$_Vector_val@U?$_Simple_types@H@std@@@std@@@2@V?$_Vector_const_iterator@V?$_Vector_val@U?$_Simple_types@H@std@@@std@@@2@@Z 1001cbc0 f   SelectionSort.obj
 0002:0000bbf0       __ehhandler$?max@?$numeric_limits@H@std@@SAHXZ 1001cbf0 f   SelectionSort.obj
 0002:0000bc20       __ehhandler$?max_size@?$_Default_allocator_traits@V?$allocator@H@std@@@std@@SAIABV?$allocator@H@2@@Z 1001cc20 f   SelectionSort.obj
 0002:0000bc50       __ehhandler$?max_size@?$vector@HV?$allocator@H@std@@@std@@QBEIXZ 1001cc50 f   SelectionSort.obj
 0002:0000bc80       __ehhandler$?size@?$vector@HV?$allocator@H@std@@@std@@QBEIXZ 1001cc80 f   SelectionSort.obj
 0002:0000bcd0       __unwindfunclet$?Sort@SelectionSort@@QAE?AV?$vector@HV?$allocator@H@std@@@std@@V23@@Z$0 1001ccd0 f   SelectionSort.obj
 0002:0000bcd8       __unwindfunclet$?Sort@SelectionSort@@QAE?AV?$vector@HV?$allocator@H@std@@@std@@V23@@Z$1 1001ccd8 f   SelectionSort.obj
 0002:0000bce0       __unwindfunclet$?Sort@SelectionSort@@QAE?AV?$vector@HV?$allocator@H@std@@@std@@V23@@Z$2 1001cce0 f   SelectionSort.obj
 0002:0000bce8       __unwindfunclet$?Sort@SelectionSort@@QAE?AV?$vector@HV?$allocator@H@std@@@std@@V23@@Z$3 1001cce8 f   SelectionSort.obj
 0002:0000bcf0       __unwindfunclet$?Sort@SelectionSort@@QAE?AV?$vector@HV?$allocator@H@std@@@std@@V23@@Z$4 1001ccf0 f   SelectionSort.obj
 0002:0000bd00       __ehhandler$?Sort@SelectionSort@@QAE?AV?$vector@HV?$allocator@H@std@@@std@@V23@@Z 1001cd00 f   SelectionSort.obj
 0003:00001468       ?_RTC_ErrorMessages@@3QBQBDB 1001f468     MSVCRTD:error.obj
 0003:00001480       ?_RTC_NoFalsePositives@@3QBHB 1001f480     MSVCRTD:error.obj
 0003:00001498       ?stack_premsg@@3QBDB       1001f498     MSVCRTD:error.obj
 0003:000014b4       ?stack_postmsg@@3QBDB      1001f4b4     MSVCRTD:error.obj
 0003:000014c8       ?uninit_premsg@@3QBDB      1001f4c8     MSVCRTD:error.obj
 0003:000014d8       ?uninit_postmsg@@3QBDB     1001f4d8     MSVCRTD:error.obj
 0003:00001b28       ?_RTC_errlist@@3QBQBDB     1001fb28     MSVCRTD:userapi.obj
 0003:00001c20       _GS_ExceptionPointers      1001fc20     MSVCRTD:gs_report.obj
 0003:00001c2c       ?mspdbName@@3QB_WB         1001fc2c     MSVCRTD:pdblkup.obj
 0003:00001c50       ?debugCrtFileName@@3QB_WB  1001fc50     MSVCRTD:pdblkup.obj
 0003:00001de0       ?dllExt@?1??GetPdbDllPathFromFilePath@@YAHPB_WPA_WI@Z@4QB_WB 1001fde0     MSVCRTD:pdblkup.obj
 0003:00001dec       ?mspdbFilename@?1??GetPdbDllPathFromFilePath@@YAHPB_WPA_WI@Z@4QB_WB 1001fdec     MSVCRTD:pdblkup.obj
 0003:00002578       __RTC_InitBase.rtc$IMZ     10020578     BinarySearch.obj
 0003:0000257c       __RTC_InitBase.rtc$IMZ     1002057c     dllmain.obj
 0003:00002580       __RTC_InitBase.rtc$IMZ     10020580     SelectionSort.obj
 0003:00002584       __RTC_InitBase.rtc$IMZ     10020584     SequentialSearch.obj
 0003:00002894       __RTC_Shutdown.rtc$TMZ     10020894     BinarySearch.obj
 0003:00002898       __RTC_Shutdown.rtc$TMZ     10020898     dllmain.obj
 0003:0000289c       __RTC_Shutdown.rtc$TMZ     1002089c     SelectionSort.obj
 0003:000028a0       __RTC_Shutdown.rtc$TMZ     100208a0     SequentialSearch.obj
 0003:00002ab0       __ehfuncinfo$??2@YAPAXIPAX@Z 10020ab0     SelectionSort.obj
 0003:00002ad8       __ehfuncinfo$?max@?$numeric_limits@H@std@@SAHXZ 10020ad8     SelectionSort.obj
 0003:00002b00       __ehfuncinfo$??0exception@std@@QAE@QBDH@Z 10020b00     SelectionSort.obj
 0003:00002b28       __ehfuncinfo$??0exception@std@@QAE@ABV01@@Z 10020b28     SelectionSort.obj
 0003:00002b50       __ehfuncinfo$??1exception@std@@UAE@XZ 10020b50     SelectionSort.obj
 0003:00002b78       __ehfuncinfo$??0bad_alloc@std@@AAE@QBD@Z 10020b78     SelectionSort.obj
 0003:00002ba0       __ehfuncinfo$??0bad_array_new_length@std@@QAE@XZ 10020ba0     SelectionSort.obj
 0003:00002bc8       __ehfuncinfo$??0_Container_proxy@std@@QAE@PAU_Container_base12@1@@Z 10020bc8     SelectionSort.obj
 0003:00002bf0       __ehfuncinfo$??0_Container_base12@std@@QAE@XZ 10020bf0     SelectionSort.obj
 0003:00002c18       __ehfuncinfo$?_Orphan_all@_Container_base12@std@@QAEXXZ 10020c18     SelectionSort.obj
 0003:00002c40       __ehfuncinfo$?_Swap_proxy_and_iterators@_Container_base12@std@@QAEXAAU12@@Z 10020c40     SelectionSort.obj
 0003:00002c68       __ehfuncinfo$??0_Iterator_base12@std@@QAE@XZ 10020c68     SelectionSort.obj
 0003:00002c90       __ehfuncinfo$??0_Iterator_base12@std@@QAE@ABU01@@Z 10020c90     SelectionSort.obj
 0003:00002cb8       __ehfuncinfo$??4_Iterator_base12@std@@QAEAAU01@ABU01@@Z 10020cb8     SelectionSort.obj
 0003:00002ce0       __ehfuncinfo$??1_Iterator_base12@std@@QAE@XZ 10020ce0     SelectionSort.obj
 0003:00002d08       __ehfuncinfo$?_Adopt@_Iterator_base12@std@@QAEXPBU_Container_base12@2@@Z 10020d08     SelectionSort.obj
 0003:00002d30       __ehfuncinfo$?_Getcont@_Iterator_base12@std@@QBEPBU_Container_base12@2@XZ 10020d30     SelectionSort.obj
 0003:00002d58       __ehfuncinfo$?_Orphan_me@_Iterator_base12@std@@QAEXXZ 10020d58     SelectionSort.obj
 0003:00002d80       __ehfuncinfo$??$_Construct_in_place@U_Container_proxy@std@@PAU_Container_base12@2@@std@@YAXAAU_Container_proxy@0@$$QAPAU_Container_base12@0@@Z 10020d80     SelectionSort.obj
 0003:00002da8       __ehfuncinfo$?Sort@SelectionSort@@QAE?AV?$vector@HV?$allocator@H@std@@@std@@V23@@Z 10020da8     SelectionSort.obj
 0003:00002dcc       __unwindtable$?Sort@SelectionSort@@QAE?AV?$vector@HV?$allocator@H@std@@@std@@V23@@Z 10020dcc     SelectionSort.obj
 0003:00002dfc       __ehfuncinfo$??0?$allocator@H@std@@QAE@XZ 10020dfc     SelectionSort.obj
 0003:00002e24       __ehfuncinfo$?max_size@?$_Default_allocator_traits@V?$allocator@H@std@@@std@@SAIABV?$allocator@H@2@@Z 10020e24     SelectionSort.obj
 0003:00002e4c       __ehfuncinfo$??0?$vector@HV?$allocator@H@std@@@std@@QAE@XZ 10020e4c     SelectionSort.obj
 0003:00002e74       __ehfuncinfo$?_Move_construct@?$vector@HV?$allocator@H@std@@@std@@AAEXAAV12@U?$integral_constant@_N$00@2@@Z 10020e74     SelectionSort.obj
 0003:00002e9c       __ehfuncinfo$??0?$vector@HV?$allocator@H@std@@@std@@QAE@$$QAV01@@Z 10020e9c     SelectionSort.obj
 0003:00002ec4       __ehfuncinfo$??1?$vector@HV?$allocator@H@std@@@std@@QAE@XZ 10020ec4     SelectionSort.obj
 0003:00002eec       __ehfuncinfo$?erase@?$vector@HV?$allocator@H@std@@@std@@QAE?AV?$_Vector_iterator@V?$_Vector_val@U?$_Simple_types@H@std@@@std@@@2@V?$_Vector_const_iterator@V?$_Vector_val@U?$_Simple_types@H@std@@@std@@@2@@Z 10020eec     SelectionSort.obj
 0003:00002f14       __ehfuncinfo$?begin@?$vector@HV?$allocator@H@std@@@std@@QAE?AV?$_Vector_iterator@V?$_Vector_val@U?$_Simple_types@H@std@@@std@@@2@XZ 10020f14     SelectionSort.obj
 0003:00002f3c       __ehfuncinfo$?end@?$vector@HV?$allocator@H@std@@@std@@QAE?AV?$_Vector_iterator@V?$_Vector_val@U?$_Simple_types@H@std@@@std@@@2@XZ 10020f3c     SelectionSort.obj
 0003:00002f64       __ehfuncinfo$?size@?$vector@HV?$allocator@H@std@@@std@@QBEIXZ 10020f64     SelectionSort.obj
 0003:00002f8c       __ehfuncinfo$?max_size@?$vector@HV?$allocator@H@std@@@std@@QBEIXZ 10020f8c     SelectionSort.obj
 0003:00002fb4       __ehfuncinfo$?capacity@?$vector@HV?$allocator@H@std@@@std@@QBEIXZ 10020fb4     SelectionSort.obj
 0003:00002fdc       __ehfuncinfo$?_Tidy@?$vector@HV?$allocator@H@std@@@std@@AAEXXZ 10020fdc     SelectionSort.obj
 0003:00003004       __ehfuncinfo$?_Getal@?$vector@HV?$allocator@H@std@@@std@@AAEAAV?$allocator@H@2@XZ 10021004     SelectionSort.obj
 0003:0000302c       __ehfuncinfo$?_Getal@?$vector@HV?$allocator@H@std@@@std@@ABEABV?$allocator@H@2@XZ 1002102c     SelectionSort.obj
 0003:00003054       __ehfuncinfo$??0?$_Vector_val@U?$_Simple_types@H@std@@@std@@QAE@XZ 10021054     SelectionSort.obj
 0003:0000307c       __ehfuncinfo$?_Take_contents@?$_Vector_val@U?$_Simple_types@H@std@@@std@@QAEXAAV12@@Z 1002107c     SelectionSort.obj
 0003:000030a4       __ehfuncinfo$?_Get_first@?$_Compressed_pair@V?$allocator@H@std@@V?$_Vector_val@U?$_Simple_types@H@std@@@2@$00@std@@QAEAAV?$allocator@H@2@XZ 100210a4     SelectionSort.obj
 0003:000030cc       __ehfuncinfo$?_Get_first@?$_Compressed_pair@V?$allocator@H@std@@V?$_Vector_val@U?$_Simple_types@H@std@@@2@$00@std@@QBEABV?$allocator@H@2@XZ 100210cc     SelectionSort.obj
 0003:000030f4       __ehfuncinfo$??0?$_Vector_const_iterator@V?$_Vector_val@U?$_Simple_types@H@std@@@std@@@std@@QAE@PAHPBU_Container_base12@1@@Z 100210f4     SelectionSort.obj
 0003:0000311c       __ehfuncinfo$??$addressof@V?$_Vector_val@U?$_Simple_types@H@std@@@std@@@std@@YAPAV?$_Vector_val@U?$_Simple_types@H@std@@@0@AAV10@@Z 1002111c     SelectionSort.obj
 0003:00003144       __ehfuncinfo$??$_Unfancy@H@std@@YAPAHPAH@Z 10021144     SelectionSort.obj
 0003:0000316c       __ehfuncinfo$??$forward@ABH@std@@YAABHABH@Z 1002116c     SelectionSort.obj
 0003:000031bc       __ehfuncinfo$??$?0H@?$allocator@U_Container_proxy@std@@@std@@QAE@ABV?$allocator@H@1@@Z 100211bc     SelectionSort.obj
 0003:0000321c       __ehfuncinfo$??$exchange@PAU_Container_proxy@std@@$$T@std@@YAPAU_Container_proxy@0@AAPAU10@$$QA$$T@Z 1002121c     SelectionSort.obj
 0003:00003244       __ehfuncinfo$??$_Delete_plain_internal@V?$allocator@U_Container_proxy@std@@@std@@@std@@YAXAAV?$allocator@U_Container_proxy@std@@@0@QAU_Container_proxy@0@@Z 10021244     SelectionSort.obj
 0003:0000326c       __ehfuncinfo$??$move@AAV?$allocator@H@std@@@std@@YA$$QAV?$allocator@H@0@AAV10@@Z 1002126c     SelectionSort.obj
 0003:00003294       __ehfuncinfo$??$?0V?$allocator@H@std@@$$V@?$_Compressed_pair@V?$allocator@H@std@@V?$_Vector_val@U?$_Simple_types@H@std@@@2@$00@std@@QAE@U_One_then_variadic_args_t@1@$$QAV?$allocator@H@1@@Z 10021294     SelectionSort.obj
 0003:000032bc       __ehfuncinfo$??$?0$$V@?$_Compressed_pair@V?$allocator@H@std@@V?$_Vector_val@U?$_Simple_types@H@std@@@2@$00@std@@QAE@U_Zero_then_variadic_args_t@1@@Z 100212bc     SelectionSort.obj
 0003:000032e4       __ehfuncinfo$??$_Destroy_range@V?$allocator@H@std@@@std@@YAXPAHQAHAAV?$allocator@H@0@@Z 100212e4     SelectionSort.obj
 0003:0000330c       __ehfuncinfo$??$_Deallocate@$07$0A@@std@@YAXPAXI@Z 1002130c     SelectionSort.obj
 0003:00003334       __ehfuncinfo$??$move@AAH@std@@YA$$QAHAAH@Z 10021334     SelectionSort.obj
 0003:0000335c       __ehfuncinfo$??$_Deallocate_plain@V?$allocator@U_Container_proxy@std@@@std@@@std@@YAXAAV?$allocator@U_Container_proxy@std@@@0@QAU_Container_proxy@0@@Z 1002135c     SelectionSort.obj
 0003:00003384       __ehfuncinfo$??$forward@V?$allocator@H@std@@@std@@YA$$QAV?$allocator@H@0@AAV10@@Z 10021384     SelectionSort.obj
 0003:000033ac       __ehfuncinfo$??$_Unfancy@U_Container_proxy@std@@@std@@YAPAU_Container_proxy@0@PAU10@@Z 100213ac     SelectionSort.obj
 0003:000033d4       __ehfuncinfo$??$min@I@std@@YAABIABI0@Z 100213d4     SelectionSort.obj
 0003:000033fc       __ehfuncinfo$??$addressof@U_Container_proxy@std@@@std@@YAPAU_Container_proxy@0@AAU10@@Z 100213fc     SelectionSort.obj
 0003:00003424       __ehfuncinfo$??$forward@PAU_Container_base12@std@@@std@@YA$$QAPAU_Container_base12@0@AAPAU10@@Z 10021424     SelectionSort.obj
 0003:00003500       __sehtable$?dllmain_crt_process_attach@@YAHQAUHINSTANCE__@@QAX@Z 10021500     MSVCRTD:dll_dllmain.obj
 0003:00003520       __sehtable$?dllmain_crt_process_detach@@YAH_N@Z 10021520     MSVCRTD:dll_dllmain.obj
 0003:00003550       __sehtable$?dllmain_dispatch@@YAHQAUHINSTANCE__@@KQAX@Z 10021550     MSVCRTD:dll_dllmain.obj
 0003:00003570       __sehtable$?notify_debugger@@YAXABUtagEXCEPTION_VISUALCPP_DEBUG_INFO@@@Z 10021570     MSVCRTD:error.obj
 0003:000035b8       __sehtable$___scrt_is_nonwritable_in_current_image 100215b8     MSVCRTD:utility.obj
 0003:000035d4       __catchsym$??$_Emplace_reallocate@ABH@?$vector@HV?$allocator@H@std@@@std@@QAEPAHQAHABH@Z$2 100215d4     SelectionSort.obj
 0003:000035e4       __unwindtable$??$_Emplace_reallocate@ABH@?$vector@HV?$allocator@H@std@@@std@@QAEPAHQAHABH@Z 100215e4     SelectionSort.obj
 0003:000035f4       __tryblocktable$??$_Emplace_reallocate@ABH@?$vector@HV?$allocator@H@std@@@std@@QAEPAHQAHABH@Z 100215f4     SelectionSort.obj
 0003:00003608       __ehfuncinfo$??$_Emplace_reallocate@ABH@?$vector@HV?$allocator@H@std@@@std@@QAEPAHQAHABH@Z 10021608     SelectionSort.obj
 0003:00003820       .edata                     10021820     AlgoLib.exp
 0003:00003848       rgpv                       10021848     AlgoLib.exp
 0003:00003864       rgszName                   10021864     AlgoLib.exp
 0003:00003880       rgwOrd                     10021880     AlgoLib.exp
 0003:0000388e       szName                     1002188e     AlgoLib.exp
 0003:0000389a       $N00001                    1002189a     AlgoLib.exp
 0003:000038bd       $N00002                    100218bd     AlgoLib.exp
 0003:000038de       $N00003                    100218de     AlgoLib.exp
 0003:00003905       $N00004                    10021905     AlgoLib.exp
 0003:0000392a       $N00005                    1002192a     AlgoLib.exp
 0003:0000394c       $N00006                    1002194c     AlgoLib.exp
 0003:00003972       $N00007                    10021972     AlgoLib.exp
 0004:000002d4       ?init@?1??_RTC_InitBase@@9@4_NA 100222d4     MSVCRTD:init.obj
 0004:000002d8       ?__proc_attached@@3HA      100222d8     MSVCRTD:dll_dllmain.obj
 0004:000002ec       ?_RTC_ErrorReportFunc@@3P6AHHPBDH00ZZA 100222ec     MSVCRTD:userapi.obj
 0004:000002f0       ?_RTC_ErrorReportFuncW@@3P6AHHPB_WH00ZZA 100222f0     MSVCRTD:userapi.obj
 0004:000002f8       _GS_ExceptionRecord        100222f8     MSVCRTD:gs_report.obj
 0004:00000348       _GS_ContextRecord          10022348     MSVCRTD:gs_report.obj
 0004:000006dc       ?is_initialized_as_dll@@3_NA 100226dc     MSVCRTD:utility.obj
 0004:000006dd       ?module_local_atexit_table_initialized@@3_NA 100226dd     MSVCRTD:utility.obj
 0004:000006e0       ?module_local_atexit_table@@3U_onexit_table_t@@A 100226e0     MSVCRTD:utility.obj
 0004:000006ec       ?module_local_at_quick_exit_table@@3U_onexit_table_t@@A 100226ec     MSVCRTD:utility.obj
 0004:00000704       ?mspdb@@3PAUHINSTANCE__@@A 10022704     MSVCRTD:pdblkup.obj
 0004:00000708       ?alreadyTried@?1??GetPdbDll@@YAPAUHINSTANCE__@@XZ@4_NA 10022708     MSVCRTD:pdblkup.obj
 0004:00000709       ?PDBOK@?1??_RTC_GetSrcLine@@YAHPAEPA_WKPAH1K@Z@4_NA 10022709     MSVCRTD:pdblkup.obj
 0005:00000460       .idata$6                   10023460     msvcprtd:MSVCP140D.dll
 0005:0000059c       .idata$6                   1002359c     vcruntimed:VCRUNTIME140D.dll
 0005:0000075a       .idata$6                   1002375a     ucrtd:ucrtbased.dll
 0005:0000093e       .idata$6                   1002393e     kernel32:KERNEL32.dll
 0006:00000000       __3C1A1960_pch@h           10024000     BinarySearch.obj
 0006:00000001       __B6E56699_AlgoLib@pch     10024001     BinarySearch.obj
 0006:00000002       __012EB5D3_BinarySearch@cpp 10024002     BinarySearch.obj
 0006:00000003       __5CC3BFAF_BinarySearch@h  10024003     BinarySearch.obj
 0006:00000004       __3C1A1960_pch@h           10024004     dllmain.obj
 0006:00000005       __B6E56699_AlgoLib@pch     10024005     dllmain.obj
 0006:00000006       __8B2C5EB3_dllmain@cpp     10024006     dllmain.obj
 0006:00000007       __B6E56699_AlgoLib@pch     10024007     pch.obj
 0006:00000008       __7242C389_ctype@h         10024008     pch.obj
 0006:00000009       __90A1F774_basetsd@h       10024009     pch.obj
 0006:0000000a       __367CC694_corecrt_memcpy_s@h 1002400a     pch.obj
 0006:0000000b       __35D7DDB3_corecrt_memory@h 1002400b     pch.obj
 0006:0000000c       __DC9673E3_corecrt_wstring@h 1002400c     pch.obj
 0006:0000000d       __A29A7DFB_string@h        1002400d     pch.obj
 0006:0000000e       __3C23D660_guiddef@h       1002400e     pch.obj
 0006:0000000f       __AF541008_winnt@h         1002400f     pch.obj
 0006:00000010       __0D001789_processthreadsapi@h 10024010     pch.obj
 0006:00000011       __F972325D_memoryapi@h     10024011     pch.obj
 0006:00000012       __76CD430D_winerror@h      10024012     pch.obj
 0006:00000013       __737D49DB_winbase@h       10024013     pch.obj
 0006:00000014       __1B9502AC_winuser@h       10024014     pch.obj
 0006:00000015       __0396F1A5_stralign@h      10024015     pch.obj
 0006:00000019       __3C1A1960_pch@h           10024019     SelectionSort.obj
 0006:0000001a       __B6E56699_AlgoLib@pch     1002401a     SelectionSort.obj
 0006:0000001b       __38038D2D_xstddef         1002401b     SelectionSort.obj
 0006:0000001c       __CF1C1A3F_utility         1002401c     SelectionSort.obj
 0006:0000001d       __BF2A7ACC_vector          1002401d     SelectionSort.obj
 0006:0000001e       __69CD3248_SelectionSort@cpp 1002401e     SelectionSort.obj
 0006:0000001f       __A58979FC_xmemory         1002401f     SelectionSort.obj
 0006:00000020       __4324C6B3_xutility        10024020     SelectionSort.obj
 0006:00000021       __E4152856_exception       10024021     SelectionSort.obj
 0006:00000022       __E75714E4_vcruntime_exception@h 10024022     SelectionSort.obj
 0006:00000023       __B0C4CEA9_malloc@h        10024023     SelectionSort.obj
 0006:00000024       __85A9AA98_type_traits     10024024     SelectionSort.obj
 0006:00000025       __F2870A2C_limits          10024025     SelectionSort.obj
 0006:00000026       __534C724A_wchar@h         10024026     SelectionSort.obj
 0006:00000027       __186FF47F_stat@h          10024027     SelectionSort.obj
 0006:00000028       __45F4AF76_corecrt_wtime@h 10024028     SelectionSort.obj
 0006:00000029       __4442441F_corecrt_wio@h   10024029     SelectionSort.obj
 0006:0000002a       __5467428D_corecrt_wconio@h 1002402a     SelectionSort.obj
 0006:0000002b       __AD6A91B7_stdio@h         1002402b     SelectionSort.obj
 0006:0000002c       __101834BA_corecrt_wstdio@h 1002402c     SelectionSort.obj
 0006:0000002d       __F66CEB67_corecrt_stdio_config@h 1002402d     SelectionSort.obj
 0006:0000002e       __F8119FB4_cstdlib         1002402e     SelectionSort.obj
 0006:0000002f       __24E9E95F_stdlib@h        1002402f     SelectionSort.obj
 0006:00000030       __09340588_corecrt_math@h  10024030     SelectionSort.obj
 0006:00000031       __8906660C_vcruntime_new@h 10024031     SelectionSort.obj
 0006:00000037       __3C1A1960_pch@h           10024037     SequentialSearch.obj
 0006:00000038       __B6E56699_AlgoLib@pch     10024038     SequentialSearch.obj
 0006:00000039       __508B2CFC_SequentialSearch@cpp 10024039     SequentialSearch.obj
 0006:0000003a       __74FD2065_SequentialSearch@h 1002403a     SequentialSearch.obj
 0008:00000170       $R000000                   10026170     * linker generated manifest res *
