 AlgoLib

 Timestamp is 5fbbbc29 (Mon Nov 23 06:42:01 2020)

 Preferred load address is 10000000

 Start         Length     Name                   Class
 0001:00000000 00010000H .textbss                DATA
 0002:00000000 0000a9b0H .text$mn                CODE
 0002:0000a9b0 000011c8H .text$x                 CODE
 0003:00000000 00000104H .CRT$XCA                DATA
 0003:00000104 00000104H .CRT$XCZ                DATA
 0003:00000208 00000104H .CRT$XIA                DATA
 0003:0000030c 00000104H .CRT$XIZ                DATA
 0003:00000410 00000104H .CRT$XPA                DATA
 0003:00000514 00000104H .CRT$XPZ                DATA
 0003:00000618 00000104H .CRT$XTA                DATA
 0003:0000071c 00000104H .CRT$XTZ                DATA
 0003:00000820 000018a0H .rdata                  DATA
 0003:000020c0 00000104H .rdata$CastGuardVftablesA DATA
 0003:000021c4 00000104H .rdata$CastGuardVftablesC DATA
 0003:000022c8 00000274H .rdata$r                DATA
 0003:0000253c 00000160H .rdata$zzzdbg           DATA
 0003:0000269c 00000104H .rtc$IAA                DATA
 0003:000027a0 0000011cH .rtc$IMZ                DATA
 0003:000028bc 00000104H .rtc$IZZ                DATA
 0003:000029c0 00000104H .rtc$TAA                DATA
 0003:00002ac4 0000011cH .rtc$TMZ                DATA
 0003:00002be0 00000108H .rtc$TZZ                DATA
 0003:00002ce8 00000458H .xdata$x                DATA
 0003:00003140 000003d9H .edata                  DATA
 0004:00000000 00000138H .data                   DATA
 0004:00000138 00000198H .data$r                 DATA
 0004:000002d0 00000464H .bss                    DATA
 0005:00000000 000001d4H .idata$5                DATA
 0005:000001d4 00000050H .idata$2                DATA
 0005:00000224 00000014H .idata$3                DATA
 0005:00000238 000001d4H .idata$4                DATA
 0005:0000040c 000006c6H .idata$6                DATA
 0006:00000000 00000145H .msvcjmc                DATA
 0007:00000000 00000109H .00cfg                  DATA
 0008:00000000 00000170H .rsrc$01                DATA
 0008:00000170 000001b6H .rsrc$02                DATA

  Address         Publics by Value              Rva+Base       Lib:Object

 0000:00000000       ___volatile_metadata       00000000     <absolute>
 0000:00000000       ___arm64x_extra_rfe_table_size 00000000     <absolute>
 0000:00000000       ___guard_iat_table         00000000     <absolute>
 0000:00000000       ___hybrid_code_map         00000000     <absolute>
 0000:00000000       ___safe_se_handler_count   00000000     <absolute>
 0000:00000000       ___x64_code_ranges_to_entry_points_count 00000000     <absolute>
 0000:00000000       ___guard_fids_table        00000000     <absolute>
 0000:00000000       ___hybrid_auxiliary_iat    00000000     <absolute>
 0000:00000000       ___x64_code_ranges_to_entry_points 00000000     <absolute>
 0000:00000000       ___guard_iat_count         00000000     <absolute>
 0000:00000000       ___dynamic_value_reloc_table 00000000     <absolute>
 0000:00000000       ___hybrid_code_map_count   00000000     <absolute>
 0000:00000000       ___guard_eh_cont_table     00000000     <absolute>
 0000:00000000       ___guard_eh_cont_count     00000000     <absolute>
 0000:00000000       ___guard_longjmp_count     00000000     <absolute>
 0000:00000000       ___arm64x_redirection_metadata 00000000     <absolute>
 0000:00000000       ___arm64x_redirection_metadata_count 00000000     <absolute>
 0000:00000000       ___arm64x_extra_rfe_table  00000000     <absolute>
 0000:00000000       ___guard_fids_count        00000000     <absolute>
 0000:00000000       ___safe_se_handler_table   00000000     <absolute>
 0000:00000000       ___arm64x_native_entrypoint 00000000     <absolute>
 0000:00000000       ___enclave_config          00000000     <absolute>
 0000:00000000       ___guard_longjmp_table     00000000     <absolute>
 0000:00000000       ___AbsoluteZero            00000000     <absolute>
 0000:00000100       ___guard_flags             00000100     <absolute>
 0000:00000000       ___ImageBase               10000000     <linker-defined>
 0001:00000000       __enc$textbss$begin        10001000     <linker-defined>
 0001:00010000       __enc$textbss$end          10011000     <linker-defined>
 0002:00000bf0       ??4BinarySearch@@QAEAAV0@$$QAV0@@Z 10011bf0 f i BinarySearch.obj
 0002:00000c30       ??4BinarySearch@@QAEAAV0@ABV0@@Z 10011c30 f i BinarySearch.obj
 0002:00000c70       ?DoSearch@@YAHQAHHHH@Z     10011c70 f   BinarySearch.obj
 0002:00000d50       ?Search@BinarySearch@@QAEHHPAHH@Z 10011d50 f   BinarySearch.obj
 0002:00000de0       __JustMyCode_Default       10011de0 f i BinarySearch.obj
 0002:00000df0       ??4Complexity@@QAEAAV0@$$QAV0@@Z 10011df0 f i Complexity.obj
 0002:00000e30       ??4Complexity@@QAEAAV0@ABV0@@Z 10011e30 f i Complexity.obj
 0002:00000e70       ?exp1@Complexity@@QAEHHH@Z 10011e70 f   Complexity.obj
 0002:00000f00       ?exp2@Complexity@@QAEHHH@Z 10011f00 f   Complexity.obj
 0002:00000f80       _DllMain@12                10011f80 f   dllmain.obj
 0002:00000fe0       ?Sort@InsertionSort@@QAEXPAHH@Z 10011fe0 f   InsertionSort.obj
 0002:000010e0       ??$?0$$V@?$_Compressed_pair@V?$allocator@H@std@@V?$_Vector_val@U?$_Simple_types@H@std@@@2@$00@std@@QAE@U_Zero_then_variadic_args_t@1@@Z 100120e0 f i SelectionSort.obj
 0002:00001150       ??$?0H@?$allocator@U_Container_proxy@std@@@std@@QAE@ABV?$allocator@H@1@@Z 10012150 f i SelectionSort.obj
 0002:000011b0       ??$?0V?$allocator@H@std@@$$V@?$_Compressed_pair@V?$allocator@H@std@@V?$_Vector_val@U?$_Simple_types@H@std@@@2@$00@std@@QAE@U_One_then_variadic_args_t@1@$$QAV?$allocator@H@1@@Z 100121b0 f i SelectionSort.obj
 0002:00001220       ??$_Alloc_proxy@V?$allocator@U_Container_proxy@std@@@std@@@_Container_base12@std@@QAEX$$QAV?$allocator@U_Container_proxy@std@@@1@@Z 10012220 f i SelectionSort.obj
 0002:000012d0       ??$_Allocate@$07U_Default_allocate_traits@std@@$0A@@std@@YAPAXI@Z 100122d0 f i SelectionSort.obj
 0002:00001360       ??$_Allocate_manually_vector_aligned@U_Default_allocate_traits@std@@@std@@YAPAXI@Z 10012360 f i SelectionSort.obj
 0002:000014a0       ??$_Construct_in_place@U_Container_proxy@std@@PAU_Container_base12@2@@std@@YAXAAU_Container_proxy@0@$$QAPAU_Container_base12@0@@Z 100124a0 f i SelectionSort.obj
 0002:00001530       ??$_Copy_memmove@PAHPAH@std@@YAPAHPAH00@Z 10012530 f i SelectionSort.obj
 0002:000015c0       ??$_Deallocate@$07$0A@@std@@YAXPAXI@Z 100125c0 f i SelectionSort.obj
 0002:00001680       ??$_Deallocate_plain@V?$allocator@U_Container_proxy@std@@@std@@@std@@YAXAAV?$allocator@U_Container_proxy@std@@@0@QAU_Container_proxy@0@@Z 10012680 f i SelectionSort.obj
 0002:00001720       ??$_Delete_plain_internal@V?$allocator@U_Container_proxy@std@@@std@@@std@@YAXAAV?$allocator@U_Container_proxy@std@@@0@QAU_Container_proxy@0@@Z 10012720 f i SelectionSort.obj
 0002:00001780       ??$_Destroy_range@V?$allocator@H@std@@@std@@YAXPAHQAHAAV?$allocator@H@0@@Z 10012780 f i SelectionSort.obj
 0002:000017d0       ??$_Emplace_back_with_unused_capacity@ABH@?$vector@HV?$allocator@H@std@@@std@@AAE@ABH@Z 100127d0 f i SelectionSort.obj
 0002:000018b0       ??$_Emplace_reallocate@ABH@?$vector@HV?$allocator@H@std@@@std@@QAEPAHQAHABH@Z 100128b0 f i SelectionSort.obj
 0002:00001b70       ??$_Get_size_of_n@$03@std@@YAII@Z 10012b70 f i SelectionSort.obj
 0002:00001bf0       ??$_Get_size_of_n@$07@std@@YAII@Z 10012bf0 f i SelectionSort.obj
 0002:00001c70       ??$_Get_unwrapped@ABQAH@std@@YA@ABQAH@Z 10012c70 f i SelectionSort.obj
 0002:00001cd0       ??$_Move_unchecked@PAHPAH@std@@YAPAHPAH00@Z 10012cd0 f i SelectionSort.obj
 0002:00001d80       ??$_Unfancy@H@std@@YAPAHPAH@Z 10012d80 f i SelectionSort.obj
 0002:00001dd0       ??$_Unfancy@U_Container_proxy@std@@@std@@YAPAU_Container_proxy@0@PAU10@@Z 10012dd0 f i SelectionSort.obj
 0002:00001e20       ??$_Uninitialized_move@PAHV?$allocator@H@std@@@std@@YAPAHQAH0PAHAAV?$allocator@H@0@@Z 10012e20 f i SelectionSort.obj
 0002:00001ed0       ??$addressof@U_Container_proxy@std@@@std@@YAPAU_Container_proxy@0@AAU10@@Z 10012ed0 f i SelectionSort.obj
 0002:00001f20       ??$addressof@V?$_Vector_val@U?$_Simple_types@H@std@@@std@@@std@@YAPAV?$_Vector_val@U?$_Simple_types@H@std@@@0@AAV10@@Z 10012f20 f i SelectionSort.obj
 0002:00001f70       ??$begin@V?$vector@HV?$allocator@H@std@@@std@@@std@@YA?AV?$_Vector_iterator@V?$_Vector_val@U?$_Simple_types@H@std@@@std@@@0@AAV?$vector@HV?$allocator@H@std@@@0@@Z 10012f70 f i SelectionSort.obj
 0002:00001ff0       ??$construct@HABH@?$_Default_allocator_traits@V?$allocator@H@std@@@std@@SAXAAV?$allocator@H@1@QAHABH@Z 10012ff0 f i SelectionSort.obj
 0002:00002070       ??$destroy@H@?$_Default_allocator_traits@V?$allocator@H@std@@@std@@SAXAAV?$allocator@H@1@QAH@Z 10013070 f i SelectionSort.obj
 0002:000020c0       ??$emplace_back@ABH@?$vector@HV?$allocator@H@std@@@std@@QAE@ABH@Z 100130c0 f i SelectionSort.obj
 0002:00002180       ??$end@V?$vector@HV?$allocator@H@std@@@std@@@std@@YA?AV?$_Vector_iterator@V?$_Vector_val@U?$_Simple_types@H@std@@@std@@@0@AAV?$vector@HV?$allocator@H@std@@@0@@Z 10013180 f i SelectionSort.obj
 0002:00002200       ??$exchange@PAU_Container_proxy@std@@$$T@std@@YAPAU_Container_proxy@0@AAPAU10@$$QA$$T@Z 10013200 f i SelectionSort.obj
 0002:00002270       ??$forward@ABH@std@@YAABHABH@Z 10013270 f i SelectionSort.obj
 0002:000022c0       ??$forward@PAU_Container_base12@std@@@std@@YA$$QAPAU_Container_base12@0@AAPAU10@@Z 100132c0 f i SelectionSort.obj
 0002:00002310       ??$forward@V?$allocator@H@std@@@std@@YA$$QAV?$allocator@H@0@AAV10@@Z 10013310 f i SelectionSort.obj
 0002:00002360       ??$min@I@std@@YAABIABI0@Z  10013360 f i SelectionSort.obj
 0002:000023f0       ??$move@AAH@std@@YA$$QAHAAH@Z 100133f0 f i SelectionSort.obj
 0002:00002440       ??$move@AAV?$allocator@H@std@@@std@@YA$$QAV?$allocator@H@0@AAV10@@Z 10013440 f i SelectionSort.obj
 0002:00002490       ??0?$_Vector_const_iterator@V?$_Vector_val@U?$_Simple_types@H@std@@@std@@@std@@QAE@ABV01@@Z 10013490 f i SelectionSort.obj
 0002:00002500       ??0?$_Vector_const_iterator@V?$_Vector_val@U?$_Simple_types@H@std@@@std@@@std@@QAE@PAHPBU_Container_base12@1@@Z 10013500 f i SelectionSort.obj
 0002:00002580       ??0?$_Vector_iterator@V?$_Vector_val@U?$_Simple_types@H@std@@@std@@@std@@QAE@PAHPBU_Container_base12@1@@Z 10013580 f i SelectionSort.obj
 0002:000025e0       ??0?$_Vector_val@U?$_Simple_types@H@std@@@std@@QAE@XZ 100135e0 f i SelectionSort.obj
 0002:00002670       ??0?$allocator@H@std@@QAE@XZ 10013670 f i SelectionSort.obj
 0002:000026d0       ??0?$vector@HV?$allocator@H@std@@@std@@QAE@$$QAV01@@Z 100136d0 f i SelectionSort.obj
 0002:000027e0       ??0?$vector@HV?$allocator@H@std@@@std@@QAE@XZ 100137e0 f i SelectionSort.obj
 0002:000028b0       ??0_Container_base12@std@@QAE@XZ 100138b0 f i SelectionSort.obj
 0002:00002910       ??0_Container_proxy@std@@QAE@PAU_Container_base12@1@@Z 10013910 f i SelectionSort.obj
 0002:00002980       ??0_Iterator_base12@std@@QAE@ABU01@@Z 10013980 f i SelectionSort.obj
 0002:00002a00       ??0_Iterator_base12@std@@QAE@XZ 10013a00 f i SelectionSort.obj
 0002:00002a70       ??0bad_alloc@std@@AAE@QBD@Z 10013a70 f i SelectionSort.obj
 0002:00002af0       ??0bad_alloc@std@@QAE@ABV01@@Z 10013af0 f i SelectionSort.obj
 0002:00002b60       ??0bad_array_new_length@std@@QAE@ABV01@@Z 10013b60 f i SelectionSort.obj
 0002:00002bd0       ??0bad_array_new_length@std@@QAE@XZ 10013bd0 f i SelectionSort.obj
 0002:00002c40       ??0exception@std@@QAE@ABV01@@Z 10013c40 f i SelectionSort.obj
 0002:00002cd0       ??0exception@std@@QAE@QBDH@Z 10013cd0 f i SelectionSort.obj
 0002:00002d50       ??1?$_Vector_const_iterator@V?$_Vector_val@U?$_Simple_types@H@std@@@std@@@std@@QAE@XZ 10013d50 f i SelectionSort.obj
 0002:00002da0       ??1?$_Vector_iterator@V?$_Vector_val@U?$_Simple_types@H@std@@@std@@@std@@QAE@XZ 10013da0 f i SelectionSort.obj
 0002:00002df0       ??1?$vector@HV?$allocator@H@std@@@std@@QAE@XZ 10013df0 f i SelectionSort.obj
 0002:00002ef0       ??1_Iterator_base12@std@@QAE@XZ 10013ef0 f i SelectionSort.obj
 0002:00002fd0       ??1bad_alloc@std@@UAE@XZ   10013fd0 f i SelectionSort.obj
 0002:00003020       ??1bad_array_new_length@std@@UAE@XZ 10014020 f i SelectionSort.obj
 0002:00003070       ??1exception@std@@UAE@XZ   10014070 f i SelectionSort.obj
 0002:000030e0       ??2@YAPAXIPAX@Z            100140e0 f i SelectionSort.obj
 0002:00003130       ??4?$_Vector_const_iterator@V?$_Vector_val@U?$_Simple_types@H@std@@@std@@@std@@QAEAAV01@ABV01@@Z 10014130 f i SelectionSort.obj
 0002:000031a0       ??4?$_Vector_iterator@V?$_Vector_val@U?$_Simple_types@H@std@@@std@@@std@@QAEAAV01@ABV01@@Z 100141a0 f i SelectionSort.obj
 0002:00003200       ??4_Iterator_base12@std@@QAEAAU01@ABU01@@Z 10014200 f i SelectionSort.obj
 0002:00003310       ??8?$_Vector_const_iterator@V?$_Vector_val@U?$_Simple_types@H@std@@@std@@@std@@QBE_NABV01@@Z 10014310 f i SelectionSort.obj
 0002:000033b0       ??9?$_Vector_const_iterator@V?$_Vector_val@U?$_Simple_types@H@std@@@std@@@std@@QBE_NABV01@@Z 100143b0 f i SelectionSort.obj
 0002:00003440       ??D?$_Vector_const_iterator@V?$_Vector_val@U?$_Simple_types@H@std@@@std@@@std@@QBEABHXZ 10014440 f i SelectionSort.obj
 0002:000035c0       ??D?$_Vector_iterator@V?$_Vector_val@U?$_Simple_types@H@std@@@std@@@std@@QBEAAHXZ 100145c0 f i SelectionSort.obj
 0002:00003620       ??E?$_Vector_const_iterator@V?$_Vector_val@U?$_Simple_types@H@std@@@std@@@std@@QAEAAV01@XZ 10014620 f i SelectionSort.obj
 0002:000037a0       ??E?$_Vector_iterator@V?$_Vector_val@U?$_Simple_types@H@std@@@std@@@std@@QAEAAV01@XZ 100147a0 f i SelectionSort.obj
 0002:00003800       ??_Gbad_alloc@std@@UAEPAXI@Z 10014800 f i SelectionSort.obj
 0002:00003800       ??_Ebad_alloc@std@@UAEPAXI@Z 10014800 f i SelectionSort.obj
 0002:00003870       ??_Ebad_array_new_length@std@@UAEPAXI@Z 10014870 f i SelectionSort.obj
 0002:00003870       ??_Gbad_array_new_length@std@@UAEPAXI@Z 10014870 f i SelectionSort.obj
 0002:000038e0       ??_Eexception@std@@UAEPAXI@Z 100148e0 f i SelectionSort.obj
 0002:000038e0       ??_Gexception@std@@UAEPAXI@Z 100148e0 f i SelectionSort.obj
 0002:00003950       ?Sort@SelectionSort@@QAE?AV?$vector@HV?$allocator@H@std@@@std@@V23@@Z 10014950 f   SelectionSort.obj
 0002:00003c40       ?_Adjust_manually_vector_aligned@std@@YAXAAPAXAAI@Z 10014c40 f i SelectionSort.obj
 0002:00003e10       ?_Adopt@_Iterator_base12@std@@QAEXPBU_Container_base12@2@@Z 10014e10 f i SelectionSort.obj
 0002:00003f90       ?_Allocate@_Default_allocate_traits@std@@SAPAXI@Z 10014f90 f i SelectionSort.obj
 0002:00003ff0       ?_Calculate_growth@?$vector@HV?$allocator@H@std@@@std@@ABEII@Z 10014ff0 f i SelectionSort.obj
 0002:000040a0       ?_Change_array@?$vector@HV?$allocator@H@std@@@std@@AAEXQAHII@Z 100150a0 f i SelectionSort.obj
 0002:000041b0       ?_Compat@?$_Vector_const_iterator@V?$_Vector_val@U?$_Simple_types@H@std@@@std@@@std@@QBEXABV12@@Z 100151b0 f i SelectionSort.obj
 0002:000042a0       ?_Destroy@?$vector@HV?$allocator@H@std@@@std@@AAEXPAH0@Z 100152a0 f i SelectionSort.obj
 0002:00004320       ?_Get_first@?$_Compressed_pair@V?$allocator@H@std@@V?$_Vector_val@U?$_Simple_types@H@std@@@2@$00@std@@QAEAAV?$allocator@H@2@XZ 10015320 f i SelectionSort.obj
 0002:00004380       ?_Get_first@?$_Compressed_pair@V?$allocator@H@std@@V?$_Vector_val@U?$_Simple_types@H@std@@@2@$00@std@@QBEABV?$allocator@H@2@XZ 10015380 f i SelectionSort.obj
 0002:000043e0       ?_Getal@?$vector@HV?$allocator@H@std@@@std@@AAEAAV?$allocator@H@2@XZ 100153e0 f i SelectionSort.obj
 0002:00004440       ?_Getal@?$vector@HV?$allocator@H@std@@@std@@ABEABV?$allocator@H@2@XZ 10015440 f i SelectionSort.obj
 0002:000044a0       ?_Getcont@_Iterator_base12@std@@QBEPBU_Container_base12@2@XZ 100154a0 f i SelectionSort.obj
 0002:00004530       ?_Move_construct@?$vector@HV?$allocator@H@std@@@std@@AAEXAAV12@U?$integral_constant@_N$00@2@@Z 10015530 f i SelectionSort.obj
 0002:000045a0       ?_Orphan_all@_Container_base12@std@@QAEXXZ 100155a0 f i SelectionSort.obj
 0002:000046d0       ?_Orphan_me@_Iterator_base12@std@@QAEXXZ 100156d0 f i SelectionSort.obj
 0002:00004810       ?_Orphan_range@?$vector@HV?$allocator@H@std@@@std@@ABEXPAH0@Z 10015810 f i SelectionSort.obj
 0002:00004950       ?_Swap_proxy_and_iterators@_Container_base12@std@@QAEXAAU12@@Z 10015950 f i SelectionSort.obj
 0002:00004a70       ?_Take_contents@?$_Vector_val@U?$_Simple_types@H@std@@@std@@QAEXAAV12@@Z 10015a70 f i SelectionSort.obj
 0002:00004b30       ?_Throw_bad_array_new_length@std@@YAXXZ 10015b30 f i SelectionSort.obj
 0002:00004ba0       ?_Tidy@?$vector@HV?$allocator@H@std@@@std@@AAEXXZ 10015ba0 f i SelectionSort.obj
 0002:00004cd0       ?_Umove@?$vector@HV?$allocator@H@std@@@std@@AAEPAHPAH00@Z 10015cd0 f i SelectionSort.obj
 0002:00004d50       ?_Umove_if_noexcept1@?$vector@HV?$allocator@H@std@@@std@@AAEXPAH00U?$integral_constant@_N$00@2@@Z 10015d50 f i SelectionSort.obj
 0002:00004dd0       ?_Umove_if_noexcept@?$vector@HV?$allocator@H@std@@@std@@AAEXPAH00@Z 10015dd0 f i SelectionSort.obj
 0002:00004e50       ?_Xlength@?$vector@HV?$allocator@H@std@@@std@@CAXXZ 10015e50 f i SelectionSort.obj
 0002:00004eb0       ?__autoclassinit2@?$_Vector_iterator@V?$_Vector_val@U?$_Simple_types@H@std@@@std@@@std@@QAEXI@Z 10015eb0 f i SelectionSort.obj
 0002:00004f10       ?__autoclassinit2@?$vector@HV?$allocator@H@std@@@std@@QAEXI@Z 10015f10 f i SelectionSort.obj
 0002:00004f70       ?allocate@?$allocator@H@std@@QAEPAHI@Z 10015f70 f i SelectionSort.obj
 0002:00004fe0       ?allocate@?$allocator@U_Container_proxy@std@@@std@@QAEPAU_Container_proxy@2@I@Z 10015fe0 f i SelectionSort.obj
 0002:00005050       ?begin@?$vector@HV?$allocator@H@std@@@std@@QAE?AV?$_Vector_iterator@V?$_Vector_val@U?$_Simple_types@H@std@@@std@@@2@XZ 10016050 f i SelectionSort.obj
 0002:000050e0       ?capacity@?$vector@HV?$allocator@H@std@@@std@@QBEIXZ 100160e0 f i SelectionSort.obj
 0002:00005150       ?deallocate@?$_Default_allocator_traits@V?$allocator@U_Container_proxy@std@@@std@@@std@@SAXAAV?$allocator@U_Container_proxy@std@@@2@QAU_Container_proxy@2@I@Z 10016150 f i SelectionSort.obj
 0002:000051c0       ?deallocate@?$allocator@H@std@@QAEXQAHI@Z 100161c0 f i SelectionSort.obj
 0002:00005230       ?end@?$vector@HV?$allocator@H@std@@@std@@QAE?AV?$_Vector_iterator@V?$_Vector_val@U?$_Simple_types@H@std@@@std@@@2@XZ 10016230 f i SelectionSort.obj
 0002:000052c0       ?erase@?$vector@HV?$allocator@H@std@@@std@@QAE?AV?$_Vector_iterator@V?$_Vector_val@U?$_Simple_types@H@std@@@std@@@2@V?$_Vector_const_iterator@V?$_Vector_val@U?$_Simple_types@H@std@@@std@@@2@@Z 100162c0 f i SelectionSort.obj
 0002:000054d0       ?max@?$numeric_limits@H@std@@SAHXZ 100164d0 f i SelectionSort.obj
 0002:00005530       ?max_size@?$_Default_allocator_traits@V?$allocator@H@std@@@std@@SAIABV?$allocator@H@2@@Z 10016530 f i SelectionSort.obj
 0002:00005590       ?max_size@?$vector@HV?$allocator@H@std@@@std@@QBEIXZ 10016590 f i SelectionSort.obj
 0002:00005630       ?push_back@?$vector@HV?$allocator@H@std@@@std@@QAEXABH@Z 10016630 f i SelectionSort.obj
 0002:000056a0       ?size@?$vector@HV?$allocator@H@std@@@std@@QBEIXZ 100166a0 f i SelectionSort.obj
 0002:00005710       ?what@exception@std@@UBEPBDXZ 10016710 f i SelectionSort.obj
 0002:000057a0       ??4SequentialSearch@@QAEAAV0@$$QAV0@@Z 100167a0 f i SequentialSearch.obj
 0002:000057e0       ??4SequentialSearch@@QAEAAV0@ABV0@@Z 100167e0 f i SequentialSearch.obj
 0002:00005820       ?Search@SequentialSearch@@QAEHHPAHH@Z 10016820 f   SequentialSearch.obj
 0002:000058c0       @__CheckForDebuggerJustMyCode@4 100168c0 f   MSVCRTD:debugger_jmc.obj
 0002:00005910       @_RTC_AllocaHelper@12      10016910 f   MSVCRTD:stack.obj
 0002:00005950       @_RTC_CheckStackVars2@12   10016950 f   MSVCRTD:stack.obj
 0002:00005a60       @_RTC_CheckStackVars@8     10016a60 f   MSVCRTD:stack.obj
 0002:00005ad0       __RTC_CheckEsp             10016ad0 f   MSVCRTD:stack.obj
 0002:00005b10       __CRT_RTC_INIT             10016b10 f   MSVCRTD:init.obj
 0002:00005b20       __CRT_RTC_INITW            10016b20 f   MSVCRTD:init.obj
 0002:00005b30       __RTC_InitBase             10016b30 f   MSVCRTD:init.obj
 0002:00005b70       __RTC_Shutdown             10016b70 f   MSVCRTD:init.obj
 0002:00005b90       ??2@YAPAXI@Z               10016b90 f   MSVCRTD:new_scalar.obj
 0002:00005bf0       ??3@YAXPAXI@Z              10016bf0 f   MSVCRTD:delete_scalar_size.obj
 0002:00005c10       @__security_check_cookie@4 10016c10 f   MSVCRTD:secchk.obj
 0002:00005c30       ??1type_info@@UAE@XZ       10016c30 f   MSVCRTD:std_type_info_static.obj
 0002:00005c50       ??_Gtype_info@@UAEPAXI@Z   10016c50 f i MSVCRTD:std_type_info_static.obj
 0002:00005c50       ??_Etype_info@@UAEPAXI@Z   10016c50 f i MSVCRTD:std_type_info_static.obj
 0002:00006290       __CRT_INIT@12              10017290 f   MSVCRTD:dll_dllmain.obj
 0002:000062b0       __DllMainCRTStartup@12     100172b0 f   MSVCRTD:dll_dllmain.obj
 0002:00006390       ?_RTC_AllocaFailure@@YAXPAXPAU_RTC_ALLOCA_NODE@@H@Z 10017390 f   MSVCRTD:error.obj
 0002:000064b0       ?_RTC_Failure@@YAXPAXH@Z   100174b0 f   MSVCRTD:error.obj
 0002:00006520       ?_RTC_StackFailure@@YAXPAXPBD@Z 10017520 f   MSVCRTD:error.obj
 0002:000069d0       __RTC_UninitUse            100179d0 f   MSVCRTD:error.obj
 0002:00006ab0       ___local_stdio_printf_options 10017ab0 f i MSVCRTD:error.obj
 0002:00006ac0       __vsprintf_s_l             10017ac0 f i MSVCRTD:error.obj
 0002:00006b00       _sprintf_s                 10017b00 f i MSVCRTD:error.obj
 0002:00006b30       ?_RTC_GetErrorFunc@@YAP6AHHPBDH00ZZPBX@Z 10017b30 f   MSVCRTD:userapi.obj
 0002:00006b40       ?_RTC_GetErrorFuncW@@YAP6AHHPB_WH00ZZPBX@Z 10017b40 f   MSVCRTD:userapi.obj
 0002:00006b50       __RTC_GetErrDesc           10017b50 f   MSVCRTD:userapi.obj
 0002:00006b70       __RTC_NumErrors            10017b70 f   MSVCRTD:userapi.obj
 0002:00006b80       __RTC_SetErrorFunc         10017b80 f   MSVCRTD:userapi.obj
 0002:00006bb0       __RTC_SetErrorFuncW        10017bb0 f   MSVCRTD:userapi.obj
 0002:00006be0       __RTC_SetErrorType         10017be0 f   MSVCRTD:userapi.obj
 0002:00006c10       ??0bad_alloc@std@@QAE@XZ   10017c10 f i MSVCRTD:throw_bad_alloc.obj
 0002:00006c40       ?__scrt_throw_std_bad_alloc@@YAXXZ 10017c40 f   MSVCRTD:throw_bad_alloc.obj
 0002:00006c70       ?__scrt_throw_std_bad_array_new_length@@YAXXZ 10017c70 f   MSVCRTD:throw_bad_alloc.obj
 0002:00006ca0       ??3@YAXPAX@Z               10017ca0 f   MSVCRTD:delete_scalar.obj
 0002:00006cc0       ___raise_securityfailure   10017cc0 f   MSVCRTD:gs_report.obj
 0002:00006d00       ___report_gsfailure        10017d00 f   MSVCRTD:gs_report.obj
 0002:00006e50       ___report_rangecheckfailure 10017e50 f   MSVCRTD:gs_report.obj
 0002:00006e60       ___report_securityfailure  10017e60 f   MSVCRTD:gs_report.obj
 0002:00006f70       ___report_securityfailureEx 10017f70 f   MSVCRTD:gs_report.obj
 0002:00007170       ___security_init_cookie    10018170 f   MSVCRTD:gs_support.obj
 0002:00007210       ?__scrt_initialize_type_info@@YAXXZ 10018210 f   MSVCRTD:tncleanup.obj
 0002:00007230       ?__scrt_uninitialize_type_info@@YAXXZ 10018230 f   MSVCRTD:tncleanup.obj
 0002:00007250       ___local_stdio_scanf_options 10018250 f i MSVCRTD:default_local_stdio_options.obj
 0002:00007260       ___scrt_initialize_default_local_stdio_options 10018260 f   MSVCRTD:default_local_stdio_options.obj
 0002:000072b0       ?configure_argv@__scrt_narrow_argv_policy@@SAHXZ 100182b0 f i MSVCRTD:utility.obj
 0002:00007380       ?initialize_environment@__scrt_narrow_environment_policy@@SAHXZ 10018380 f i MSVCRTD:utility.obj
 0002:00007420       _NtCurrentTeb              10018420 f i MSVCRTD:utility.obj
 0002:00007430       ___scrt_acquire_startup_lock 10018430 f   MSVCRTD:utility.obj
 0002:00007490       ___scrt_dllmain_after_initialize_c 10018490 f   MSVCRTD:utility.obj
 0002:000074d0       ___scrt_dllmain_before_initialize_c 100184d0 f   MSVCRTD:utility.obj
 0002:00007500       ___scrt_dllmain_crt_thread_attach 10018500 f   MSVCRTD:utility.obj
 0002:00007540       ___scrt_dllmain_crt_thread_detach 10018540 f   MSVCRTD:utility.obj
 0002:00007560       ___scrt_dllmain_exception_filter 10018560 f   MSVCRTD:utility.obj
 0002:000075c0       ___scrt_dllmain_uninitialize_c 100185c0 f   MSVCRTD:utility.obj
 0002:00007600       ___scrt_dllmain_uninitialize_critical 10018600 f   MSVCRTD:utility.obj
 0002:00007620       ___scrt_initialize_crt     10018620 f   MSVCRTD:utility.obj
 0002:00007680       ___scrt_initialize_onexit_tables 10018680 f   MSVCRTD:utility.obj
 0002:00007790       ___scrt_is_nonwritable_in_current_image 10018790 f   MSVCRTD:utility.obj
 0002:00007910       ___scrt_release_startup_lock 10018910 f   MSVCRTD:utility.obj
 0002:00007940       ___scrt_uninitialize_crt   10018940 f   MSVCRTD:utility.obj
 0002:00007990       __onexit                   10018990 f   MSVCRTD:utility.obj
 0002:00007a10       _at_quick_exit             10018a10 f   MSVCRTD:utility.obj
 0002:00007a60       _atexit                    10018a60 f   MSVCRTD:utility.obj
 0002:00007aa0       ___scrt_get_dyn_tls_init_callback 10018aa0 f   MSVCRTD:dyn_tls_init.obj
 0002:00007ab0       ___scrt_fastfail           10018ab0 f   MSVCRTD:utility_desktop.obj
 0002:00007c40       ___scrt_get_show_window_mode 10018c40 f   MSVCRTD:utility_desktop.obj
 0002:00007c90       ___scrt_initialize_mta     10018c90 f   MSVCRTD:utility_desktop.obj
 0002:00007ca0       ___scrt_initialize_winrt   10018ca0 f   MSVCRTD:utility_desktop.obj
 0002:00007cb0       ___scrt_is_managed_app     10018cb0 f   MSVCRTD:utility_desktop.obj
 0002:00007d60       ___scrt_set_unhandled_exception_filter 10018d60 f   MSVCRTD:utility_desktop.obj
 0002:00007d80       ___scrt_exe_initialize_mta 10018d80 f   MSVCRTD:utility_desktop.obj
 0002:00007d80       ___scrt_stub_for_initialize_mta 10018d80 f   MSVCRTD:utility_desktop.obj
 0002:00007d90       ___scrt_unhandled_exception_filter@4 10018d90 f   MSVCRTD:utility_desktop.obj
 0002:00007e30       __crt_debugger_hook        10018e30 f   MSVCRTD:utility_desktop.obj
 0002:00007e50       __RTC_Initialize           10018e50 f   MSVCRTD:initsect.obj
 0002:00007e90       __RTC_Terminate            10018e90 f   MSVCRTD:initsect.obj
 0002:00007ed0       __except_handler4          10018ed0 f   MSVCRTD:chandler4gs.obj
 0002:00007f20       @_guard_check_icall_nop@4  10018f20 f i MSVCRTD:guard_support.obj
 0002:00007f30       _ReadNoFence               10018f30 f i MSVCRTD:guard_support.obj
 0002:00007f50       _ReadPointerNoFence        10018f50 f i MSVCRTD:guard_support.obj
 0002:00007f70       ___castguard_check_failure_debugbreak 10018f70 f i MSVCRTD:guard_support.obj
 0002:00007f90       ___castguard_check_failure_fastfail 10018f90 f i MSVCRTD:guard_support.obj
 0002:00007fc0       ___castguard_check_failure_nop 10018fc0 f i MSVCRTD:guard_support.obj
 0002:00007fd0       ___castguard_check_failure_os_handled 10018fd0 f i MSVCRTD:guard_support.obj
 0002:00008070       ___castguard_slow_path_check_debugbreak 10019070 f i MSVCRTD:guard_support.obj
 0002:000080b0       ___castguard_slow_path_check_fastfail 100190b0 f i MSVCRTD:guard_support.obj
 0002:00008100       ___castguard_slow_path_check_nop 10019100 f i MSVCRTD:guard_support.obj
 0002:00008110       ___castguard_slow_path_check_os_handled 10019110 f i MSVCRTD:guard_support.obj
 0002:000081d0       __guard_icall_checks_enforced 100191d0 f i MSVCRTD:guard_support.obj
 0002:000087a0       ?_RTC_GetSrcLine@@YAHPAEPA_WKPAH1K@Z 100197a0 f   MSVCRTD:pdblkup.obj
 0002:00008c00       __except_handler4_noexcept 10019c00 f   MSVCRTD:chandler4_noexcept.obj
 0002:00008c80       ___isa_available_init      10019c80 f   MSVCRTD:cpu_disp.obj
 0002:00009080       __get_startup_argv_mode    1001a080 f   MSVCRTD:argv_mode.obj
 0002:00009090       ___scrt_is_ucrt_dll_in_use 1001a090 f   MSVCRTD:ucrt_detection.obj
 0002:000090bd       ??0_Lockit@std@@QAE@H@Z    1001a0bd f   msvcprtd:MSVCP140D.dll
 0002:000090c3       ??1_Lockit@std@@QAE@XZ     1001a0c3 f   msvcprtd:MSVCP140D.dll
 0002:000090c9       ?_Xlength_error@std@@YAXPBD@Z 1001a0c9 f   msvcprtd:MSVCP140D.dll
 0002:000090cf       _memmove                   1001a0cf f   vcruntimed:VCRUNTIME140D.dll
 0002:000090d5       ___std_exception_copy      1001a0d5 f   vcruntimed:VCRUNTIME140D.dll
 0002:000090db       ___std_exception_destroy   1001a0db f   vcruntimed:VCRUNTIME140D.dll
 0002:000090e1       __CxxThrowException@8      1001a0e1 f   vcruntimed:VCRUNTIME140D.dll
 0002:000090e7       ___CxxFrameHandler3        1001a0e7 f   vcruntimed:VCRUNTIME140D.dll
 0002:000090ed       _memset                    1001a0ed f   vcruntimed:VCRUNTIME140D.dll
 0002:000090f3       ___std_type_info_destroy_list 1001a0f3 f   vcruntimed:VCRUNTIME140D.dll
 0002:000090f9       ___current_exception       1001a0f9 f   vcruntimed:VCRUNTIME140D.dll
 0002:000090ff       ___current_exception_context 1001a0ff f   vcruntimed:VCRUNTIME140D.dll
 0002:00009105       __except_handler4_common   1001a105 f   vcruntimed:VCRUNTIME140D.dll
 0002:0000910b       ___vcrt_GetModuleFileNameW 1001a10b f   vcruntimed:VCRUNTIME140D.dll
 0002:00009111       ___vcrt_GetModuleHandleW   1001a111 f   vcruntimed:VCRUNTIME140D.dll
 0002:00009117       ___vcrt_LoadLibraryExW     1001a117 f   vcruntimed:VCRUNTIME140D.dll
 0002:0000911d       __invalid_parameter        1001a11d f   ucrtd:ucrtbased.dll
 0002:00009123       __CrtDbgReport             1001a123 f   ucrtd:ucrtbased.dll
 0002:00009129       __CrtDbgReportW            1001a129 f   ucrtd:ucrtbased.dll
 0002:0000912f       __callnewh                 1001a12f f   ucrtd:ucrtbased.dll
 0002:00009135       _malloc                    1001a135 f   ucrtd:ucrtbased.dll
 0002:0000913b       __initterm                 1001a13b f   ucrtd:ucrtbased.dll
 0002:00009141       __initterm_e               1001a141 f   ucrtd:ucrtbased.dll
 0002:00009147       _strcpy_s                  1001a147 f   ucrtd:ucrtbased.dll
 0002:0000914d       _strcat_s                  1001a14d f   ucrtd:ucrtbased.dll
 0002:00009153       ___stdio_common_vsprintf_s 1001a153 f   ucrtd:ucrtbased.dll
 0002:00009159       __free_dbg                 1001a159 f   ucrtd:ucrtbased.dll
 0002:0000915f       __seh_filter_dll           1001a15f f   ucrtd:ucrtbased.dll
 0002:00009165       __configure_narrow_argv    1001a165 f   ucrtd:ucrtbased.dll
 0002:0000916b       __initialize_narrow_environment 1001a16b f   ucrtd:ucrtbased.dll
 0002:00009171       __initialize_onexit_table  1001a171 f   ucrtd:ucrtbased.dll
 0002:00009177       __register_onexit_function 1001a177 f   ucrtd:ucrtbased.dll
 0002:0000917d       __execute_onexit_table     1001a17d f   ucrtd:ucrtbased.dll
 0002:00009183       __crt_atexit               1001a183 f   ucrtd:ucrtbased.dll
 0002:00009189       __crt_at_quick_exit        1001a189 f   ucrtd:ucrtbased.dll
 0002:0000918f       __cexit                    1001a18f f   ucrtd:ucrtbased.dll
 0002:00009195       _terminate                 1001a195 f   ucrtd:ucrtbased.dll
 0002:0000919b       __wmakepath_s              1001a19b f   ucrtd:ucrtbased.dll
 0002:000091a1       __wsplitpath_s             1001a1a1 f   ucrtd:ucrtbased.dll
 0002:000091a7       _wcscpy_s                  1001a1a7 f   ucrtd:ucrtbased.dll
 0002:000091ad       _GetCurrentThreadId@0      1001a1ad f   kernel32:KERNEL32.dll
 0002:000091b3       _IsDebuggerPresent@0       1001a1b3 f   kernel32:KERNEL32.dll
 0002:000091b9       _RaiseException@16         1001a1b9 f   kernel32:KERNEL32.dll
 0002:000091bf       _MultiByteToWideChar@24    1001a1bf f   kernel32:KERNEL32.dll
 0002:000091c5       _WideCharToMultiByte@32    1001a1c5 f   kernel32:KERNEL32.dll
 0002:000091cb       _UnhandledExceptionFilter@4 1001a1cb f   kernel32:KERNEL32.dll
 0002:000091d1       _SetUnhandledExceptionFilter@4 1001a1d1 f   kernel32:KERNEL32.dll
 0002:000091d7       _GetCurrentProcess@0       1001a1d7 f   kernel32:KERNEL32.dll
 0002:000091dd       _TerminateProcess@8        1001a1dd f   kernel32:KERNEL32.dll
 0002:000091e3       _IsProcessorFeaturePresent@4 1001a1e3 f   kernel32:KERNEL32.dll
 0002:000091e9       _QueryPerformanceCounter@4 1001a1e9 f   kernel32:KERNEL32.dll
 0002:000091ef       _GetCurrentProcessId@0     1001a1ef f   kernel32:KERNEL32.dll
 0002:000091f5       _GetSystemTimeAsFileTime@4 1001a1f5 f   kernel32:KERNEL32.dll
 0002:000091fb       _InitializeSListHead@4     1001a1fb f   kernel32:KERNEL32.dll
 0002:00009201       _GetStartupInfoW@4         1001a201 f   kernel32:KERNEL32.dll
 0002:00009207       _GetModuleHandleW@4        1001a207 f   kernel32:KERNEL32.dll
 0002:0000920d       _GetLastError@0            1001a20d f   kernel32:KERNEL32.dll
 0002:00009213       _HeapAlloc@12              1001a213 f   kernel32:KERNEL32.dll
 0002:00009219       _HeapFree@12               1001a219 f   kernel32:KERNEL32.dll
 0002:0000921f       _GetProcessHeap@0          1001a21f f   kernel32:KERNEL32.dll
 0002:00009225       _VirtualQuery@12           1001a225 f   kernel32:KERNEL32.dll
 0002:0000922b       _FreeLibrary@4             1001a22b f   kernel32:KERNEL32.dll
 0002:00009231       _GetProcAddress@8          1001a231 f   kernel32:KERNEL32.dll
 0002:00009240       ___scrt_stub_for_acrt_initialize 1001a240 f   MSVCRTD:ucrt_stubs.obj
 0002:00009240       ___acrt_initialize         1001a240 f   MSVCRTD:ucrt_stubs.obj
 0002:00009240       ___vcrt_initialize         1001a240 f   MSVCRTD:ucrt_stubs.obj
 0002:00009250       ___vcrt_thread_attach      1001a250 f   MSVCRTD:ucrt_stubs.obj
 0002:00009250       ___acrt_thread_attach      1001a250 f   MSVCRTD:ucrt_stubs.obj
 0002:00009250       ___scrt_stub_for_acrt_thread_attach 1001a250 f   MSVCRTD:ucrt_stubs.obj
 0002:00009260       ___scrt_stub_for_acrt_thread_detach 1001a260 f   MSVCRTD:ucrt_stubs.obj
 0002:00009260       ___vcrt_thread_detach      1001a260 f   MSVCRTD:ucrt_stubs.obj
 0002:00009260       ___acrt_thread_detach      1001a260 f   MSVCRTD:ucrt_stubs.obj
 0002:00009270       ___scrt_stub_for_acrt_uninitialize 1001a270 f   MSVCRTD:ucrt_stubs.obj
 0002:00009270       ___vcrt_uninitialize       1001a270 f   MSVCRTD:ucrt_stubs.obj
 0002:00009270       ___acrt_uninitialize       1001a270 f   MSVCRTD:ucrt_stubs.obj
 0002:00009280       ___vcrt_uninitialize_critical 1001a280 f   MSVCRTD:ucrt_stubs.obj
 0002:00009280       ___scrt_stub_for_acrt_uninitialize_critical 1001a280 f   MSVCRTD:ucrt_stubs.obj
 0002:00009280       ___acrt_uninitialize_critical 1001a280 f   MSVCRTD:ucrt_stubs.obj
 0002:00009290       ___scrt_stub_for_is_c_termination_complete 1001a290 f   MSVCRTD:ucrt_stubs.obj
 0002:00009290       __is_c_termination_complete 1001a290 f   MSVCRTD:ucrt_stubs.obj
 0002:000092a0       __filter_x86_sse2_floating_point_exception_default 1001a2a0 f   MSVCRTD:x86_exception_filter.obj
 0002:000092a0       __filter_x86_sse2_floating_point_exception 1001a2a0 f   MSVCRTD:x86_exception_filter.obj
 0003:00000000       ___xc_a                    1001d000     MSVCRTD:initializers.obj
 0003:00000104       ___xc_z                    1001d104     MSVCRTD:initializers.obj
 0003:00000208       ___xi_a                    1001d208     MSVCRTD:initializers.obj
 0003:0000030c       ___xi_z                    1001d30c     MSVCRTD:initializers.obj
 0003:00000410       ___xp_a                    1001d410     MSVCRTD:initializers.obj
 0003:00000514       ___xp_z                    1001d514     MSVCRTD:initializers.obj
 0003:00000618       ___xt_a                    1001d618     MSVCRTD:initializers.obj
 0003:0000071c       ___xt_z                    1001d71c     MSVCRTD:initializers.obj
 0003:00000824       ??_7exception@std@@6B@     1001d824     SelectionSort.obj
 0003:00000830       ??_C@_0BC@EOODALEL@Unknown?5exception@ 1001d830     SelectionSort.obj
 0003:0000084c       ??_7bad_alloc@std@@6B@     1001d84c     SelectionSort.obj
 0003:0000085c       ??_7bad_array_new_length@std@@6B@ 1001d85c     SelectionSort.obj
 0003:00000868       ??_C@_0BF@KINCDENJ@bad?5array?5new?5length@ 1001d868     SelectionSort.obj
 0003:00000884       ??_C@_0BB@FCMFBGOM@invalid?5argument@ 1001d884     SelectionSort.obj
 0003:00000898       ??_C@_02DKCKIIND@?$CFs@    1001d898     SelectionSort.obj
 0003:000008a0       ??_C@_0GI@CLKHGMEI@C?3?2Program?5Files?5?$CIx86?$CJ?2Microsof@ 1001d8a0     SelectionSort.obj
 0003:00000920       ??_C@_1NA@PDNNFCLD@?$AAC?$AA?3?$AA?2?$AAP?$AAr?$AAo?$AAg?$AAr?$AAa?$AAm?$AA?5?$AAF?$AAi?$AAl?$AAe@ 1001d920     SelectionSort.obj
 0003:00000a20       ??_C@_1EK@NIFDJFDG@?$AAs?$AAt?$AAd?$AA?3?$AA?3?$AA_?$AAA?$AAd?$AAj?$AAu?$AAs?$AAt?$AA_?$AAm?$AAa@ 1001da20     SelectionSort.obj
 0003:00000a78       ??_C@_1CG@JNLFBNGN@?$AA?$CC?$AAi?$AAn?$AAv?$AAa?$AAl?$AAi?$AAd?$AA?5?$AAa?$AAr?$AAg?$AAu?$AAm?$AAe@ 1001da78     SelectionSort.obj
 0003:00000aa8       ??_C@_0BJ@LFDBABJJ@ITERATOR?5LIST?5CORRUPTED?$CB@ 1001daa8     SelectionSort.obj
 0003:00000ac8       ??_C@_1EE@KLDMFDFL@?$AAs?$AAt?$AAd?$AA?3?$AA?3?$AA_?$AAI?$AAt?$AAe?$AAr?$AAa?$AAt?$AAo?$AAr?$AA_@ 1001dac8     SelectionSort.obj
 0003:00000b1c       ??_C@_1DG@PLBPCAEM@?$AA?$CC?$AAI?$AAT?$AAE?$AAR?$AAA?$AAT?$AAO?$AAR?$AA?5?$AAL?$AAI?$AAS?$AAT?$AA?5@ 1001db1c     SelectionSort.obj
 0003:00000b5c       ??_C@_0CE@EAMOGAIE@vector?5erase?5iterator?5outside?5r@ 1001db5c     SelectionSort.obj
 0003:00000b88       ??_C@_0GH@CENCAHKH@C?3?2Program?5Files?5?$CIx86?$CJ?2Microsof@ 1001db88     SelectionSort.obj
 0003:00000c08       ??_C@_1MO@BFNDGJJP@?$AAC?$AA?3?$AA?2?$AAP?$AAr?$AAo?$AAg?$AAr?$AAa?$AAm?$AA?5?$AAF?$AAi?$AAl?$AAe@ 1001dc08     SelectionSort.obj
 0003:00000d00       ??_C@_1GG@CBMBAGEI@?$AAs?$AAt?$AAd?$AA?3?$AA?3?$AAv?$AAe?$AAc?$AAt?$AAo?$AAr?$AA?$DM?$AAi?$AAn?$AAt@ 1001dd00     SelectionSort.obj
 0003:00000d80       ??_C@_1EM@BEMPOGMM@?$AA?$CC?$AAv?$AAe?$AAc?$AAt?$AAo?$AAr?$AA?5?$AAe?$AAr?$AAa?$AAs?$AAe?$AA?5?$AAi@ 1001dd80     SelectionSort.obj
 0003:00000ddc       ??_C@_0DC@KEKNBAEB@can?8t?5increment?5value?9initializ@ 1001dddc     SelectionSort.obj
 0003:00000e18       ??_C@_1MG@OPNGNDCB@?$AAs?$AAt?$AAd?$AA?3?$AA?3?$AA_?$AAV?$AAe?$AAc?$AAt?$AAo?$AAr?$AA_?$AAc?$AAo@ 1001de18     SelectionSort.obj
 0003:00000f08       ??_C@_1GI@EDCILPL@?$AA?$CC?$AAc?$AAa?$AAn?$AA?8?$AAt?$AA?5?$AAi?$AAn?$AAc?$AAr?$AAe?$AAm?$AAe?$AAn@ 1001df08     SelectionSort.obj
 0003:00000f84       ??_C@_0CJ@OAAAAGPM@can?8t?5increment?5vector?5iterator@ 1001df84     SelectionSort.obj
 0003:00000fb8       ??_C@_1FG@LDPPKMGP@?$AA?$CC?$AAc?$AAa?$AAn?$AA?8?$AAt?$AA?5?$AAi?$AAn?$AAc?$AAr?$AAe?$AAm?$AAe?$AAn@ 1001dfb8     SelectionSort.obj
 0003:00001020       ??_C@_0DE@CHADHGFF@can?8t?5dereference?5value?9initial@ 1001e020     SelectionSort.obj
 0003:00001060       ??_C@_1ME@LLCFNFIO@?$AAs?$AAt?$AAd?$AA?3?$AA?3?$AA_?$AAV?$AAe?$AAc?$AAt?$AAo?$AAr?$AA_?$AAc?$AAo@ 1001e060     SelectionSort.obj
 0003:00001150       ??_C@_1GM@FNBFNBEL@?$AA?$CC?$AAc?$AAa?$AAn?$AA?8?$AAt?$AA?5?$AAd?$AAe?$AAr?$AAe?$AAf?$AAe?$AAr?$AAe@ 1001e150     SelectionSort.obj
 0003:000011d4       ??_C@_0CP@MDHADBHN@can?8t?5dereference?5out?5of?5range?5@ 1001e1d4     SelectionSort.obj
 0003:00001210       ??_C@_1GC@JDCKOLAC@?$AA?$CC?$AAc?$AAa?$AAn?$AA?8?$AAt?$AA?5?$AAd?$AAe?$AAr?$AAe?$AAf?$AAe?$AAr?$AAe@ 1001e210     SelectionSort.obj
 0003:00001288       ??_C@_0BO@CAOBBIOC@vector?5iterators?5incompatible@ 1001e288     SelectionSort.obj
 0003:000012b0       ??_C@_1LO@MGELDLOO@?$AAs?$AAt?$AAd?$AA?3?$AA?3?$AA_?$AAV?$AAe?$AAc?$AAt?$AAo?$AAr?$AA_?$AAc?$AAo@ 1001e2b0     SelectionSort.obj
 0003:00001398       ??_C@_1EA@DJDGNIII@?$AA?$CC?$AAv?$AAe?$AAc?$AAt?$AAo?$AAr?$AA?5?$AAi?$AAt?$AAe?$AAr?$AAa?$AAt?$AAo@ 1001e398     SelectionSort.obj
 0003:000013e4       ??_C@_0BA@FOIKENOD@vector?5too?5long@ 1001e3e4     SelectionSort.obj
 0003:000013f8       ??_C@_1EO@GFNCMDLA@?$AAs?$AAt?$AAd?$AA?3?$AA?3?$AA_?$AAA?$AAl?$AAl?$AAo?$AAc?$AAa?$AAt?$AAe?$AA_@ 1001e3f8     SelectionSort.obj
 0003:0000145c       ??_7type_info@@6B@         1001e45c     MSVCRTD:std_type_info_static.obj
 0003:00001464       __pRawDllMain              1001e464     MSVCRTD:dll_dllmain.obj
 0003:00001464       __pDefaultRawDllMain       1001e464     MSVCRTD:dll_dllmain.obj
 0003:00001528       ??_C@_0NN@JMPELKLB@The?5value?5of?5ESP?5was?5not?5proper@ 1001e528     MSVCRTD:error.obj
 0003:00001638       ??_C@_0BBN@ELNNILBE@A?5cast?5to?5a?5smaller?5data?5type?5h@ 1001e638     MSVCRTD:error.obj
 0003:00001790       ??_C@_0BN@BPOGFMJL@Stack?5memory?5was?5corrupted?$AN?6@ 1001e790     MSVCRTD:error.obj
 0003:000017b4       ??_C@_0DG@DAJCDLPN@A?5local?5variable?5was?5used?5befor@ 1001e7b4     MSVCRTD:error.obj
 0003:000017f4       ??_C@_0CM@JMIDGKLA@Stack?5memory?5around?5_alloca?5was@ 1001e7f4     MSVCRTD:error.obj
 0003:00001828       ??_C@_0BO@CHIONIOI@Unknown?5Runtime?5Check?5Error?$AN?6@ 1001e828     MSVCRTD:error.obj
 0003:00001850       ??_C@_1GM@CNOOJIHC@?$AAR?$AAu?$AAn?$AAt?$AAi?$AAm?$AAe?$AA?5?$AAC?$AAh?$AAe?$AAc?$AAk?$AA?5?$AAE@ 1001e850     MSVCRTD:error.obj
 0003:000018d8       ??_C@_1EA@NFKNIFJP@?$AAR?$AAu?$AAn?$AA?9?$AAT?$AAi?$AAm?$AAe?$AA?5?$AAC?$AAh?$AAe?$AAc?$AAk?$AA?5@ 1001e8d8     MSVCRTD:error.obj
 0003:00001924       ??_C@_0BB@PFFGGCJP@Unknown?5Filename@ 1001e924     MSVCRTD:error.obj
 0003:00001938       ??_C@_0BE@GNBOBNCK@Unknown?5Module?5Name@ 1001e938     MSVCRTD:error.obj
 0003:00001950       ??_C@_0CA@IODNCDPG@Run?9Time?5Check?5Failure?5?$CD?$CFd?5?9?5?$CFs@ 1001e950     MSVCRTD:error.obj
 0003:00001978       ??_C@_0CG@IAFNJNEE@Stack?5corrupted?5near?5unknown?5va@ 1001e978     MSVCRTD:error.obj
 0003:000019a8       ??_C@_05MKKEDADM@?$CF?42X?5@ 1001e9a8     MSVCRTD:error.obj
 0003:000019b0       ??_C@_0EJ@LJKNEOLN@Stack?5area?5around?5_alloca?5memor@ 1001e9b0     MSVCRTD:error.obj
 0003:00001a08       ??_C@_01EEMJAFIK@?6@       1001ea08     MSVCRTD:error.obj
 0003:00001a0c       ??_C@_02LLMPMKNF@?$DO?5@   1001ea0c     MSVCRTD:error.obj
 0003:00001a10       ??_C@_08OMAHNMHJ@?6Data?3?5?$DM@ 1001ea10     MSVCRTD:error.obj
 0003:00001a1c       ??_C@_0CK@DKGBICFE@?6Allocation?5number?5within?5this?5@ 1001ea1c     MSVCRTD:error.obj
 0003:00001a50       ??_C@_07DFDJCKFN@?6Size?3?5@ 1001ea50     MSVCRTD:error.obj
 0003:00001a5c       ??_C@_0N@MHFFIMFG@?6Address?3?50x@ 1001ea5c     MSVCRTD:error.obj
 0003:00001a70       ??_C@_0EI@CLEPFNGI@Stack?5area?5around?5_alloca?5memor@ 1001ea70     MSVCRTD:error.obj
 0003:00001ac8       ??_C@_0BK@ODNDAGKB@?$CFs?$CFs?$CFp?$CFs?$CFzd?$CFs?$CFd?$CFs?$CFs?$CFs?$CFs?$CFs@ 1001eac8     MSVCRTD:error.obj
 0003:00001ae8       ??_C@_0DE@OHJBPMBP@A?5variable?5is?5being?5used?5withou@ 1001eae8     MSVCRTD:error.obj
 0003:00001b40       ??_C@_0BJ@HEGAHDFO@Stack?5pointer?5corruption@ 1001eb40     MSVCRTD:userapi.obj
 0003:00001b60       ??_C@_0CK@FEGOIOPB@Cast?5to?5smaller?5type?5causing?5lo@ 1001eb60     MSVCRTD:userapi.obj
 0003:00001b94       ??_C@_0BI@CIGMDCBH@Stack?5memory?5corruption@ 1001eb94     MSVCRTD:userapi.obj
 0003:00001bb0       ??_C@_0CK@CNLNOEPB@Local?5variable?5used?5before?5init@ 1001ebb0     MSVCRTD:userapi.obj
 0003:00001be4       ??_C@_0BP@OGBCLIBO@Stack?5around?5_alloca?5corrupted@ 1001ebe4     MSVCRTD:userapi.obj
 0003:00001c0c       ??_C@_0P@GHFPNOJB@bad?5allocation@ 1001ec0c     MSVCRTD:throw_bad_alloc.obj
 0003:00001c88       ??_C@_1EI@MLPKHBGE@?$AAa?$AAp?$AAi?$AA?9?$AAm?$AAs?$AA?9?$AAw?$AAi?$AAn?$AA?9?$AAc?$AAo?$AAr?$AAe@ 1001ec88     MSVCRTD:pdblkup.obj
 0003:00001ce0       ??_C@_1BK@JHLNAEJL@?$AAa?$AAd?$AAv?$AAa?$AAp?$AAi?$AA3?$AA2?$AA?4?$AAd?$AAl?$AAl@ 1001ece0     MSVCRTD:pdblkup.obj
 0003:00001d00       ??_C@_0O@COHOBMLB@RegOpenKeyExW@ 1001ed00     MSVCRTD:pdblkup.obj
 0003:00001d10       ??_C@_0BB@GLNAEDBD@RegQueryValueExW@ 1001ed10     MSVCRTD:pdblkup.obj
 0003:00001d24       ??_C@_0M@HLOHPNFA@RegCloseKey@ 1001ed24     MSVCRTD:pdblkup.obj
 0003:00001d38       ??_C@_1HE@EBEAGLFB@?$AAS?$AAO?$AAF?$AAT?$AAW?$AAA?$AAR?$AAE?$AA?2?$AAW?$AAo?$AAw?$AA6?$AA4?$AA3@ 1001ed38     MSVCRTD:pdblkup.obj
 0003:00001dc4       ??_C@_1BG@EABPBLLF@?$AAP?$AAr?$AAo?$AAd?$AAu?$AAc?$AAt?$AAD?$AAi?$AAr@ 1001edc4     MSVCRTD:pdblkup.obj
 0003:00001e04       ??_C@_1BC@JINFINNJ@?$AAM?$AAS?$AAP?$AAD?$AAB?$AA1?$AA4?$AA0@ 1001ee04     MSVCRTD:pdblkup.obj
 0003:00001e1c       ??_C@_0BB@KCIACLNC@PDBOpenValidate5@ 1001ee1c     MSVCRTD:pdblkup.obj
 0003:00001e30       ??_C@_01KDCPPGHE@r@        1001ee30     MSVCRTD:pdblkup.obj
 0003:00001e70       __load_config_used         1001ee70     MSVCRTD:loadcfg.obj
 0003:000020c0       ___CastGuardVftablesStart  1001f0c0     MSVCRTD:guard_support.obj
 0003:000021c4       ___CastGuardVftablesEnd    1001f1c4     MSVCRTD:guard_support.obj
 0003:000022c8       ??_R4exception@std@@6B@    1001f2c8     SelectionSort.obj
 0003:000022e0       ??_R3exception@std@@8      1001f2e0     SelectionSort.obj
 0003:000022f4       ??_R2exception@std@@8      1001f2f4     SelectionSort.obj
 0003:000022fc       ??_R1A@?0A@EA@exception@std@@8 1001f2fc     SelectionSort.obj
 0003:00002320       ??_R4bad_alloc@std@@6B@    1001f320     SelectionSort.obj
 0003:00002338       ??_R3bad_alloc@std@@8      1001f338     SelectionSort.obj
 0003:0000234c       ??_R2bad_alloc@std@@8      1001f34c     SelectionSort.obj
 0003:00002358       ??_R1A@?0A@EA@bad_alloc@std@@8 1001f358     SelectionSort.obj
 0003:0000237c       ??_R4bad_array_new_length@std@@6B@ 1001f37c     SelectionSort.obj
 0003:00002394       ??_R3bad_array_new_length@std@@8 1001f394     SelectionSort.obj
 0003:000023a8       ??_R2bad_array_new_length@std@@8 1001f3a8     SelectionSort.obj
 0003:000023b8       ??_R1A@?0A@EA@bad_array_new_length@std@@8 1001f3b8     SelectionSort.obj
 0003:000023dc       ??_R4type_info@@6B@        1001f3dc     MSVCRTD:std_type_info_static.obj
 0003:000023f4       ??_R3type_info@@8          1001f3f4     MSVCRTD:std_type_info_static.obj
 0003:00002408       ??_R2type_info@@8          1001f408     MSVCRTD:std_type_info_static.obj
 0003:00002410       ??_R1A@?0A@EA@type_info@@8 1001f410     MSVCRTD:std_type_info_static.obj
 0003:0000269c       ___rtc_iaa                 1001f69c     MSVCRTD:initsect.obj
 0003:000028bc       ___rtc_izz                 1001f8bc     MSVCRTD:initsect.obj
 0003:000029c0       ___rtc_taa                 1001f9c0     MSVCRTD:initsect.obj
 0003:00002be0       ___rtc_tzz                 1001fbe0     MSVCRTD:initsect.obj
 0003:00002e84       __TI3?AVbad_array_new_length@std@@ 1001fe84     SelectionSort.obj
 0003:00002e98       __CTA3?AVbad_array_new_length@std@@ 1001fe98     SelectionSort.obj
 0003:00002eac       __CT??_R0?AVbad_array_new_length@std@@@8??0bad_array_new_length@std@@QAE@ABV01@@Z12 1001feac     SelectionSort.obj
 0003:00002ecc       __CT??_R0?AVbad_alloc@std@@@8??0bad_alloc@std@@QAE@ABV01@@Z12 1001fecc     SelectionSort.obj
 0003:00002eec       __CT??_R0?AVexception@std@@@8??0exception@std@@QAE@ABV01@@Z12 1001feec     SelectionSort.obj
 0003:00002fa0       __TI2?AVbad_alloc@std@@    1001ffa0     MSVCRTD:throw_bad_alloc.obj
 0003:00002fb4       __CTA2?AVbad_alloc@std@@   1001ffb4     MSVCRTD:throw_bad_alloc.obj
 0004:00000000       ?__LINE__Var@?0??_Adjust_manually_vector_aligned@std@@YAXAAPAXAAI@Z@4JA 10021000     SelectionSort.obj
 0004:00000004       ___security_cookie_complement 10021004     MSVCRTD:gs_cookie.obj
 0004:00000008       ___security_cookie         10021008     MSVCRTD:gs_cookie.obj
 0004:00000010       ?_RTC_ErrorLevels@@3PAHA   10021010     MSVCRTD:error.obj
 0004:00000028       ___scrt_native_dllmain_reason 10021028     MSVCRTD:utility.obj
 0004:0000002c       ___isa_enabled             1002102c     MSVCRTD:cpu_disp.obj
 0004:00000030       ___scrt_ucrt_dll_is_in_use 10021030     MSVCRTD:ucrt_stubs.obj
 0004:00000138       ??_R0?AVbad_array_new_length@std@@@8 10021138     SelectionSort.obj
 0004:00000168       ??_R0?AVbad_alloc@std@@@8  10021168     SelectionSort.obj
 0004:0000018c       ??_R0?AVexception@std@@@8  1002118c     SelectionSort.obj
 0004:000001b0       ??_R0?AVtype_info@@@8      100211b0     MSVCRTD:std_type_info_static.obj
 0004:000002d0       ___@@_PchSym_@00@UdlipUzotlozyUzotloryUwvyftUkxsOlyq@4B2008FD98C1DD4 100212d0     pch.obj
 0004:000002e0       ?_OptionsStorage@?1??__local_stdio_printf_options@@9@4_KA 100212e0     MSVCRTD:error.obj
 0004:000006b8       ?__type_info_root_node@@3U__type_info_node@@A 100216b8     MSVCRTD:tncleanup.obj
 0004:000006c8       ?_OptionsStorage@?1??__local_stdio_scanf_options@@9@4_KA 100216c8     MSVCRTD:default_local_stdio_options.obj
 0004:000006d4       ___scrt_current_native_startup_state 100216d4     MSVCRTD:utility.obj
 0004:000006d8       ___scrt_native_startup_lock 100216d8     MSVCRTD:utility.obj
 0004:00000700       ___scrt_debugger_hook_flag 10021700     MSVCRTD:utility_desktop.obj
 0004:00000704       ___castguard_check_failure_os_handled_fptr 10021704     MSVCRTD:guard_support.obj
 0004:00000710       ___isa_available           10021710     MSVCRTD:cpu_disp.obj
 0004:00000714       ___favor                   10021714     MSVCRTD:cpu_disp.obj
 0004:0000071c       ___dyn_tls_init_callback   1002171c     <common>
 0004:00000728       ___DebuggerCurrentSteppingThreadId 10021728     <common>
 0005:00000000       __imp__GetSystemTimeAsFileTime@4 10022000     kernel32:KERNEL32.dll
 0005:00000004       __imp__IsDebuggerPresent@0 10022004     kernel32:KERNEL32.dll
 0005:00000008       __imp__RaiseException@16   10022008     kernel32:KERNEL32.dll
 0005:0000000c       __imp__GetProcAddress@8    1002200c     kernel32:KERNEL32.dll
 0005:00000010       __imp__FreeLibrary@4       10022010     kernel32:KERNEL32.dll
 0005:00000014       __imp__VirtualQuery@12     10022014     kernel32:KERNEL32.dll
 0005:00000018       __imp__GetProcessHeap@0    10022018     kernel32:KERNEL32.dll
 0005:0000001c       __imp__HeapFree@12         1002201c     kernel32:KERNEL32.dll
 0005:00000020       __imp__HeapAlloc@12        10022020     kernel32:KERNEL32.dll
 0005:00000024       __imp__GetLastError@0      10022024     kernel32:KERNEL32.dll
 0005:00000028       __imp__GetModuleHandleW@4  10022028     kernel32:KERNEL32.dll
 0005:0000002c       __imp__GetStartupInfoW@4   1002202c     kernel32:KERNEL32.dll
 0005:00000030       __imp__InitializeSListHead@4 10022030     kernel32:KERNEL32.dll
 0005:00000034       __imp__GetCurrentThreadId@0 10022034     kernel32:KERNEL32.dll
 0005:00000038       __imp__GetCurrentProcessId@0 10022038     kernel32:KERNEL32.dll
 0005:0000003c       __imp__QueryPerformanceCounter@4 1002203c     kernel32:KERNEL32.dll
 0005:00000040       __imp__IsProcessorFeaturePresent@4 10022040     kernel32:KERNEL32.dll
 0005:00000044       __imp__TerminateProcess@8  10022044     kernel32:KERNEL32.dll
 0005:00000048       __imp__GetCurrentProcess@0 10022048     kernel32:KERNEL32.dll
 0005:0000004c       __imp__SetUnhandledExceptionFilter@4 1002204c     kernel32:KERNEL32.dll
 0005:00000050       __imp__UnhandledExceptionFilter@4 10022050     kernel32:KERNEL32.dll
 0005:00000054       __imp__WideCharToMultiByte@32 10022054     kernel32:KERNEL32.dll
 0005:00000058       __imp__MultiByteToWideChar@24 10022058     kernel32:KERNEL32.dll
 0005:0000005c       \177KERNEL32_NULL_THUNK_DATA 1002205c     kernel32:KERNEL32.dll
 0005:00000098       __imp_??1_Lockit@std@@QAE@XZ 10022098     msvcprtd:MSVCP140D.dll
 0005:0000009c       __imp_?_Xlength_error@std@@YAXPBD@Z 1002209c     msvcprtd:MSVCP140D.dll
 0005:000000a0       __imp_??0_Lockit@std@@QAE@H@Z 100220a0     msvcprtd:MSVCP140D.dll
 0005:000000a4       \177MSVCP140D_NULL_THUNK_DATA 100220a4     msvcprtd:MSVCP140D.dll
 0005:000000d0       __imp____std_exception_destroy 100220d0     vcruntimed:VCRUNTIME140D.dll
 0005:000000d4       __imp___CxxThrowException@8 100220d4     vcruntimed:VCRUNTIME140D.dll
 0005:000000d8       __imp____CxxFrameHandler3  100220d8     vcruntimed:VCRUNTIME140D.dll
 0005:000000dc       __imp__memset              100220dc     vcruntimed:VCRUNTIME140D.dll
 0005:000000e0       __imp____std_type_info_destroy_list 100220e0     vcruntimed:VCRUNTIME140D.dll
 0005:000000e4       __imp____current_exception 100220e4     vcruntimed:VCRUNTIME140D.dll
 0005:000000e8       __imp____current_exception_context 100220e8     vcruntimed:VCRUNTIME140D.dll
 0005:000000ec       __imp___except_handler4_common 100220ec     vcruntimed:VCRUNTIME140D.dll
 0005:000000f0       __imp____vcrt_GetModuleFileNameW 100220f0     vcruntimed:VCRUNTIME140D.dll
 0005:000000f4       __imp____vcrt_GetModuleHandleW 100220f4     vcruntimed:VCRUNTIME140D.dll
 0005:000000f8       __imp____vcrt_LoadLibraryExW 100220f8     vcruntimed:VCRUNTIME140D.dll
 0005:000000fc       __imp____std_exception_copy 100220fc     vcruntimed:VCRUNTIME140D.dll
 0005:00000100       __imp__memmove             10022100     vcruntimed:VCRUNTIME140D.dll
 0005:00000104       \177VCRUNTIME140D_NULL_THUNK_DATA 10022104     vcruntimed:VCRUNTIME140D.dll
 0005:00000138       __imp___wsplitpath_s       10022138     ucrtd:ucrtbased.dll
 0005:0000013c       __imp__strcpy_s            1002213c     ucrtd:ucrtbased.dll
 0005:00000140       __imp___initterm_e         10022140     ucrtd:ucrtbased.dll
 0005:00000144       __imp___wmakepath_s        10022144     ucrtd:ucrtbased.dll
 0005:00000148       __imp__malloc              10022148     ucrtd:ucrtbased.dll
 0005:0000014c       __imp___callnewh           1002214c     ucrtd:ucrtbased.dll
 0005:00000150       __imp___CrtDbgReportW      10022150     ucrtd:ucrtbased.dll
 0005:00000154       __imp___CrtDbgReport       10022154     ucrtd:ucrtbased.dll
 0005:00000158       __imp___invalid_parameter  10022158     ucrtd:ucrtbased.dll
 0005:0000015c       __imp__wcscpy_s            1002215c     ucrtd:ucrtbased.dll
 0005:00000160       __imp__terminate           10022160     ucrtd:ucrtbased.dll
 0005:00000164       __imp___cexit              10022164     ucrtd:ucrtbased.dll
 0005:00000168       __imp___crt_at_quick_exit  10022168     ucrtd:ucrtbased.dll
 0005:0000016c       __imp___crt_atexit         1002216c     ucrtd:ucrtbased.dll
 0005:00000170       __imp___execute_onexit_table 10022170     ucrtd:ucrtbased.dll
 0005:00000174       __imp__strcat_s            10022174     ucrtd:ucrtbased.dll
 0005:00000178       __imp___initialize_onexit_table 10022178     ucrtd:ucrtbased.dll
 0005:0000017c       __imp___initialize_narrow_environment 1002217c     ucrtd:ucrtbased.dll
 0005:00000180       __imp___configure_narrow_argv 10022180     ucrtd:ucrtbased.dll
 0005:00000184       __imp___seh_filter_dll     10022184     ucrtd:ucrtbased.dll
 0005:00000188       __imp___free_dbg           10022188     ucrtd:ucrtbased.dll
 0005:0000018c       __imp___initterm           1002218c     ucrtd:ucrtbased.dll
 0005:00000190       __imp____stdio_common_vsprintf_s 10022190     ucrtd:ucrtbased.dll
 0005:00000194       __imp___register_onexit_function 10022194     ucrtd:ucrtbased.dll
 0005:00000198       \177ucrtbased_NULL_THUNK_DATA 10022198     ucrtd:ucrtbased.dll
 0005:000001d4       __IMPORT_DESCRIPTOR_MSVCP140D 100221d4     msvcprtd:MSVCP140D.dll
 0005:000001e8       __IMPORT_DESCRIPTOR_VCRUNTIME140D 100221e8     vcruntimed:VCRUNTIME140D.dll
 0005:000001fc       __IMPORT_DESCRIPTOR_ucrtbased 100221fc     ucrtd:ucrtbased.dll
 0005:00000210       __IMPORT_DESCRIPTOR_KERNEL32 10022210     kernel32:KERNEL32.dll
 0005:00000224       __NULL_IMPORT_DESCRIPTOR   10022224     msvcprtd:MSVCP140D.dll
 0007:00000000       ___guard_check_icall_fptr  10024000     MSVCRTD:guard_support.obj
 0007:00000004       ___guard_xfg_check_icall_fptr 10024004     MSVCRTD:guard_support.obj

 entry point at        0002:0000053c

 Static symbols

 0000:fffd9000       .debug$S                   10000000     AlgoLib.exp
 0000:fffdd000       __guard_fids___except_handler4 10000000     MSVCRTD:chandler4gs.obj
 0000:fffdd000       __guard_fids_?dllmain_dispatch@@YAHQAUHINSTANCE__@@KQAX@Z 10000000     MSVCRTD:dll_dllmain.obj
 0000:fffdd000       __guard_fids__             10000000     MSVCRTD:guard_support.obj
 0000:fffdd000       __guard_fids__             10000000     MSVCRTD:guard_support.obj
 0000:fffdd000       __guard_fids___guard_icall_checks_enforced 10000000     MSVCRTD:guard_support.obj
 0000:fffdd000       __guard_fids___CRT_RTC_INIT 10000000     MSVCRTD:init.obj
 0000:fffdd000       __guard_fids___CRT_RTC_INITW 10000000     MSVCRTD:init.obj
 0000:fffdd000       __guard_fids__             10000000     MSVCRTD:std_type_info_static.obj
 0000:fffdd000       __guard_fids__             10000000     MSVCRTD:throw_bad_alloc.obj
 0000:fffdd000       __guard_fids__             10000000     MSVCRTD:throw_bad_alloc.obj
 0000:fffdd000       __guard_fids__             10000000     MSVCRTD:throw_bad_alloc.obj
 0000:fffdd000       __guard_fids__             10000000     MSVCRTD:throw_bad_alloc.obj
 0000:fffdd000       __guard_fids__             10000000     MSVCRTD:throw_bad_alloc.obj
 0000:fffdd000       __guard_fids__             10000000     MSVCRTD:throw_bad_alloc.obj
 0000:fffdd000       __guard_fids__             10000000     MSVCRTD:throw_bad_alloc.obj
 0000:fffdd000       __guard_fids__             10000000     MSVCRTD:throw_bad_alloc.obj
 0000:fffdd000       __guard_fids____scrt_set_unhandled_exception_filter 10000000     MSVCRTD:utility_desktop.obj
 0000:fffd9000       .debug$S                   10000000     msvcprtd:MSVCP140D.dll
 0000:fffd9000       .debug$S                   10000000     msvcprtd:MSVCP140D.dll
 0000:fffd9000       .debug$S                   10000000     msvcprtd:MSVCP140D.dll
 0000:fffd9000       .debug$S                   10000000     vcruntimed:VCRUNTIME140D.dll
 0000:fffd9000       .debug$S                   10000000     vcruntimed:VCRUNTIME140D.dll
 0000:fffd9000       .debug$S                   10000000     vcruntimed:VCRUNTIME140D.dll
 0000:fffd9000       .debug$S                   10000000     vcruntimed:VCRUNTIME140D.dll
 0000:fffd9000       .debug$S                   10000000     vcruntimed:VCRUNTIME140D.dll
 0000:fffd9000       .debug$S                   10000000     vcruntimed:VCRUNTIME140D.dll
 0000:fffd9000       .debug$S                   10000000     vcruntimed:VCRUNTIME140D.dll
 0000:fffd9000       .debug$S                   10000000     vcruntimed:VCRUNTIME140D.dll
 0000:fffd9000       .debug$S                   10000000     vcruntimed:VCRUNTIME140D.dll
 0000:fffd9000       .debug$S                   10000000     vcruntimed:VCRUNTIME140D.dll
 0000:fffd9000       .debug$S                   10000000     vcruntimed:VCRUNTIME140D.dll
 0000:fffd9000       .debug$S                   10000000     vcruntimed:VCRUNTIME140D.dll
 0000:fffd9000       .debug$S                   10000000     vcruntimed:VCRUNTIME140D.dll
 0000:fffd9000       .debug$S                   10000000     ucrtd:ucrtbased.dll
 0000:fffd9000       .debug$S                   10000000     ucrtd:ucrtbased.dll
 0000:fffd9000       .debug$S                   10000000     ucrtd:ucrtbased.dll
 0000:fffd9000       .debug$S                   10000000     ucrtd:ucrtbased.dll
 0000:fffd9000       .debug$S                   10000000     ucrtd:ucrtbased.dll
 0000:fffd9000       .debug$S                   10000000     ucrtd:ucrtbased.dll
 0000:fffd9000       .debug$S                   10000000     ucrtd:ucrtbased.dll
 0000:fffd9000       .debug$S                   10000000     ucrtd:ucrtbased.dll
 0000:fffd9000       .debug$S                   10000000     ucrtd:ucrtbased.dll
 0000:fffd9000       .debug$S                   10000000     ucrtd:ucrtbased.dll
 0000:fffd9000       .debug$S                   10000000     ucrtd:ucrtbased.dll
 0000:fffd9000       .debug$S                   10000000     ucrtd:ucrtbased.dll
 0000:fffd9000       .debug$S                   10000000     ucrtd:ucrtbased.dll
 0000:fffd9000       .debug$S                   10000000     ucrtd:ucrtbased.dll
 0000:fffd9000       .debug$S                   10000000     ucrtd:ucrtbased.dll
 0000:fffd9000       .debug$S                   10000000     ucrtd:ucrtbased.dll
 0000:fffd9000       .debug$S                   10000000     ucrtd:ucrtbased.dll
 0000:fffd9000       .debug$S                   10000000     ucrtd:ucrtbased.dll
 0000:fffd9000       .debug$S                   10000000     ucrtd:ucrtbased.dll
 0000:fffd9000       .debug$S                   10000000     ucrtd:ucrtbased.dll
 0000:fffd9000       .debug$S                   10000000     ucrtd:ucrtbased.dll
 0000:fffd9000       .debug$S                   10000000     ucrtd:ucrtbased.dll
 0000:fffd9000       .debug$S                   10000000     ucrtd:ucrtbased.dll
 0000:fffd9000       .debug$S                   10000000     ucrtd:ucrtbased.dll
 0000:fffd9000       .debug$S                   10000000     kernel32:KERNEL32.dll
 0000:fffd9000       .debug$S                   10000000     kernel32:KERNEL32.dll
 0000:fffd9000       .debug$S                   10000000     kernel32:KERNEL32.dll
 0000:fffd9000       .debug$S                   10000000     kernel32:KERNEL32.dll
 0000:fffd9000       .debug$S                   10000000     kernel32:KERNEL32.dll
 0000:fffd9000       .debug$S                   10000000     kernel32:KERNEL32.dll
 0000:fffd9000       .debug$S                   10000000     kernel32:KERNEL32.dll
 0000:fffd9000       .debug$S                   10000000     kernel32:KERNEL32.dll
 0000:fffd9000       .debug$S                   10000000     kernel32:KERNEL32.dll
 0000:fffd9000       .debug$S                   10000000     kernel32:KERNEL32.dll
 0000:fffd9000       .debug$S                   10000000     kernel32:KERNEL32.dll
 0000:fffd9000       .debug$S                   10000000     kernel32:KERNEL32.dll
 0000:fffd9000       .debug$S                   10000000     kernel32:KERNEL32.dll
 0000:fffd9000       .debug$S                   10000000     kernel32:KERNEL32.dll
 0000:fffd9000       .debug$S                   10000000     kernel32:KERNEL32.dll
 0000:fffd9000       .debug$S                   10000000     kernel32:KERNEL32.dll
 0000:fffd9000       .debug$S                   10000000     kernel32:KERNEL32.dll
 0000:fffd9000       .debug$S                   10000000     kernel32:KERNEL32.dll
 0000:fffd9000       .debug$S                   10000000     kernel32:KERNEL32.dll
 0000:fffd9000       .debug$S                   10000000     kernel32:KERNEL32.dll
 0000:fffd9000       .debug$S                   10000000     kernel32:KERNEL32.dll
 0000:fffd9000       .debug$S                   10000000     kernel32:KERNEL32.dll
 0000:fffd9000       .debug$S                   10000000     kernel32:KERNEL32.dll
 0002:00001a52       __catch$??$_Emplace_reallocate@ABH@?$vector@HV?$allocator@H@std@@@std@@QAEPAHQAHABH@Z$0 10012a52 f i SelectionSort.obj
 0002:00002ea0       $LN5                       10013ea0     SelectionSort.obj
 0002:00002ea8       $LN4                       10013ea8     SelectionSort.obj
 0002:00002eb4       $LN3                       10013eb4     SelectionSort.obj
 0002:00002f84       $LN5                       10013f84     SelectionSort.obj
 0002:00002f8c       $LN4                       10013f8c     SelectionSort.obj
 0002:00002f98       $LN3                       10013f98     SelectionSort.obj
 0002:000032c0       $LN8                       100142c0     SelectionSort.obj
 0002:000032c8       $LN7                       100142c8     SelectionSort.obj
 0002:000032d4       $LN6                       100142d4     SelectionSort.obj
 0002:00003b60       $LN23                      10014b60     SelectionSort.obj
 0002:00003b68       $LN22                      10014b68     SelectionSort.obj
 0002:00003b8c       $LN20                      10014b8c     SelectionSort.obj
 0002:00003b8f       $LN19                      10014b8f     SelectionSort.obj
 0002:00003b98       $LN18                      10014b98     SelectionSort.obj
 0002:00003f0c       $LN9                       10014f0c     SelectionSort.obj
 0002:00003f14       $LN8                       10014f14     SelectionSort.obj
 0002:00003f2c       $LN7                       10014f2c     SelectionSort.obj
 0002:00003f32       $LN6                       10014f32     SelectionSort.obj
 0002:00004670       $LN9                       10015670     SelectionSort.obj
 0002:00004678       $LN8                       10015678     SelectionSort.obj
 0002:00004684       $LN7                       10015684     SelectionSort.obj
 0002:000048f4       $LN11                      100158f4     SelectionSort.obj
 0002:000048fc       $LN10                      100158fc     SelectionSort.obj
 0002:00004908       $LN9                       10015908     SelectionSort.obj
 0002:00004a1c       $LN7                       10015a1c     SelectionSort.obj
 0002:00004a24       $LN6                       10015a24     SelectionSort.obj
 0002:00004a30       $LN5                       10015a30     SelectionSort.obj
 0002:00005c90       ?dllmain_crt_dispatch@@YGHQAUHINSTANCE__@@KQAX@Z 10016c90 f   MSVCRTD:dll_dllmain.obj
 0002:00005cfc       $LN11                      10016cfc     MSVCRTD:dll_dllmain.obj
 0002:00005d30       ?dllmain_crt_process_attach@@YAHQAUHINSTANCE__@@QAX@Z 10016d30 f   MSVCRTD:dll_dllmain.obj
 0002:00005f00       ?dllmain_crt_process_detach@@YAH_N@Z 10016f00 f   MSVCRTD:dll_dllmain.obj
 0002:00006040       ?dllmain_dispatch@@YAHQAUHINSTANCE__@@KQAX@Z 10017040 f   MSVCRTD:dll_dllmain.obj
 0002:00006230       ?dllmain_raw@@YGHQAUHINSTANCE__@@KQAX@Z 10017230 f   MSVCRTD:dll_dllmain.obj
 0002:000062e0       ?DebuggerProbe@@YA_NK@Z    100172e0 f   MSVCRTD:error.obj
 0002:00006330       ?DebuggerRuntime@@YA_NKHPAXPB_W@Z 10017330 f   MSVCRTD:error.obj
 0002:00006600       ?_getMemBlockDataString@@YAXPAD0PBDI@Z 10017600 f   MSVCRTD:error.obj
 0002:00006690       ?_strlen_priv@@YAIPBD@Z    10017690 f   MSVCRTD:error.obj
 0002:000066b0       ?failwithmessage@@YAXPAXHHPBD@Z 100176b0 f   MSVCRTD:error.obj
 0002:00006930       ?notify_debugger@@YAXABUtagEXCEPTION_VISUALCPP_DEBUG_INFO@@@Z 10017930 f   MSVCRTD:error.obj
 0002:000070e0       ___get_entropy             100180e0 f   MSVCRTD:gs_support.obj
 0002:000072d0       ?find_pe_section@@YAPAU_IMAGE_SECTION_HEADER@@QAEI@Z 100182d0 f   MSVCRTD:utility.obj
 0002:00007390       ?is_potentially_valid_image_base@@YA_NQAX@Z 10018390 f   MSVCRTD:utility.obj
 0002:00008020       ___castguard_compat_check  10019020 f   MSVCRTD:guard_support.obj
 0002:00008180       ___castguard_slow_path_compat_check 10019180 f   MSVCRTD:guard_support.obj
 0002:00008210       ?GetPdbDll@@YAPAUHINSTANCE__@@XZ 10019210 f   MSVCRTD:pdblkup.obj
 0002:000083a0       ?GetPdbDllFromInstallPath@@YAPAUHINSTANCE__@@XZ 100193a0 f   MSVCRTD:pdblkup.obj
 0002:00008690       ?GetPdbDllPathFromFilePath@@YAHPB_WPA_WI@Z 10019690 f   MSVCRTD:pdblkup.obj
 0002:0000a9b0       __ehhandler$??$_Deallocate@$07$0A@@std@@YAXPAXI@Z 1001b9b0 f   SelectionSort.obj
 0002:0000a9e0       __ehhandler$??$_Deallocate_plain@V?$allocator@U_Container_proxy@std@@@std@@@std@@YAXAAV?$allocator@U_Container_proxy@std@@@0@QAU_Container_proxy@0@@Z 1001b9e0 f   SelectionSort.obj
 0002:0000aa10       __ehhandler$??$_Emplace_reallocate@ABH@?$vector@HV?$allocator@H@std@@@std@@QAEPAHQAHABH@Z 1001ba10 f   SelectionSort.obj
 0002:0000aa40       __ehhandler$??0?$vector@HV?$allocator@H@std@@@std@@QAE@$$QAV01@@Z 1001ba40 f   SelectionSort.obj
 0002:0000aa70       __ehhandler$??0?$vector@HV?$allocator@H@std@@@std@@QAE@XZ 1001ba70 f   SelectionSort.obj
 0002:0000aaa0       __unwindfunclet$?Sort@SelectionSort@@QAE?AV?$vector@HV?$allocator@H@std@@@std@@V23@@Z$0 1001baa0 f   SelectionSort.obj
 0002:0000aaa8       __unwindfunclet$?Sort@SelectionSort@@QAE?AV?$vector@HV?$allocator@H@std@@@std@@V23@@Z$1 1001baa8 f   SelectionSort.obj
 0002:0000aab0       __unwindfunclet$?Sort@SelectionSort@@QAE?AV?$vector@HV?$allocator@H@std@@@std@@V23@@Z$2 1001bab0 f   SelectionSort.obj
 0002:0000aab8       __unwindfunclet$?Sort@SelectionSort@@QAE?AV?$vector@HV?$allocator@H@std@@@std@@V23@@Z$3 1001bab8 f   SelectionSort.obj
 0002:0000aac5       __ehhandler$?Sort@SelectionSort@@QAE?AV?$vector@HV?$allocator@H@std@@@std@@V23@@Z 1001bac5 f   SelectionSort.obj
 0002:0000ab10       __ehhandler$?_Tidy@?$vector@HV?$allocator@H@std@@@std@@AAEXXZ 1001bb10 f   SelectionSort.obj
 0002:0000ab40       __ehhandler$?erase@?$vector@HV?$allocator@H@std@@@std@@QAE?AV?$_Vector_iterator@V?$_Vector_val@U?$_Simple_types@H@std@@@std@@@2@V?$_Vector_const_iterator@V?$_Vector_val@U?$_Simple_types@H@std@@@std@@@2@@Z 1001bb40 f   SelectionSort.obj
 0003:00001468       ?_RTC_ErrorMessages@@3QBQBDB 1001e468     MSVCRTD:error.obj
 0003:00001480       ?_RTC_NoFalsePositives@@3QBHB 1001e480     MSVCRTD:error.obj
 0003:00001498       ?stack_premsg@@3QBDB       1001e498     MSVCRTD:error.obj
 0003:000014b4       ?stack_postmsg@@3QBDB      1001e4b4     MSVCRTD:error.obj
 0003:000014c8       ?uninit_premsg@@3QBDB      1001e4c8     MSVCRTD:error.obj
 0003:000014d8       ?uninit_postmsg@@3QBDB     1001e4d8     MSVCRTD:error.obj
 0003:00001b28       ?_RTC_errlist@@3QBQBDB     1001eb28     MSVCRTD:userapi.obj
 0003:00001c20       _GS_ExceptionPointers      1001ec20     MSVCRTD:gs_report.obj
 0003:00001c2c       ?mspdbName@@3QB_WB         1001ec2c     MSVCRTD:pdblkup.obj
 0003:00001c50       ?debugCrtFileName@@3QB_WB  1001ec50     MSVCRTD:pdblkup.obj
 0003:00001de0       ?dllExt@?1??GetPdbDllPathFromFilePath@@YAHPB_WPA_WI@Z@4QB_WB 1001ede0     MSVCRTD:pdblkup.obj
 0003:00001dec       ?mspdbFilename@?1??GetPdbDllPathFromFilePath@@YAHPB_WPA_WI@Z@4QB_WB 1001edec     MSVCRTD:pdblkup.obj
 0003:000027a0       __RTC_InitBase.rtc$IMZ     1001f7a0     BinarySearch.obj
 0003:000027a4       __RTC_InitBase.rtc$IMZ     1001f7a4     Complexity.obj
 0003:000027a8       __RTC_InitBase.rtc$IMZ     1001f7a8     dllmain.obj
 0003:000027ac       __RTC_InitBase.rtc$IMZ     1001f7ac     InsertionSort.obj
 0003:000027b0       __RTC_InitBase.rtc$IMZ     1001f7b0     SelectionSort.obj
 0003:000027b4       __RTC_InitBase.rtc$IMZ     1001f7b4     SequentialSearch.obj
 0003:00002ac4       __RTC_Shutdown.rtc$TMZ     1001fac4     BinarySearch.obj
 0003:00002ac8       __RTC_Shutdown.rtc$TMZ     1001fac8     Complexity.obj
 0003:00002acc       __RTC_Shutdown.rtc$TMZ     1001facc     dllmain.obj
 0003:00002ad0       __RTC_Shutdown.rtc$TMZ     1001fad0     InsertionSort.obj
 0003:00002ad4       __RTC_Shutdown.rtc$TMZ     1001fad4     SelectionSort.obj
 0003:00002ad8       __RTC_Shutdown.rtc$TMZ     1001fad8     SequentialSearch.obj
 0003:00002ce8       __unwindtable$?Sort@SelectionSort@@QAE?AV?$vector@HV?$allocator@H@std@@@std@@V23@@Z 1001fce8     SelectionSort.obj
 0003:00002d08       __ehfuncinfo$?Sort@SelectionSort@@QAE?AV?$vector@HV?$allocator@H@std@@@std@@V23@@Z 1001fd08     SelectionSort.obj
 0003:00002d34       __ehfuncinfo$??0?$vector@HV?$allocator@H@std@@@std@@QAE@XZ 1001fd34     SelectionSort.obj
 0003:00002d5c       __ehfuncinfo$??0?$vector@HV?$allocator@H@std@@@std@@QAE@$$QAV01@@Z 1001fd5c     SelectionSort.obj
 0003:00002d84       __ehfuncinfo$?erase@?$vector@HV?$allocator@H@std@@@std@@QAE?AV?$_Vector_iterator@V?$_Vector_val@U?$_Simple_types@H@std@@@std@@@2@V?$_Vector_const_iterator@V?$_Vector_val@U?$_Simple_types@H@std@@@std@@@2@@Z 1001fd84     SelectionSort.obj
 0003:00002dac       __ehfuncinfo$?_Tidy@?$vector@HV?$allocator@H@std@@@std@@AAEXXZ 1001fdac     SelectionSort.obj
 0003:00002dd4       __catchsym$??$_Emplace_reallocate@ABH@?$vector@HV?$allocator@H@std@@@std@@QAEPAHQAHABH@Z$2 1001fdd4     SelectionSort.obj
 0003:00002de4       __unwindtable$??$_Emplace_reallocate@ABH@?$vector@HV?$allocator@H@std@@@std@@QAEPAHQAHABH@Z 1001fde4     SelectionSort.obj
 0003:00002df4       __tryblocktable$??$_Emplace_reallocate@ABH@?$vector@HV?$allocator@H@std@@@std@@QAEPAHQAHABH@Z 1001fdf4     SelectionSort.obj
 0003:00002e08       __ehfuncinfo$??$_Emplace_reallocate@ABH@?$vector@HV?$allocator@H@std@@@std@@QAEPAHQAHABH@Z 1001fe08     SelectionSort.obj
 0003:00002e34       __ehfuncinfo$??$_Deallocate@$07$0A@@std@@YAXPAXI@Z 1001fe34     SelectionSort.obj
 0003:00002e5c       __ehfuncinfo$??$_Deallocate_plain@V?$allocator@U_Container_proxy@std@@@std@@@std@@YAXAAV?$allocator@U_Container_proxy@std@@@0@QAU_Container_proxy@0@@Z 1001fe5c     SelectionSort.obj
 0003:00002f10       __sehtable$?dllmain_crt_process_attach@@YAHQAUHINSTANCE__@@QAX@Z 1001ff10     MSVCRTD:dll_dllmain.obj
 0003:00002f30       __sehtable$?dllmain_crt_process_detach@@YAH_N@Z 1001ff30     MSVCRTD:dll_dllmain.obj
 0003:00002f60       __sehtable$?dllmain_dispatch@@YAHQAUHINSTANCE__@@KQAX@Z 1001ff60     MSVCRTD:dll_dllmain.obj
 0003:00002f80       __sehtable$?notify_debugger@@YAXABUtagEXCEPTION_VISUALCPP_DEBUG_INFO@@@Z 1001ff80     MSVCRTD:error.obj
 0003:00002fc8       __sehtable$___scrt_is_nonwritable_in_current_image 1001ffc8     MSVCRTD:utility.obj
 0003:00003140       .edata                     10020140     AlgoLib.exp
 0003:00003168       rgpv                       10020168     AlgoLib.exp
 0003:00003198       rgszName                   10020198     AlgoLib.exp
 0003:000031c8       rgwOrd                     100201c8     AlgoLib.exp
 0003:000031e0       szName                     100201e0     AlgoLib.exp
 0003:000031ec       $N00001                    100201ec     AlgoLib.exp
 0003:0000320f       $N00002                    1002020f     AlgoLib.exp
 0003:00003230       $N00003                    10020230     AlgoLib.exp
 0003:00003251       $N00004                    10020251     AlgoLib.exp
 0003:00003270       $N00005                    10020270     AlgoLib.exp
 0003:00003297       $N00006                    10020297     AlgoLib.exp
 0003:000032bc       $N00007                    100202bc     AlgoLib.exp
 0003:000032de       $N00008                    100202de     AlgoLib.exp
 0003:00003304       $N00009                    10020304     AlgoLib.exp
 0003:00003324       $N00010                    10020324     AlgoLib.exp
 0003:0000336a       $N00011                    1002036a     AlgoLib.exp
 0003:00003385       $N00012                    10020385     AlgoLib.exp
 0004:000002d4       ?init@?1??_RTC_InitBase@@9@4_NA 100212d4     MSVCRTD:init.obj
 0004:000002d8       ?__proc_attached@@3HA      100212d8     MSVCRTD:dll_dllmain.obj
 0004:000002ec       ?_RTC_ErrorReportFunc@@3P6AHHPBDH00ZZA 100212ec     MSVCRTD:userapi.obj
 0004:000002f0       ?_RTC_ErrorReportFuncW@@3P6AHHPB_WH00ZZA 100212f0     MSVCRTD:userapi.obj
 0004:000002f8       _GS_ExceptionRecord        100212f8     MSVCRTD:gs_report.obj
 0004:00000348       _GS_ContextRecord          10021348     MSVCRTD:gs_report.obj
 0004:000006dc       ?is_initialized_as_dll@@3_NA 100216dc     MSVCRTD:utility.obj
 0004:000006dd       ?module_local_atexit_table_initialized@@3_NA 100216dd     MSVCRTD:utility.obj
 0004:000006e0       ?module_local_atexit_table@@3U_onexit_table_t@@A 100216e0     MSVCRTD:utility.obj
 0004:000006ec       ?module_local_at_quick_exit_table@@3U_onexit_table_t@@A 100216ec     MSVCRTD:utility.obj
 0004:00000708       ?mspdb@@3PAUHINSTANCE__@@A 10021708     MSVCRTD:pdblkup.obj
 0004:0000070c       ?alreadyTried@?1??GetPdbDll@@YAPAUHINSTANCE__@@XZ@4_NA 1002170c     MSVCRTD:pdblkup.obj
 0004:0000070d       ?PDBOK@?1??_RTC_GetSrcLine@@YAHPAEPA_WKPAH1K@Z@4_NA 1002170d     MSVCRTD:pdblkup.obj
 0005:00000460       .idata$6                   10022460     msvcprtd:MSVCP140D.dll
 0005:0000059c       .idata$6                   1002259c     vcruntimed:VCRUNTIME140D.dll
 0005:0000075a       .idata$6                   1002275a     ucrtd:ucrtbased.dll
 0005:0000093e       .idata$6                   1002293e     kernel32:KERNEL32.dll
 0006:00000000       __3C1A1960_pch@h           10023000     BinarySearch.obj
 0006:00000001       __B6E56699_AlgoLib@pch     10023001     BinarySearch.obj
 0006:00000002       __012EB5D3_BinarySearch@cpp 10023002     BinarySearch.obj
 0006:00000003       __5CC3BFAF_BinarySearch@h  10023003     BinarySearch.obj
 0006:00000004       __3C1A1960_pch@h           10023004     Complexity.obj
 0006:00000005       __B6E56699_AlgoLib@pch     10023005     Complexity.obj
 0006:00000006       __1F547901_Complexity@cpp  10023006     Complexity.obj
 0006:00000007       __D3528365_Complexity@h    10023007     Complexity.obj
 0006:00000008       __3C1A1960_pch@h           10023008     dllmain.obj
 0006:00000009       __B6E56699_AlgoLib@pch     10023009     dllmain.obj
 0006:0000000a       __8B2C5EB3_dllmain@cpp     1002300a     dllmain.obj
 0006:0000000b       __3C1A1960_pch@h           1002300b     InsertionSort.obj
 0006:0000000c       __B6E56699_AlgoLib@pch     1002300c     InsertionSort.obj
 0006:0000000d       __6F107C5C_InsertionSort@cpp 1002300d     InsertionSort.obj
 0006:0000000e       __B6E56699_AlgoLib@pch     1002300e     pch.obj
 0006:0000000f       __7242C389_ctype@h         1002300f     pch.obj
 0006:00000010       __90A1F774_basetsd@h       10023010     pch.obj
 0006:00000011       __367CC694_corecrt_memcpy_s@h 10023011     pch.obj
 0006:00000012       __35D7DDB3_corecrt_memory@h 10023012     pch.obj
 0006:00000013       __DC9673E3_corecrt_wstring@h 10023013     pch.obj
 0006:00000014       __A29A7DFB_string@h        10023014     pch.obj
 0006:00000015       __3C23D660_guiddef@h       10023015     pch.obj
 0006:00000016       __AF541008_winnt@h         10023016     pch.obj
 0006:00000017       __0D001789_processthreadsapi@h 10023017     pch.obj
 0006:00000018       __F972325D_memoryapi@h     10023018     pch.obj
 0006:00000019       __76CD430D_winerror@h      10023019     pch.obj
 0006:0000001a       __737D49DB_winbase@h       1002301a     pch.obj
 0006:0000001b       __1B9502AC_winuser@h       1002301b     pch.obj
 0006:0000001c       __0396F1A5_stralign@h      1002301c     pch.obj
 0006:00000020       __3C1A1960_pch@h           10023020     SelectionSort.obj
 0006:00000021       __B6E56699_AlgoLib@pch     10023021     SelectionSort.obj
 0006:00000022       __6CF96053_xstddef         10023022     SelectionSort.obj
 0006:00000023       __9BE6F741_utility         10023023     SelectionSort.obj
 0006:00000024       __9B902D3A_vector          10023024     SelectionSort.obj
 0006:00000025       __69CD3248_SelectionSort@cpp 10023025     SelectionSort.obj
 0006:00000026       __F1739482_xmemory         10023026     SelectionSort.obj
 0006:00000027       __F4CD6065_xutility        10023027     SelectionSort.obj
 0006:00000028       __8B12B611_exception       10023028     SelectionSort.obj
 0006:00000029       __49CBC5C5_vcruntime_exception@h 10023029     SelectionSort.obj
 0006:0000002a       __B0C4CEA9_malloc@h        1002302a     SelectionSort.obj
 0006:0000002b       __2D26A21E_type_traits     1002302b     SelectionSort.obj
 0006:0000002c       __D63D5DDA_limits          1002302c     SelectionSort.obj
 0006:0000002d       __534C724A_wchar@h         1002302d     SelectionSort.obj
 0006:0000002e       __186FF47F_stat@h          1002302e     SelectionSort.obj
 0006:0000002f       __45F4AF76_corecrt_wtime@h 1002302f     SelectionSort.obj
 0006:00000030       __4442441F_corecrt_wio@h   10023030     SelectionSort.obj
 0006:00000031       __5467428D_corecrt_wconio@h 10023031     SelectionSort.obj
 0006:00000032       __AD6A91B7_stdio@h         10023032     SelectionSort.obj
 0006:00000033       __101834BA_corecrt_wstdio@h 10023033     SelectionSort.obj
 0006:00000034       __F66CEB67_corecrt_stdio_config@h 10023034     SelectionSort.obj
 0006:00000035       __ACEB72CA_cstdlib         10023035     SelectionSort.obj
 0006:00000036       __24E9E95F_stdlib@h        10023036     SelectionSort.obj
 0006:00000037       __09340588_corecrt_math@h  10023037     SelectionSort.obj
 0006:00000038       __2B31710D_vcruntime_new@h 10023038     SelectionSort.obj
 0006:0000003e       __3C1A1960_pch@h           1002303e     SequentialSearch.obj
 0006:0000003f       __B6E56699_AlgoLib@pch     1002303f     SequentialSearch.obj
 0006:00000040       __508B2CFC_SequentialSearch@cpp 10023040     SequentialSearch.obj
 0006:00000041       __74FD2065_SequentialSearch@h 10023041     SequentialSearch.obj
 0008:00000170       $R000000                   10025170     * linker generated manifest res *
